<?xml version="1.0" encoding="ISO-8859-1" ?>
<link_info>
   <banner>TI ARM Linker Unix v18.12.4.LTS</banner>
   <copyright>Copyright (c) 1996-2018 Texas Instruments Incorporated</copyright>
   <link_time>0x5f6e6158</link_time>
   <link_errors>0x0</link_errors>
   <output_file>bmx_fall_2020.out</output_file>
   <entry_point>
      <name>_c_int00_noargs</name>
      <address>0x3315</address>
   </entry_point>
   <input_file_list>
      <input_file id="fl-1">
         <path>./</path>
         <kind>object</kind>
         <file>main.obj</file>
         <name>main.obj</name>
      </input_file>
      <input_file id="fl-2">
         <path>./</path>
         <kind>object</kind>
         <file>tm4c123gh6pm_startup_ccs.obj</file>
         <name>tm4c123gh6pm_startup_ccs.obj</name>
      </input_file>
      <input_file id="fl-3">
         <path>./drivers/lsm9ds1/</path>
         <kind>object</kind>
         <file>lsm9ds1.obj</file>
         <name>lsm9ds1.obj</name>
      </input_file>
      <input_file id="fl-4">
         <path>./libraries/bmx_adc/</path>
         <kind>object</kind>
         <file>adcInit.obj</file>
         <name>adcInit.obj</name>
      </input_file>
      <input_file id="fl-5">
         <path>./libraries/bmx_bluetooth/</path>
         <kind>object</kind>
         <file>bmx_bluetooth.obj</file>
         <name>bmx_bluetooth.obj</name>
      </input_file>
      <input_file id="fl-6">
         <path>./libraries/bmx_encoder/</path>
         <kind>object</kind>
         <file>bmx_encoder.obj</file>
         <name>bmx_encoder.obj</name>
      </input_file>
      <input_file id="fl-7">
         <path>./libraries/bmx_esc/</path>
         <kind>object</kind>
         <file>bmx_esc.obj</file>
         <name>bmx_esc.obj</name>
      </input_file>
      <input_file id="fl-8">
         <path>./libraries/bmx_imu/</path>
         <kind>object</kind>
         <file>i2c.obj</file>
         <name>i2c.obj</name>
      </input_file>
      <input_file id="fl-9">
         <path>./libraries/bmx_util/</path>
         <kind>object</kind>
         <file>bmx_utilities.obj</file>
         <name>bmx_utilities.obj</name>
      </input_file>
      <input_file id="fl-a">
         <path>./libraries/bmx_util/</path>
         <kind>object</kind>
         <file>delay.obj</file>
         <name>delay.obj</name>
      </input_file>
      <input_file id="fl-b">
         <path>./libraries/uartsdio/</path>
         <kind>object</kind>
         <file>uartstdio.obj</file>
         <name>uartstdio.obj</name>
      </input_file>
      <input_file id="fl-10">
         <kind>object</kind>
         <file>&lt;internal&gt;</file>
         <name>&lt;internal&gt;</name>
      </input_file>
      <input_file id="fl-11">
         <path>/home/alealfaro/Embedded/tivaware/driverlib/ccs/Debug/</path>
         <kind>archive</kind>
         <file>driverlib.lib</file>
         <name>adc.obj</name>
      </input_file>
      <input_file id="fl-12">
         <path>/home/alealfaro/Embedded/tivaware/driverlib/ccs/Debug/</path>
         <kind>archive</kind>
         <file>driverlib.lib</file>
         <name>fpu.obj</name>
      </input_file>
      <input_file id="fl-13">
         <path>/home/alealfaro/Embedded/tivaware/driverlib/ccs/Debug/</path>
         <kind>archive</kind>
         <file>driverlib.lib</file>
         <name>gpio.obj</name>
      </input_file>
      <input_file id="fl-14">
         <path>/home/alealfaro/Embedded/tivaware/driverlib/ccs/Debug/</path>
         <kind>archive</kind>
         <file>driverlib.lib</file>
         <name>i2c.obj</name>
      </input_file>
      <input_file id="fl-15">
         <path>/home/alealfaro/Embedded/tivaware/driverlib/ccs/Debug/</path>
         <kind>archive</kind>
         <file>driverlib.lib</file>
         <name>interrupt.obj</name>
      </input_file>
      <input_file id="fl-16">
         <path>/home/alealfaro/Embedded/tivaware/driverlib/ccs/Debug/</path>
         <kind>archive</kind>
         <file>driverlib.lib</file>
         <name>pwm.obj</name>
      </input_file>
      <input_file id="fl-17">
         <path>/home/alealfaro/Embedded/tivaware/driverlib/ccs/Debug/</path>
         <kind>archive</kind>
         <file>driverlib.lib</file>
         <name>qei.obj</name>
      </input_file>
      <input_file id="fl-18">
         <path>/home/alealfaro/Embedded/tivaware/driverlib/ccs/Debug/</path>
         <kind>archive</kind>
         <file>driverlib.lib</file>
         <name>sysctl.obj</name>
      </input_file>
      <input_file id="fl-19">
         <path>/home/alealfaro/Embedded/tivaware/driverlib/ccs/Debug/</path>
         <kind>archive</kind>
         <file>driverlib.lib</file>
         <name>timer.obj</name>
      </input_file>
      <input_file id="fl-1a">
         <path>/home/alealfaro/Embedded/tivaware/driverlib/ccs/Debug/</path>
         <kind>archive</kind>
         <file>driverlib.lib</file>
         <name>uart.obj</name>
      </input_file>
      <input_file id="fl-1b">
         <path>/home/alealfaro/Embedded/tivaware/driverlib/ccs/Debug/</path>
         <kind>archive</kind>
         <file>driverlib.lib</file>
         <name>cpu.obj</name>
      </input_file>
      <input_file id="fl-d1">
         <path>/home/alealfaro/ti/ccs930/ccs/tools/compiler/ti-cgt-arm_18.12.4.LTS/lib/</path>
         <kind>archive</kind>
         <file>rtsv7M4_T_le_v4SPD16_eabi.lib</file>
         <name>e_atan2.c.obj</name>
      </input_file>
      <input_file id="fl-d2">
         <path>/home/alealfaro/ti/ccs930/ccs/tools/compiler/ti-cgt-arm_18.12.4.LTS/lib/</path>
         <kind>archive</kind>
         <file>rtsv7M4_T_le_v4SPD16_eabi.lib</file>
         <name>e_pow.c.obj</name>
      </input_file>
      <input_file id="fl-d3">
         <path>/home/alealfaro/ti/ccs930/ccs/tools/compiler/ti-cgt-arm_18.12.4.LTS/lib/</path>
         <kind>archive</kind>
         <file>rtsv7M4_T_le_v4SPD16_eabi.lib</file>
         <name>e_sqrt.c.obj</name>
      </input_file>
      <input_file id="fl-d4">
         <path>/home/alealfaro/ti/ccs930/ccs/tools/compiler/ti-cgt-arm_18.12.4.LTS/lib/</path>
         <kind>archive</kind>
         <file>rtsv7M4_T_le_v4SPD16_eabi.lib</file>
         <name>s_atan.c.obj</name>
      </input_file>
      <input_file id="fl-d5">
         <path>/home/alealfaro/ti/ccs930/ccs/tools/compiler/ti-cgt-arm_18.12.4.LTS/lib/</path>
         <kind>archive</kind>
         <file>rtsv7M4_T_le_v4SPD16_eabi.lib</file>
         <name>s_scalbn.c.obj</name>
      </input_file>
      <input_file id="fl-d6">
         <path>/home/alealfaro/ti/ccs930/ccs/tools/compiler/ti-cgt-arm_18.12.4.LTS/lib/</path>
         <kind>archive</kind>
         <file>rtsv7M4_T_le_v4SPD16_eabi.lib</file>
         <name>fd_add_t2.asm.obj</name>
      </input_file>
      <input_file id="fl-d7">
         <path>/home/alealfaro/ti/ccs930/ccs/tools/compiler/ti-cgt-arm_18.12.4.LTS/lib/</path>
         <kind>archive</kind>
         <file>rtsv7M4_T_le_v4SPD16_eabi.lib</file>
         <name>fd_cmp_t2.asm.obj</name>
      </input_file>
      <input_file id="fl-d8">
         <path>/home/alealfaro/ti/ccs930/ccs/tools/compiler/ti-cgt-arm_18.12.4.LTS/lib/</path>
         <kind>archive</kind>
         <file>rtsv7M4_T_le_v4SPD16_eabi.lib</file>
         <name>fd_div_t2.asm.obj</name>
      </input_file>
      <input_file id="fl-d9">
         <path>/home/alealfaro/ti/ccs930/ccs/tools/compiler/ti-cgt-arm_18.12.4.LTS/lib/</path>
         <kind>archive</kind>
         <file>rtsv7M4_T_le_v4SPD16_eabi.lib</file>
         <name>fd_mul_t2.asm.obj</name>
      </input_file>
      <input_file id="fl-da">
         <path>/home/alealfaro/ti/ccs930/ccs/tools/compiler/ti-cgt-arm_18.12.4.LTS/lib/</path>
         <kind>archive</kind>
         <file>rtsv7M4_T_le_v4SPD16_eabi.lib</file>
         <name>fd_toi_t2.asm.obj</name>
      </input_file>
      <input_file id="fl-db">
         <path>/home/alealfaro/ti/ccs930/ccs/tools/compiler/ti-cgt-arm_18.12.4.LTS/lib/</path>
         <kind>archive</kind>
         <file>rtsv7M4_T_le_v4SPD16_eabi.lib</file>
         <name>fd_tos_t2.asm.obj</name>
      </input_file>
      <input_file id="fl-dc">
         <path>/home/alealfaro/ti/ccs930/ccs/tools/compiler/ti-cgt-arm_18.12.4.LTS/lib/</path>
         <kind>archive</kind>
         <file>rtsv7M4_T_le_v4SPD16_eabi.lib</file>
         <name>fs_tod_t2.asm.obj</name>
      </input_file>
      <input_file id="fl-dd">
         <path>/home/alealfaro/ti/ccs930/ccs/tools/compiler/ti-cgt-arm_18.12.4.LTS/lib/</path>
         <kind>archive</kind>
         <file>rtsv7M4_T_le_v4SPD16_eabi.lib</file>
         <name>i_tofd_t2.asm.obj</name>
      </input_file>
      <input_file id="fl-de">
         <path>/home/alealfaro/ti/ccs930/ccs/tools/compiler/ti-cgt-arm_18.12.4.LTS/lib/</path>
         <kind>archive</kind>
         <file>rtsv7M4_T_le_v4SPD16_eabi.lib</file>
         <name>memcpy_t2.asm.obj</name>
      </input_file>
      <input_file id="fl-df">
         <path>/home/alealfaro/ti/ccs930/ccs/tools/compiler/ti-cgt-arm_18.12.4.LTS/lib/</path>
         <kind>archive</kind>
         <file>rtsv7M4_T_le_v4SPD16_eabi.lib</file>
         <name>u_tofd_t2.asm.obj</name>
      </input_file>
      <input_file id="fl-e0">
         <path>/home/alealfaro/ti/ccs930/ccs/tools/compiler/ti-cgt-arm_18.12.4.LTS/lib/</path>
         <kind>archive</kind>
         <file>rtsv7M4_T_le_v4SPD16_eabi.lib</file>
         <name>u_divt2.asm.obj</name>
      </input_file>
      <input_file id="fl-e1">
         <path>/home/alealfaro/ti/ccs930/ccs/tools/compiler/ti-cgt-arm_18.12.4.LTS/lib/</path>
         <kind>archive</kind>
         <file>rtsv7M4_T_le_v4SPD16_eabi.lib</file>
         <name>copy_zero_init.c.obj</name>
      </input_file>
      <input_file id="fl-e2">
         <path>/home/alealfaro/ti/ccs930/ccs/tools/compiler/ti-cgt-arm_18.12.4.LTS/lib/</path>
         <kind>archive</kind>
         <file>rtsv7M4_T_le_v4SPD16_eabi.lib</file>
         <name>copy_decompress_none.c.obj</name>
      </input_file>
      <input_file id="fl-e3">
         <path>/home/alealfaro/ti/ccs930/ccs/tools/compiler/ti-cgt-arm_18.12.4.LTS/lib/</path>
         <kind>archive</kind>
         <file>rtsv7M4_T_le_v4SPD16_eabi.lib</file>
         <name>copy_decompress_lzss.c.obj</name>
      </input_file>
      <input_file id="fl-e4">
         <path>/home/alealfaro/ti/ccs930/ccs/tools/compiler/ti-cgt-arm_18.12.4.LTS/lib/</path>
         <kind>archive</kind>
         <file>rtsv7M4_T_le_v4SPD16_eabi.lib</file>
         <name>boot_cortex_m.c.obj</name>
      </input_file>
      <input_file id="fl-e5">
         <path>/home/alealfaro/ti/ccs930/ccs/tools/compiler/ti-cgt-arm_18.12.4.LTS/lib/</path>
         <kind>archive</kind>
         <file>rtsv7M4_T_le_v4SPD16_eabi.lib</file>
         <name>errno.c.obj</name>
      </input_file>
      <input_file id="fl-e6">
         <path>/home/alealfaro/ti/ccs930/ccs/tools/compiler/ti-cgt-arm_18.12.4.LTS/lib/</path>
         <kind>archive</kind>
         <file>rtsv7M4_T_le_v4SPD16_eabi.lib</file>
         <name>s_copysign.c.obj</name>
      </input_file>
      <input_file id="fl-e7">
         <path>/home/alealfaro/ti/ccs930/ccs/tools/compiler/ti-cgt-arm_18.12.4.LTS/lib/</path>
         <kind>archive</kind>
         <file>rtsv7M4_T_le_v4SPD16_eabi.lib</file>
         <name>div0.asm.obj</name>
      </input_file>
      <input_file id="fl-e8">
         <path>/home/alealfaro/ti/ccs930/ccs/tools/compiler/ti-cgt-arm_18.12.4.LTS/lib/</path>
         <kind>archive</kind>
         <file>rtsv7M4_T_le_v4SPD16_eabi.lib</file>
         <name>memset_t2.asm.obj</name>
      </input_file>
      <input_file id="fl-e9">
         <path>/home/alealfaro/ti/ccs930/ccs/tools/compiler/ti-cgt-arm_18.12.4.LTS/lib/</path>
         <kind>archive</kind>
         <file>rtsv7M4_T_le_v4SPD16_eabi.lib</file>
         <name>autoinit.c.obj</name>
      </input_file>
      <input_file id="fl-ea">
         <path>/home/alealfaro/ti/ccs930/ccs/tools/compiler/ti-cgt-arm_18.12.4.LTS/lib/</path>
         <kind>archive</kind>
         <file>rtsv7M4_T_le_v4SPD16_eabi.lib</file>
         <name>pre_init.c.obj</name>
      </input_file>
      <input_file id="fl-eb">
         <path>/home/alealfaro/ti/ccs930/ccs/tools/compiler/ti-cgt-arm_18.12.4.LTS/lib/</path>
         <kind>archive</kind>
         <file>rtsv7M4_T_le_v4SPD16_eabi.lib</file>
         <name>cpy_tbl.c.obj</name>
      </input_file>
      <input_file id="fl-ec">
         <path>/home/alealfaro/ti/ccs930/ccs/tools/compiler/ti-cgt-arm_18.12.4.LTS/lib/</path>
         <kind>archive</kind>
         <file>rtsv7M4_T_le_v4SPD16_eabi.lib</file>
         <name>exit.c.obj</name>
      </input_file>
      <input_file id="fl-ed">
         <path>/home/alealfaro/ti/ccs930/ccs/tools/compiler/ti-cgt-arm_18.12.4.LTS/lib/</path>
         <kind>archive</kind>
         <file>rtsv7M4_T_le_v4SPD16_eabi.lib</file>
         <name>_lock.c.obj</name>
      </input_file>
      <input_file id="fl-ee">
         <path>/home/alealfaro/ti/ccs930/ccs/tools/compiler/ti-cgt-arm_18.12.4.LTS/lib/</path>
         <kind>archive</kind>
         <file>rtsv7M4_T_le_v4SPD16_eabi.lib</file>
         <name>args_main.c.obj</name>
      </input_file>
   </input_file_list>
   <object_component_list>
      <object_component id="oc-f">
         <name>.intvecs</name>
         <load_address>0x0</load_address>
         <run_address>0x0</run_address>
         <size>0x26c</size>
         <input_file_ref idref="fl-2"/>
      </object_component>
      <object_component id="oc-108">
         <name>.text</name>
         <load_address>0x26c</load_address>
         <run_address>0x26c</run_address>
         <size>0xc44</size>
         <input_file_ref idref="fl-3"/>
      </object_component>
      <object_component id="oc-98">
         <name>.text</name>
         <load_address>0xeb0</load_address>
         <run_address>0xeb0</run_address>
         <size>0x534</size>
         <input_file_ref idref="fl-1"/>
      </object_component>
      <object_component id="oc-de">
         <name>.text</name>
         <load_address>0x13e4</load_address>
         <run_address>0x13e4</run_address>
         <size>0x49c</size>
         <input_file_ref idref="fl-b"/>
      </object_component>
      <object_component id="oc-2bb">
         <name>.text:atan</name>
         <load_address>0x1880</load_address>
         <run_address>0x1880</run_address>
         <size>0x2ec</size>
         <input_file_ref idref="fl-d4"/>
      </object_component>
      <object_component id="oc-102">
         <name>.text</name>
         <load_address>0x1b6c</load_address>
         <run_address>0x1b6c</run_address>
         <size>0x260</size>
         <input_file_ref idref="fl-7"/>
      </object_component>
      <object_component id="oc-295">
         <name>.text</name>
         <load_address>0x1dcc</load_address>
         <run_address>0x1dcc</run_address>
         <size>0x240</size>
         <input_file_ref idref="fl-8"/>
      </object_component>
      <object_component id="oc-118">
         <name>.text:atan2</name>
         <load_address>0x200c</load_address>
         <run_address>0x200c</run_address>
         <size>0x1d8</size>
         <input_file_ref idref="fl-d1"/>
      </object_component>
      <object_component id="oc-f6">
         <name>.text</name>
         <load_address>0x21e4</load_address>
         <run_address>0x21e4</run_address>
         <size>0x1d0</size>
         <input_file_ref idref="fl-5"/>
      </object_component>
      <object_component id="oc-2b6">
         <name>.text</name>
         <load_address>0x23b4</load_address>
         <run_address>0x23b4</run_address>
         <size>0x1b6</size>
         <input_file_ref idref="fl-d6"/>
      </object_component>
      <object_component id="oc-31f">
         <name>.text</name>
         <load_address>0x256a</load_address>
         <run_address>0x256a</run_address>
         <size>0x2</size>
         <input_file_ref idref="fl-e7"/>
      </object_component>
      <object_component id="oc-123">
         <name>.text:sqrt</name>
         <load_address>0x256c</load_address>
         <run_address>0x256c</run_address>
         <size>0x158</size>
         <input_file_ref idref="fl-d3"/>
      </object_component>
      <object_component id="oc-129">
         <name>.text</name>
         <load_address>0x26c4</load_address>
         <run_address>0x26c4</run_address>
         <size>0x136</size>
         <input_file_ref idref="fl-d8"/>
      </object_component>
      <object_component id="oc-1a8">
         <name>.text:GPIOPadConfigSet</name>
         <load_address>0x27fa</load_address>
         <run_address>0x27fa</run_address>
         <size>0x132</size>
         <input_file_ref idref="fl-13"/>
      </object_component>
      <object_component id="oc-1eb">
         <name>.text:SysCtlClockGet</name>
         <load_address>0x292c</load_address>
         <run_address>0x292c</run_address>
         <size>0x110</size>
         <input_file_ref idref="fl-18"/>
      </object_component>
      <object_component id="oc-12e">
         <name>.text</name>
         <load_address>0x2a3c</load_address>
         <run_address>0x2a3c</run_address>
         <size>0xfc</size>
         <input_file_ref idref="fl-d9"/>
      </object_component>
      <object_component id="oc-ea">
         <name>.text:SysCtlClockSet</name>
         <load_address>0x2b38</load_address>
         <run_address>0x2b38</run_address>
         <size>0xf4</size>
         <input_file_ref idref="fl-18"/>
      </object_component>
      <object_component id="oc-fc">
         <name>.text</name>
         <load_address>0x2c2c</load_address>
         <run_address>0x2c2c</run_address>
         <size>0xe4</size>
         <input_file_ref idref="fl-6"/>
      </object_component>
      <object_component id="oc-38">
         <name>.text</name>
         <load_address>0x2d10</load_address>
         <run_address>0x2d10</run_address>
         <size>0x9c</size>
         <input_file_ref idref="fl-de"/>
      </object_component>
      <object_component id="oc-3a8">
         <name>.text:__aeabi_cdrcmple</name>
         <load_address>0x2dac</load_address>
         <run_address>0x2dac</run_address>
         <size>0x86</size>
         <input_file_ref idref="fl-d7"/>
      </object_component>
      <object_component id="oc-11e">
         <name>.text</name>
         <load_address>0x2e32</load_address>
         <run_address>0x2e32</run_address>
         <size>0x6e</size>
         <input_file_ref idref="fl-db"/>
      </object_component>
      <object_component id="oc-284">
         <name>.text:IntEnable</name>
         <load_address>0x2ea0</load_address>
         <run_address>0x2ea0</run_address>
         <size>0x68</size>
         <input_file_ref idref="fl-15"/>
      </object_component>
      <object_component id="oc-12">
         <name>.text:decompress:lzss:__TI_decompress_lzss</name>
         <load_address>0x2f08</load_address>
         <run_address>0x2f08</run_address>
         <size>0x68</size>
         <input_file_ref idref="fl-e3"/>
      </object_component>
      <object_component id="oc-26c">
         <name>.text:TimerConfigure</name>
         <load_address>0x2f70</load_address>
         <run_address>0x2f70</run_address>
         <size>0x60</size>
         <input_file_ref idref="fl-19"/>
      </object_component>
      <object_component id="oc-36d">
         <name>.text:SysCtlPeripheralReset</name>
         <load_address>0x2fd0</load_address>
         <run_address>0x2fd0</run_address>
         <size>0x50</size>
         <input_file_ref idref="fl-18"/>
      </object_component>
      <object_component id="oc-37f">
         <name>.text:I2CMasterInitExpClk</name>
         <load_address>0x3020</load_address>
         <run_address>0x3020</run_address>
         <size>0x4c</size>
         <input_file_ref idref="fl-14"/>
      </object_component>
      <object_component id="oc-356">
         <name>.text:_TimerIntNumberGet</name>
         <load_address>0x306c</load_address>
         <run_address>0x306c</run_address>
         <size>0x4c</size>
         <input_file_ref idref="fl-19"/>
      </object_component>
      <object_component id="oc-cc">
         <name>.text:GPIOPinConfigure</name>
         <load_address>0x30b8</load_address>
         <run_address>0x30b8</run_address>
         <size>0x48</size>
         <input_file_ref idref="fl-13"/>
      </object_component>
      <object_component id="oc-1b7">
         <name>.text:UARTConfigSetExpClk</name>
         <load_address>0x3100</load_address>
         <run_address>0x3100</run_address>
         <size>0x46</size>
         <input_file_ref idref="fl-1a"/>
      </object_component>
      <object_component id="oc-162">
         <name>.text:__TI_auto_init_nobinit_nopinit:__TI_auto_init_nobinit_nopinit</name>
         <load_address>0x3148</load_address>
         <run_address>0x3148</run_address>
         <size>0x44</size>
         <input_file_ref idref="fl-e9"/>
      </object_component>
      <object_component id="oc-1d8">
         <name>.text</name>
         <load_address>0x318c</load_address>
         <run_address>0x318c</run_address>
         <size>0x40</size>
         <input_file_ref idref="fl-e0"/>
      </object_component>
      <object_component id="oc-1b1">
         <name>.text:SysCtlPeripheralPresent</name>
         <load_address>0x31cc</load_address>
         <run_address>0x31cc</run_address>
         <size>0x38</size>
         <input_file_ref idref="fl-18"/>
      </object_component>
      <object_component id="oc-1ff">
         <name>.text:SysCtlPeripheralReady</name>
         <load_address>0x3204</load_address>
         <run_address>0x3204</run_address>
         <size>0x38</size>
         <input_file_ref idref="fl-18"/>
      </object_component>
      <object_component id="oc-139">
         <name>.text</name>
         <load_address>0x323c</load_address>
         <run_address>0x323c</run_address>
         <size>0x38</size>
         <input_file_ref idref="fl-a"/>
      </object_component>
      <object_component id="oc-113">
         <name>.text</name>
         <load_address>0x3274</load_address>
         <run_address>0x3274</run_address>
         <size>0x38</size>
         <input_file_ref idref="fl-dc"/>
      </object_component>
      <object_component id="oc-35c">
         <name>.text:IntRegister</name>
         <load_address>0x32ac</load_address>
         <run_address>0x32ac</run_address>
         <size>0x34</size>
         <input_file_ref idref="fl-15"/>
      </object_component>
      <object_component id="oc-c6">
         <name>.text:SysCtlPeripheralEnable</name>
         <load_address>0x32e0</load_address>
         <run_address>0x32e0</run_address>
         <size>0x34</size>
         <input_file_ref idref="fl-18"/>
      </object_component>
      <object_component id="oc-56">
         <name>.text:_c_int00_noargs:_c_int00_noargs</name>
         <load_address>0x3314</load_address>
         <run_address>0x3314</run_address>
         <size>0x34</size>
         <input_file_ref idref="fl-e4"/>
      </object_component>
      <object_component id="oc-1a2">
         <name>.text:GPIODirModeSet</name>
         <load_address>0x3348</load_address>
         <run_address>0x3348</run_address>
         <size>0x2a</size>
         <input_file_ref idref="fl-13"/>
      </object_component>
      <object_component id="oc-254">
         <name>.text:PWMGenConfigure</name>
         <load_address>0x3372</load_address>
         <run_address>0x3372</run_address>
         <size>0x22</size>
         <input_file_ref idref="fl-16"/>
      </object_component>
      <object_component id="oc-30f">
         <name>.text:UARTDisable</name>
         <load_address>0x3394</load_address>
         <run_address>0x3394</run_address>
         <size>0x20</size>
         <input_file_ref idref="fl-1a"/>
      </object_component>
      <object_component id="oc-242">
         <name>.text:PWMPulseWidthSet</name>
         <load_address>0x33b4</load_address>
         <run_address>0x33b4</run_address>
         <size>0x1e</size>
         <input_file_ref idref="fl-16"/>
      </object_component>
      <object_component id="oc-44">
         <name>.text:decompress:ZI:__TI_zero_init_nomemset:__TI_zero_init_nomemset</name>
         <load_address>0x33d2</load_address>
         <run_address>0x33d2</run_address>
         <size>0x1c</size>
         <input_file_ref idref="fl-e1"/>
      </object_component>
      <object_component id="oc-f0">
         <name>.text:GPIOPinTypeGPIOOutput</name>
         <load_address>0x33ee</load_address>
         <run_address>0x33ee</run_address>
         <size>0x18</size>
         <input_file_ref idref="fl-13"/>
      </object_component>
      <object_component id="oc-27e">
         <name>.text:TimerIntRegister</name>
         <load_address>0x3406</load_address>
         <run_address>0x3406</run_address>
         <size>0x18</size>
         <input_file_ref idref="fl-19"/>
      </object_component>
      <object_component id="oc-248">
         <name>.text:SysCtlPWMClockSet</name>
         <load_address>0x3420</load_address>
         <run_address>0x3420</run_address>
         <size>0x14</size>
         <input_file_ref idref="fl-18"/>
      </object_component>
      <object_component id="oc-1bd">
         <name>.text:UARTEnable</name>
         <load_address>0x3434</load_address>
         <run_address>0x3434</run_address>
         <size>0x14</size>
         <input_file_ref idref="fl-1a"/>
      </object_component>
      <object_component id="oc-379">
         <name>.text:GPIOPinTypeI2C</name>
         <load_address>0x3448</load_address>
         <run_address>0x3448</run_address>
         <size>0x12</size>
         <input_file_ref idref="fl-13"/>
      </object_component>
      <object_component id="oc-373">
         <name>.text:GPIOPinTypeI2CSCL</name>
         <load_address>0x345a</load_address>
         <run_address>0x345a</run_address>
         <size>0x12</size>
         <input_file_ref idref="fl-13"/>
      </object_component>
      <object_component id="oc-24e">
         <name>.text:GPIOPinTypePWM</name>
         <load_address>0x346c</load_address>
         <run_address>0x346c</run_address>
         <size>0x12</size>
         <input_file_ref idref="fl-13"/>
      </object_component>
      <object_component id="oc-205">
         <name>.text:GPIOPinTypeQEI</name>
         <load_address>0x347e</load_address>
         <run_address>0x347e</run_address>
         <size>0x12</size>
         <input_file_ref idref="fl-13"/>
      </object_component>
      <object_component id="oc-d2">
         <name>.text:GPIOPinTypeUART</name>
         <load_address>0x3490</load_address>
         <run_address>0x3490</run_address>
         <size>0x12</size>
         <input_file_ref idref="fl-13"/>
      </object_component>
      <object_component id="oc-266">
         <name>.text:PWMOutputState</name>
         <load_address>0x34a2</load_address>
         <run_address>0x34a2</run_address>
         <size>0x12</size>
         <input_file_ref idref="fl-16"/>
      </object_component>
      <object_component id="oc-272">
         <name>.text:TimerLoadSet</name>
         <load_address>0x34b4</load_address>
         <run_address>0x34b4</run_address>
         <size>0x12</size>
         <input_file_ref idref="fl-19"/>
      </object_component>
      <object_component id="oc-e4">
         <name>.text:FPULazyStackingEnable</name>
         <load_address>0x34c8</load_address>
         <run_address>0x34c8</run_address>
         <size>0x10</size>
         <input_file_ref idref="fl-12"/>
      </object_component>
      <object_component id="oc-1f1">
         <name>.text:IntMasterDisable</name>
         <load_address>0x34d8</load_address>
         <run_address>0x34d8</run_address>
         <size>0x10</size>
         <input_file_ref idref="fl-15"/>
      </object_component>
      <object_component id="oc-1f7">
         <name>.text:IntMasterEnable</name>
         <load_address>0x34e8</load_address>
         <run_address>0x34e8</run_address>
         <size>0x10</size>
         <input_file_ref idref="fl-15"/>
      </object_component>
      <object_component id="oc-25a">
         <name>.text:PWMGenPeriodSet</name>
         <load_address>0x34f8</load_address>
         <run_address>0x34f8</run_address>
         <size>0x10</size>
         <input_file_ref idref="fl-16"/>
      </object_component>
      <object_component id="oc-229">
         <name>.text:QEIVelocityConfigure</name>
         <load_address>0x3508</load_address>
         <run_address>0x3508</run_address>
         <size>0x10</size>
         <input_file_ref idref="fl-17"/>
      </object_component>
      <object_component id="oc-217">
         <name>.text:QEIConfigure</name>
         <load_address>0x3518</load_address>
         <run_address>0x3518</run_address>
         <size>0xe</size>
         <input_file_ref idref="fl-17"/>
      </object_component>
      <object_component id="oc-278">
         <name>.text:TimerEnable</name>
         <load_address>0x3526</load_address>
         <run_address>0x3526</run_address>
         <size>0xe</size>
         <input_file_ref idref="fl-19"/>
      </object_component>
      <object_component id="oc-18">
         <name>.text:decompress:none:__TI_decompress_none</name>
         <load_address>0x3534</load_address>
         <run_address>0x3534</run_address>
         <size>0xe</size>
         <input_file_ref idref="fl-e2"/>
      </object_component>
      <object_component id="oc-32e">
         <name>.text:CPUcpsid</name>
         <load_address>0x3542</load_address>
         <run_address>0x3542</run_address>
         <size>0xc</size>
         <input_file_ref idref="fl-1b"/>
      </object_component>
      <object_component id="oc-335">
         <name>.text:CPUcpsie</name>
         <load_address>0x354e</load_address>
         <run_address>0x354e</run_address>
         <size>0xc</size>
         <input_file_ref idref="fl-1b"/>
      </object_component>
      <object_component id="oc-260">
         <name>.text:PWMGenEnable</name>
         <load_address>0x355a</load_address>
         <run_address>0x355a</run_address>
         <size>0xc</size>
         <input_file_ref idref="fl-16"/>
      </object_component>
      <object_component id="oc-24">
         <name>.text</name>
         <load_address>0x3566</load_address>
         <run_address>0x3566</run_address>
         <size>0xc</size>
         <input_file_ref idref="fl-2"/>
      </object_component>
      <object_component id="oc-3fe">
         <name>.text:I2CMasterEnable</name>
         <load_address>0x3572</load_address>
         <run_address>0x3572</run_address>
         <size>0xa</size>
         <input_file_ref idref="fl-14"/>
      </object_component>
      <object_component id="oc-20b">
         <name>.text:QEIDisable</name>
         <load_address>0x357c</load_address>
         <run_address>0x357c</run_address>
         <size>0xa</size>
         <input_file_ref idref="fl-17"/>
      </object_component>
      <object_component id="oc-21d">
         <name>.text:QEIEnable</name>
         <load_address>0x3586</load_address>
         <run_address>0x3586</run_address>
         <size>0xa</size>
         <input_file_ref idref="fl-17"/>
      </object_component>
      <object_component id="oc-211">
         <name>.text:QEIIntDisable</name>
         <load_address>0x3590</load_address>
         <run_address>0x3590</run_address>
         <size>0xa</size>
         <input_file_ref idref="fl-17"/>
      </object_component>
      <object_component id="oc-22f">
         <name>.text:QEIVelocityEnable</name>
         <load_address>0x359a</load_address>
         <run_address>0x359a</run_address>
         <size>0xa</size>
         <input_file_ref idref="fl-17"/>
      </object_component>
      <object_component id="oc-236">
         <name>.text:TimerIntStatus</name>
         <load_address>0x35a4</load_address>
         <run_address>0x35a4</run_address>
         <size>0xa</size>
         <input_file_ref idref="fl-19"/>
      </object_component>
      <object_component id="oc-1c9">
         <name>.text:UARTCharGet</name>
         <load_address>0x35ae</load_address>
         <run_address>0x35ae</run_address>
         <size>0xa</size>
         <input_file_ref idref="fl-1a"/>
      </object_component>
      <object_component id="oc-1c3">
         <name>.text:UARTCharPut</name>
         <load_address>0x35b8</load_address>
         <run_address>0x35b8</run_address>
         <size>0xa</size>
         <input_file_ref idref="fl-1a"/>
      </object_component>
      <object_component id="oc-391">
         <name>.text:I2CMasterBusy</name>
         <load_address>0x35c2</load_address>
         <run_address>0x35c2</run_address>
         <size>0x8</size>
         <input_file_ref idref="fl-14"/>
      </object_component>
      <object_component id="oc-385">
         <name>.text:I2CMasterSlaveAddrSet</name>
         <load_address>0x35ca</load_address>
         <run_address>0x35ca</run_address>
         <size>0x8</size>
         <input_file_ref idref="fl-14"/>
      </object_component>
      <object_component id="oc-28a">
         <name>.text:TimerIntEnable</name>
         <load_address>0x35d2</load_address>
         <run_address>0x35d2</run_address>
         <size>0x8</size>
         <input_file_ref idref="fl-19"/>
      </object_component>
      <object_component id="oc-2c9">
         <name>.text:__aeabi_errno_addr</name>
         <load_address>0x35dc</load_address>
         <run_address>0x35dc</run_address>
         <size>0x8</size>
         <input_file_ref idref="fl-e5"/>
      </object_component>
      <object_component id="oc-13f">
         <name>.text:GPIOPinWrite</name>
         <load_address>0x35e4</load_address>
         <run_address>0x35e4</run_address>
         <size>0x6</size>
         <input_file_ref idref="fl-13"/>
      </object_component>
      <object_component id="oc-1e8">
         <name>.text:SysCtlDelay</name>
         <load_address>0x35ea</load_address>
         <run_address>0x35ea</run_address>
         <size>0x6</size>
         <input_file_ref idref="fl-18"/>
      </object_component>
      <object_component id="oc-d8">
         <name>.text:UARTClockSourceSet</name>
         <load_address>0x35f0</load_address>
         <run_address>0x35f0</run_address>
         <size>0x6</size>
         <input_file_ref idref="fl-1a"/>
      </object_component>
      <object_component id="oc-397">
         <name>.text:I2CMasterControl</name>
         <load_address>0x35f6</load_address>
         <run_address>0x35f6</run_address>
         <size>0x4</size>
         <input_file_ref idref="fl-14"/>
      </object_component>
      <object_component id="oc-39d">
         <name>.text:I2CMasterDataGet</name>
         <load_address>0x35fa</load_address>
         <run_address>0x35fa</run_address>
         <size>0x4</size>
         <input_file_ref idref="fl-14"/>
      </object_component>
      <object_component id="oc-38b">
         <name>.text:I2CMasterDataPut</name>
         <load_address>0x35fe</load_address>
         <run_address>0x35fe</run_address>
         <size>0x4</size>
         <input_file_ref idref="fl-14"/>
      </object_component>
      <object_component id="oc-223">
         <name>.text:QEIPositionSet</name>
         <load_address>0x3602</load_address>
         <run_address>0x3602</run_address>
         <size>0x4</size>
         <input_file_ref idref="fl-17"/>
      </object_component>
      <object_component id="oc-23c">
         <name>.text:TimerIntClear</name>
         <load_address>0x3606</load_address>
         <run_address>0x3606</run_address>
         <size>0x4</size>
         <input_file_ref idref="fl-19"/>
      </object_component>
      <object_component id="oc-92">
         <name>.text:_system_pre_init</name>
         <load_address>0x360a</load_address>
         <run_address>0x360a</run_address>
         <size>0x4</size>
         <input_file_ref idref="fl-ea"/>
      </object_component>
      <object_component id="oc-156">
         <name>.text:abort:abort</name>
         <load_address>0x360e</load_address>
         <run_address>0x360e</run_address>
         <size>0x4</size>
         <input_file_ref idref="fl-ec"/>
      </object_component>
      <object_component id="oc-3ad">
         <name>.const:$O1$$</name>
         <load_address>0x3618</load_address>
         <run_address>0x3618</run_address>
         <size>0x98</size>
         <input_file_ref idref="fl-d4"/>
      </object_component>
      <object_component id="oc-19d">
         <name>.const:g_pui32GPIOBaseAddrs</name>
         <load_address>0x36b0</load_address>
         <run_address>0x36b0</run_address>
         <size>0x90</size>
         <input_file_ref idref="fl-13"/>
      </object_component>
      <object_component id="oc-363">
         <name>.const</name>
         <load_address>0x3740</load_address>
         <run_address>0x3740</run_address>
         <size>0x70</size>
         <input_file_ref idref="fl-15"/>
      </object_component>
      <object_component id="oc-32a">
         <name>.const:g_pui32Xtals</name>
         <load_address>0x37b0</load_address>
         <run_address>0x37b0</run_address>
         <size>0x6c</size>
         <input_file_ref idref="fl-18"/>
      </object_component>
      <object_component id="oc-3ec">
         <name>.const:g_ppui32TimerIntMap</name>
         <load_address>0x381c</load_address>
         <run_address>0x381c</run_address>
         <size>0x60</size>
         <input_file_ref idref="fl-19"/>
      </object_component>
      <object_component id="oc-3ef">
         <name>.const:g_ppui32TimerIntMapSnowflake</name>
         <load_address>0x387c</load_address>
         <run_address>0x387c</run_address>
         <size>0x40</size>
         <input_file_ref idref="fl-19"/>
      </object_component>
      <object_component id="oc-152">
         <name>.const:.string:$P$T3$4</name>
         <load_address>0x38bc</load_address>
         <run_address>0x38bc</run_address>
         <size>0x20</size>
         <input_file_ref idref="fl-1"/>
      </object_component>
      <object_component id="oc-14f">
         <name>.const:.string:$P$T2$3</name>
         <load_address>0x38dc</load_address>
         <run_address>0x38dc</run_address>
         <size>0x1b</size>
         <input_file_ref idref="fl-1"/>
      </object_component>
      <object_component id="oc-14c">
         <name>.const:.string:$P$T1$2</name>
         <load_address>0x38f7</load_address>
         <run_address>0x38f7</run_address>
         <size>0x19</size>
         <input_file_ref idref="fl-1"/>
      </object_component>
      <object_component id="oc-149">
         <name>.const:.string:$P$T0$1</name>
         <load_address>0x3910</load_address>
         <run_address>0x3910</run_address>
         <size>0x18</size>
         <input_file_ref idref="fl-1"/>
      </object_component>
      <object_component id="oc-325">
         <name>.const:.string</name>
         <load_address>0x3928</load_address>
         <run_address>0x3928</run_address>
         <size>0x12</size>
         <input_file_ref idref="fl-b"/>
      </object_component>
      <object_component id="oc-1d5">
         <name>.const:g_ui32UARTBase</name>
         <load_address>0x393c</load_address>
         <run_address>0x393c</run_address>
         <size>0xc</size>
         <input_file_ref idref="fl-b"/>
      </object_component>
      <object_component id="oc-1cf">
         <name>.const:g_ui32UARTPeriph</name>
         <load_address>0x3948</load_address>
         <run_address>0x3948</run_address>
         <size>0xc</size>
         <input_file_ref idref="fl-b"/>
      </object_component>
      <object_component id="oc-145">
         <name>.const</name>
         <load_address>0x3954</load_address>
         <run_address>0x3954</run_address>
         <size>0x4</size>
         <input_file_ref idref="fl-1"/>
      </object_component>
      <object_component id="oc-1dd">
         <name>.const</name>
         <load_address>0x3958</load_address>
         <run_address>0x3958</run_address>
         <size>0x4</size>
         <input_file_ref idref="fl-b"/>
      </object_component>
      <object_component id="oc-45a">
         <name>.cinit..data.load</name>
         <load_address>0x3960</load_address>
         <run_address>0x3960</run_address>
         <size>0x1e</size>
      </object_component>
      <object_component id="oc-457">
         <name>__TI_handler_table</name>
         <load_address>0x3980</load_address>
         <run_address>0x3980</run_address>
         <size>0xc</size>
      </object_component>
      <object_component id="oc-45b">
         <name>.cinit..bss.load</name>
         <load_address>0x3990</load_address>
         <run_address>0x3990</run_address>
         <size>0x8</size>
      </object_component>
      <object_component id="oc-459">
         <name>.cinit..vtable.load</name>
         <load_address>0x3998</load_address>
         <run_address>0x3998</run_address>
         <size>0x8</size>
      </object_component>
      <object_component id="oc-458">
         <name>__TI_cinit_table</name>
         <load_address>0x39a0</load_address>
         <run_address>0x39a0</run_address>
         <size>0x18</size>
      </object_component>
      <object_component id="oc-3f3">
         <name>.vtable</name>
         <uninitialized>true</uninitialized>
         <run_address>0x20000000</run_address>
         <size>0x26c</size>
         <input_file_ref idref="fl-15"/>
      </object_component>
      <object_component id="oc-2a9">
         <name>.data:magSensitivity</name>
         <load_address>0x20000500</load_address>
         <run_address>0x20000500</run_address>
         <size>0x10</size>
         <input_file_ref idref="fl-3"/>
      </object_component>
      <object_component id="oc-290">
         <name>.data</name>
         <load_address>0x20000510</load_address>
         <run_address>0x20000510</run_address>
         <size>0xc</size>
         <input_file_ref idref="fl-7"/>
      </object_component>
      <object_component id="oc-1d2">
         <name>.data</name>
         <load_address>0x2000051c</load_address>
         <run_address>0x2000051c</run_address>
         <size>0x5</size>
         <input_file_ref idref="fl-b"/>
      </object_component>
      <object_component id="oc-3b8">
         <name>.data</name>
         <load_address>0x20000524</load_address>
         <run_address>0x20000524</run_address>
         <size>0x4</size>
         <input_file_ref idref="fl-e5"/>
      </object_component>
      <object_component id="oc-148">
         <name>.common:rev_data</name>
         <uninitialized>true</uninitialized>
         <run_address>0x200004a8</run_address>
         <size>0xc</size>
      </object_component>
      <object_component id="oc-133">
         <name>.common:gx</name>
         <uninitialized>true</uninitialized>
         <run_address>0x200004f2</run_address>
         <size>0x2</size>
      </object_component>
      <object_component id="oc-134">
         <name>.common:gy</name>
         <uninitialized>true</uninitialized>
         <run_address>0x200004f4</run_address>
         <size>0x2</size>
      </object_component>
      <object_component id="oc-135">
         <name>.common:gz</name>
         <uninitialized>true</uninitialized>
         <run_address>0x200004f6</run_address>
         <size>0x2</size>
      </object_component>
      <object_component id="oc-10e">
         <name>.common:ax</name>
         <uninitialized>true</uninitialized>
         <run_address>0x20000482</run_address>
         <size>0x2</size>
      </object_component>
      <object_component id="oc-111">
         <name>.common:ay</name>
         <uninitialized>true</uninitialized>
         <run_address>0x200004de</run_address>
         <size>0x2</size>
      </object_component>
      <object_component id="oc-112">
         <name>.common:az</name>
         <uninitialized>true</uninitialized>
         <run_address>0x200004f0</run_address>
         <size>0x2</size>
      </object_component>
      <object_component id="oc-136">
         <name>.common:mx</name>
         <uninitialized>true</uninitialized>
         <run_address>0x200004f8</run_address>
         <size>0x2</size>
      </object_component>
      <object_component id="oc-137">
         <name>.common:my</name>
         <uninitialized>true</uninitialized>
         <run_address>0x200004fa</run_address>
         <size>0x2</size>
      </object_component>
      <object_component id="oc-138">
         <name>.common:mz</name>
         <uninitialized>true</uninitialized>
         <run_address>0x200004fc</run_address>
         <size>0x2</size>
      </object_component>
      <object_component id="oc-2ac">
         <name>.common:temperature</name>
         <uninitialized>true</uninitialized>
         <run_address>0x200004fe</run_address>
         <size>0x2</size>
      </object_component>
      <object_component id="oc-29b">
         <name>.common:device</name>
         <uninitialized>true</uninitialized>
         <run_address>0x200004ec</run_address>
         <size>0x3</size>
      </object_component>
      <object_component id="oc-29c">
         <name>.common:gyro</name>
         <uninitialized>true</uninitialized>
         <run_address>0x20000470</run_address>
         <size>0x12</size>
      </object_component>
      <object_component id="oc-29d">
         <name>.common:accel</name>
         <uninitialized>true</uninitialized>
         <run_address>0x200004b4</run_address>
         <size>0x9</size>
      </object_component>
      <object_component id="oc-29e">
         <name>.common:mag</name>
         <uninitialized>true</uninitialized>
         <run_address>0x200004d6</run_address>
         <size>0x8</size>
      </object_component>
      <object_component id="oc-29f">
         <name>.common:temp</name>
         <uninitialized>true</uninitialized>
         <run_address>0x200004bd</run_address>
         <size>0x1</size>
      </object_component>
      <object_component id="oc-2a0">
         <name>.common:gBias</name>
         <uninitialized>true</uninitialized>
         <run_address>0x20000490</run_address>
         <size>0xc</size>
      </object_component>
      <object_component id="oc-2a1">
         <name>.common:aBias</name>
         <uninitialized>true</uninitialized>
         <run_address>0x20000484</run_address>
         <size>0xc</size>
      </object_component>
      <object_component id="oc-2a2">
         <name>.common:mBias</name>
         <uninitialized>true</uninitialized>
         <run_address>0x2000049c</run_address>
         <size>0xc</size>
      </object_component>
      <object_component id="oc-2a3">
         <name>.common:gBiasRaw</name>
         <uninitialized>true</uninitialized>
         <run_address>0x200004c6</run_address>
         <size>0x8</size>
      </object_component>
      <object_component id="oc-2a4">
         <name>.common:aBiasRaw</name>
         <uninitialized>true</uninitialized>
         <run_address>0x200004be</run_address>
         <size>0x8</size>
      </object_component>
      <object_component id="oc-2a5">
         <name>.common:mBiasRaw</name>
         <uninitialized>true</uninitialized>
         <run_address>0x200004ce</run_address>
         <size>0x8</size>
      </object_component>
      <object_component id="oc-2a6">
         <name>.common:gRes</name>
         <uninitialized>true</uninitialized>
         <run_address>0x200004e4</run_address>
         <size>0x4</size>
      </object_component>
      <object_component id="oc-2a7">
         <name>.common:aRes</name>
         <uninitialized>true</uninitialized>
         <run_address>0x200004e0</run_address>
         <size>0x4</size>
      </object_component>
      <object_component id="oc-2a8">
         <name>.common:mRes</name>
         <uninitialized>true</uninitialized>
         <run_address>0x200004e8</run_address>
         <size>0x4</size>
      </object_component>
      <object_component id="oc-21">
         <name>.stack</name>
         <uninitialized>true</uninitialized>
         <run_address>0x20000270</run_address>
         <size>0x4</size>
         <input_file_ref idref="fl-e4"/>
      </object_component>
      <object_component id="oc-45c">
         <name>.stack</name>
         <uninitialized>true</uninitialized>
         <run_address>0x20000270</run_address>
         <size>0x0</size>
      </object_component>
      <object_component id="oc-b4">
         <name>.debug_info</name>
         <load_address>0x0</load_address>
         <run_address>0x0</run_address>
         <size>0x7fa</size>
         <input_file_ref idref="fl-1"/>
      </object_component>
      <object_component id="oc-146">
         <name>.debug_info</name>
         <load_address>0x7fa</load_address>
         <run_address>0x7fa</run_address>
         <size>0xb5</size>
         <input_file_ref idref="fl-1"/>
      </object_component>
      <object_component id="oc-14a">
         <name>.debug_info</name>
         <load_address>0x8af</load_address>
         <run_address>0x8af</run_address>
         <size>0xbe</size>
         <input_file_ref idref="fl-1"/>
      </object_component>
      <object_component id="oc-14d">
         <name>.debug_info</name>
         <load_address>0x96d</load_address>
         <run_address>0x96d</run_address>
         <size>0xbe</size>
         <input_file_ref idref="fl-1"/>
      </object_component>
      <object_component id="oc-150">
         <name>.debug_info</name>
         <load_address>0xa2b</load_address>
         <run_address>0xa2b</run_address>
         <size>0xbe</size>
         <input_file_ref idref="fl-1"/>
      </object_component>
      <object_component id="oc-153">
         <name>.debug_info</name>
         <load_address>0xae9</load_address>
         <run_address>0xae9</run_address>
         <size>0xbe</size>
         <input_file_ref idref="fl-1"/>
      </object_component>
      <object_component id="oc-99">
         <name>.debug_info</name>
         <load_address>0xba7</load_address>
         <run_address>0xba7</run_address>
         <size>0xa9f</size>
         <input_file_ref idref="fl-1"/>
      </object_component>
      <object_component id="oc-6d">
         <name>.debug_info</name>
         <load_address>0x1646</load_address>
         <run_address>0x1646</run_address>
         <size>0x26b</size>
         <input_file_ref idref="fl-1"/>
      </object_component>
      <object_component id="oc-af">
         <name>.debug_info</name>
         <load_address>0x18b1</load_address>
         <run_address>0x18b1</run_address>
         <size>0x8b</size>
         <input_file_ref idref="fl-1"/>
      </object_component>
      <object_component id="oc-aa">
         <name>.debug_info</name>
         <load_address>0x193c</load_address>
         <run_address>0x193c</run_address>
         <size>0x297</size>
         <input_file_ref idref="fl-1"/>
      </object_component>
      <object_component id="oc-72">
         <name>.debug_info</name>
         <load_address>0x1bd3</load_address>
         <run_address>0x1bd3</run_address>
         <size>0xbb</size>
         <input_file_ref idref="fl-1"/>
      </object_component>
      <object_component id="oc-1e2">
         <name>.debug_info</name>
         <load_address>0x1c8e</load_address>
         <run_address>0x1c8e</run_address>
         <size>0x2c</size>
         <input_file_ref idref="fl-1"/>
      </object_component>
      <object_component id="oc-2c">
         <name>.debug_info</name>
         <load_address>0x1cba</load_address>
         <run_address>0x1cba</run_address>
         <size>0x29e</size>
         <input_file_ref idref="fl-2"/>
      </object_component>
      <object_component id="oc-10">
         <name>.debug_info</name>
         <load_address>0x1f58</load_address>
         <run_address>0x1f58</run_address>
         <size>0xdd</size>
         <input_file_ref idref="fl-2"/>
      </object_component>
      <object_component id="oc-25">
         <name>.debug_info</name>
         <load_address>0x2035</load_address>
         <run_address>0x2035</run_address>
         <size>0x259</size>
         <input_file_ref idref="fl-2"/>
      </object_component>
      <object_component id="oc-33">
         <name>.debug_info</name>
         <load_address>0x228e</load_address>
         <run_address>0x228e</run_address>
         <size>0x84</size>
         <input_file_ref idref="fl-2"/>
      </object_component>
      <object_component id="oc-10f">
         <name>.debug_info</name>
         <load_address>0x2312</load_address>
         <run_address>0x2312</run_address>
         <size>0x5a0</size>
         <input_file_ref idref="fl-3"/>
      </object_component>
      <object_component id="oc-2aa">
         <name>.debug_info</name>
         <load_address>0x28b2</load_address>
         <run_address>0x28b2</run_address>
         <size>0xe0</size>
         <input_file_ref idref="fl-3"/>
      </object_component>
      <object_component id="oc-109">
         <name>.debug_info</name>
         <load_address>0x2992</load_address>
         <run_address>0x2992</run_address>
         <size>0x186c</size>
         <input_file_ref idref="fl-3"/>
      </object_component>
      <object_component id="oc-2b0">
         <name>.debug_info</name>
         <load_address>0x41fe</load_address>
         <run_address>0x41fe</run_address>
         <size>0x6c1</size>
         <input_file_ref idref="fl-3"/>
      </object_component>
      <object_component id="oc-1fe">
         <name>.debug_info</name>
         <load_address>0x48bf</load_address>
         <run_address>0x48bf</run_address>
         <size>0x434</size>
         <input_file_ref idref="fl-5"/>
      </object_component>
      <object_component id="oc-f7">
         <name>.debug_info</name>
         <load_address>0x4cf3</load_address>
         <run_address>0x4cf3</run_address>
         <size>0x71b</size>
         <input_file_ref idref="fl-5"/>
      </object_component>
      <object_component id="oc-fd">
         <name>.debug_info</name>
         <load_address>0x540e</load_address>
         <run_address>0x540e</run_address>
         <size>0x415</size>
         <input_file_ref idref="fl-6"/>
      </object_component>
      <object_component id="oc-294">
         <name>.debug_info</name>
         <load_address>0x5823</load_address>
         <run_address>0x5823</run_address>
         <size>0x65b</size>
         <input_file_ref idref="fl-7"/>
      </object_component>
      <object_component id="oc-291">
         <name>.debug_info</name>
         <load_address>0x5e7e</load_address>
         <run_address>0x5e7e</run_address>
         <size>0x108</size>
         <input_file_ref idref="fl-7"/>
      </object_component>
      <object_component id="oc-103">
         <name>.debug_info</name>
         <load_address>0x5f86</load_address>
         <run_address>0x5f86</run_address>
         <size>0x62e</size>
         <input_file_ref idref="fl-7"/>
      </object_component>
      <object_component id="oc-3a4">
         <name>.debug_info</name>
         <load_address>0x65b4</load_address>
         <run_address>0x65b4</run_address>
         <size>0x55e</size>
         <input_file_ref idref="fl-8"/>
      </object_component>
      <object_component id="oc-296">
         <name>.debug_info</name>
         <load_address>0x6b12</load_address>
         <run_address>0x6b12</run_address>
         <size>0x84b</size>
         <input_file_ref idref="fl-8"/>
      </object_component>
      <object_component id="oc-13a">
         <name>.debug_info</name>
         <load_address>0x735d</load_address>
         <run_address>0x735d</run_address>
         <size>0x232</size>
         <input_file_ref idref="fl-a"/>
      </object_component>
      <object_component id="oc-1e1">
         <name>.debug_info</name>
         <load_address>0x758f</load_address>
         <run_address>0x758f</run_address>
         <size>0x3e5</size>
         <input_file_ref idref="fl-b"/>
      </object_component>
      <object_component id="oc-1d3">
         <name>.debug_info</name>
         <load_address>0x7974</load_address>
         <run_address>0x7974</run_address>
         <size>0xdc</size>
         <input_file_ref idref="fl-b"/>
      </object_component>
      <object_component id="oc-1de">
         <name>.debug_info</name>
         <load_address>0x7a50</load_address>
         <run_address>0x7a50</run_address>
         <size>0xd6</size>
         <input_file_ref idref="fl-b"/>
      </object_component>
      <object_component id="oc-1d6">
         <name>.debug_info</name>
         <load_address>0x7b26</load_address>
         <run_address>0x7b26</run_address>
         <size>0xe4</size>
         <input_file_ref idref="fl-b"/>
      </object_component>
      <object_component id="oc-1d0">
         <name>.debug_info</name>
         <load_address>0x7c0a</load_address>
         <run_address>0x7c0a</run_address>
         <size>0xe8</size>
         <input_file_ref idref="fl-b"/>
      </object_component>
      <object_component id="oc-df">
         <name>.debug_info</name>
         <load_address>0x7cf2</load_address>
         <run_address>0x7cf2</run_address>
         <size>0x869</size>
         <input_file_ref idref="fl-b"/>
      </object_component>
      <object_component id="oc-197">
         <name>.debug_info</name>
         <load_address>0x855b</load_address>
         <run_address>0x855b</run_address>
         <size>0x18b</size>
         <input_file_ref idref="fl-11"/>
      </object_component>
      <object_component id="oc-e8">
         <name>.debug_info</name>
         <load_address>0x86e6</load_address>
         <run_address>0x86e6</run_address>
         <size>0x225</size>
         <input_file_ref idref="fl-12"/>
      </object_component>
      <object_component id="oc-1a1">
         <name>.debug_info</name>
         <load_address>0x890b</load_address>
         <run_address>0x890b</run_address>
         <size>0x240</size>
         <input_file_ref idref="fl-13"/>
      </object_component>
      <object_component id="oc-19e">
         <name>.debug_info</name>
         <load_address>0x8b4b</load_address>
         <run_address>0x8b4b</run_address>
         <size>0x15b</size>
         <input_file_ref idref="fl-13"/>
      </object_component>
      <object_component id="oc-141">
         <name>.debug_info</name>
         <load_address>0x8ca6</load_address>
         <run_address>0x8ca6</run_address>
         <size>0x2a3</size>
         <input_file_ref idref="fl-13"/>
      </object_component>
      <object_component id="oc-1a4">
         <name>.debug_info</name>
         <load_address>0x8f49</load_address>
         <run_address>0x8f49</run_address>
         <size>0x2b3</size>
         <input_file_ref idref="fl-13"/>
      </object_component>
      <object_component id="oc-1aa">
         <name>.debug_info</name>
         <load_address>0x91fc</load_address>
         <run_address>0x91fc</run_address>
         <size>0x316</size>
         <input_file_ref idref="fl-13"/>
      </object_component>
      <object_component id="oc-d3">
         <name>.debug_info</name>
         <load_address>0x9512</load_address>
         <run_address>0x9512</run_address>
         <size>0x27b</size>
         <input_file_ref idref="fl-13"/>
      </object_component>
      <object_component id="oc-207">
         <name>.debug_info</name>
         <load_address>0x978d</load_address>
         <run_address>0x978d</run_address>
         <size>0x279</size>
         <input_file_ref idref="fl-13"/>
      </object_component>
      <object_component id="oc-250">
         <name>.debug_info</name>
         <load_address>0x9a06</load_address>
         <run_address>0x9a06</run_address>
         <size>0x279</size>
         <input_file_ref idref="fl-13"/>
      </object_component>
      <object_component id="oc-375">
         <name>.debug_info</name>
         <load_address>0x9c7f</load_address>
         <run_address>0x9c7f</run_address>
         <size>0x27f</size>
         <input_file_ref idref="fl-13"/>
      </object_component>
      <object_component id="oc-37b">
         <name>.debug_info</name>
         <load_address>0x9efe</load_address>
         <run_address>0x9efe</run_address>
         <size>0x279</size>
         <input_file_ref idref="fl-13"/>
      </object_component>
      <object_component id="oc-f1">
         <name>.debug_info</name>
         <load_address>0xa177</load_address>
         <run_address>0xa177</run_address>
         <size>0x2b7</size>
         <input_file_ref idref="fl-13"/>
      </object_component>
      <object_component id="oc-cd">
         <name>.debug_info</name>
         <load_address>0xa42e</load_address>
         <run_address>0xa42e</run_address>
         <size>0x280</size>
         <input_file_ref idref="fl-13"/>
      </object_component>
      <object_component id="oc-405">
         <name>.debug_info</name>
         <load_address>0xa6ae</load_address>
         <run_address>0xa6ae</run_address>
         <size>0x231</size>
         <input_file_ref idref="fl-14"/>
      </object_component>
      <object_component id="oc-386">
         <name>.debug_info</name>
         <load_address>0xa8df</load_address>
         <run_address>0xa8df</run_address>
         <size>0x2ce</size>
         <input_file_ref idref="fl-14"/>
      </object_component>
      <object_component id="oc-3ff">
         <name>.debug_info</name>
         <load_address>0xabad</load_address>
         <run_address>0xabad</run_address>
         <size>0x24e</size>
         <input_file_ref idref="fl-14"/>
      </object_component>
      <object_component id="oc-380">
         <name>.debug_info</name>
         <load_address>0xadfb</load_address>
         <run_address>0xadfb</run_address>
         <size>0x2d5</size>
         <input_file_ref idref="fl-14"/>
      </object_component>
      <object_component id="oc-38c">
         <name>.debug_info</name>
         <load_address>0xb0d0</load_address>
         <run_address>0xb0d0</run_address>
         <size>0x27e</size>
         <input_file_ref idref="fl-14"/>
      </object_component>
      <object_component id="oc-39e">
         <name>.debug_info</name>
         <load_address>0xb34e</load_address>
         <run_address>0xb34e</run_address>
         <size>0x254</size>
         <input_file_ref idref="fl-14"/>
      </object_component>
      <object_component id="oc-398">
         <name>.debug_info</name>
         <load_address>0xb5a2</load_address>
         <run_address>0xb5a2</run_address>
         <size>0x27e</size>
         <input_file_ref idref="fl-14"/>
      </object_component>
      <object_component id="oc-392">
         <name>.debug_info</name>
         <load_address>0xb820</load_address>
         <run_address>0xb820</run_address>
         <size>0x24e</size>
         <input_file_ref idref="fl-14"/>
      </object_component>
      <object_component id="oc-367">
         <name>.debug_info</name>
         <load_address>0xba6e</load_address>
         <run_address>0xba6e</run_address>
         <size>0x20e</size>
         <input_file_ref idref="fl-15"/>
      </object_component>
      <object_component id="oc-364">
         <name>.debug_info</name>
         <load_address>0xbc7c</load_address>
         <run_address>0xbc7c</run_address>
         <size>0x210</size>
         <input_file_ref idref="fl-15"/>
      </object_component>
      <object_component id="oc-3f4">
         <name>.debug_info</name>
         <load_address>0xbe8c</load_address>
         <run_address>0xbe8c</run_address>
         <size>0x157</size>
         <input_file_ref idref="fl-15"/>
      </object_component>
      <object_component id="oc-35d">
         <name>.debug_info</name>
         <load_address>0xbfe3</load_address>
         <run_address>0xbfe3</run_address>
         <size>0x2c1</size>
         <input_file_ref idref="fl-15"/>
      </object_component>
      <object_component id="oc-1f8">
         <name>.debug_info</name>
         <load_address>0xc2a4</load_address>
         <run_address>0xc2a4</run_address>
         <size>0x23e</size>
         <input_file_ref idref="fl-15"/>
      </object_component>
      <object_component id="oc-1f2">
         <name>.debug_info</name>
         <load_address>0xc4e2</load_address>
         <run_address>0xc4e2</run_address>
         <size>0x240</size>
         <input_file_ref idref="fl-15"/>
      </object_component>
      <object_component id="oc-285">
         <name>.debug_info</name>
         <load_address>0xc722</load_address>
         <run_address>0xc722</run_address>
         <size>0x268</size>
         <input_file_ref idref="fl-15"/>
      </object_component>
      <object_component id="oc-34c">
         <name>.debug_info</name>
         <load_address>0xc98a</load_address>
         <run_address>0xc98a</run_address>
         <size>0x1ed</size>
         <input_file_ref idref="fl-16"/>
      </object_component>
      <object_component id="oc-243">
         <name>.debug_info</name>
         <load_address>0xcb77</load_address>
         <run_address>0xcb77</run_address>
         <size>0x2f6</size>
         <input_file_ref idref="fl-16"/>
      </object_component>
      <object_component id="oc-267">
         <name>.debug_info</name>
         <load_address>0xce6d</load_address>
         <run_address>0xce6d</run_address>
         <size>0x2c4</size>
         <input_file_ref idref="fl-16"/>
      </object_component>
      <object_component id="oc-25b">
         <name>.debug_info</name>
         <load_address>0xd131</load_address>
         <run_address>0xd131</run_address>
         <size>0x2b6</size>
         <input_file_ref idref="fl-16"/>
      </object_component>
      <object_component id="oc-261">
         <name>.debug_info</name>
         <load_address>0xd3e7</load_address>
         <run_address>0xd3e7</run_address>
         <size>0x276</size>
         <input_file_ref idref="fl-16"/>
      </object_component>
      <object_component id="oc-255">
         <name>.debug_info</name>
         <load_address>0xd65d</load_address>
         <run_address>0xd65d</run_address>
         <size>0x2b3</size>
         <input_file_ref idref="fl-16"/>
      </object_component>
      <object_component id="oc-341">
         <name>.debug_info</name>
         <load_address>0xd910</load_address>
         <run_address>0xd910</run_address>
         <size>0x1e8</size>
         <input_file_ref idref="fl-17"/>
      </object_component>
      <object_component id="oc-230">
         <name>.debug_info</name>
         <load_address>0xdaf8</load_address>
         <run_address>0xdaf8</run_address>
         <size>0x252</size>
         <input_file_ref idref="fl-17"/>
      </object_component>
      <object_component id="oc-22a">
         <name>.debug_info</name>
         <load_address>0xdd4a</load_address>
         <run_address>0xdd4a</run_address>
         <size>0x2cc</size>
         <input_file_ref idref="fl-17"/>
      </object_component>
      <object_component id="oc-224">
         <name>.debug_info</name>
         <load_address>0xe016</load_address>
         <run_address>0xe016</run_address>
         <size>0x28b</size>
         <input_file_ref idref="fl-17"/>
      </object_component>
      <object_component id="oc-212">
         <name>.debug_info</name>
         <load_address>0xe2a1</load_address>
         <run_address>0xe2a1</run_address>
         <size>0x28c</size>
         <input_file_ref idref="fl-17"/>
      </object_component>
      <object_component id="oc-21e">
         <name>.debug_info</name>
         <load_address>0xe52d</load_address>
         <run_address>0xe52d</run_address>
         <size>0x23f</size>
         <input_file_ref idref="fl-17"/>
      </object_component>
      <object_component id="oc-20c">
         <name>.debug_info</name>
         <load_address>0xe76c</load_address>
         <run_address>0xe76c</run_address>
         <size>0x241</size>
         <input_file_ref idref="fl-17"/>
      </object_component>
      <object_component id="oc-218">
         <name>.debug_info</name>
         <load_address>0xe9ad</load_address>
         <run_address>0xe9ad</run_address>
         <size>0x2cd</size>
         <input_file_ref idref="fl-17"/>
      </object_component>
      <object_component id="oc-19c">
         <name>.debug_info</name>
         <load_address>0xec7a</load_address>
         <run_address>0xec7a</run_address>
         <size>0x298</size>
         <input_file_ref idref="fl-18"/>
      </object_component>
      <object_component id="oc-32b">
         <name>.debug_info</name>
         <load_address>0xef12</load_address>
         <run_address>0xef12</run_address>
         <size>0x14d</size>
         <input_file_ref idref="fl-18"/>
      </object_component>
      <object_component id="oc-36e">
         <name>.debug_info</name>
         <load_address>0xf05f</load_address>
         <run_address>0xf05f</run_address>
         <size>0x295</size>
         <input_file_ref idref="fl-18"/>
      </object_component>
      <object_component id="oc-200">
         <name>.debug_info</name>
         <load_address>0xf2f4</load_address>
         <run_address>0xf2f4</run_address>
         <size>0x27f</size>
         <input_file_ref idref="fl-18"/>
      </object_component>
      <object_component id="oc-1b2">
         <name>.debug_info</name>
         <load_address>0xf573</load_address>
         <run_address>0xf573</run_address>
         <size>0x283</size>
         <input_file_ref idref="fl-18"/>
      </object_component>
      <object_component id="oc-c7">
         <name>.debug_info</name>
         <load_address>0xf7f6</load_address>
         <run_address>0xf7f6</run_address>
         <size>0x27d</size>
         <input_file_ref idref="fl-18"/>
      </object_component>
      <object_component id="oc-249">
         <name>.debug_info</name>
         <load_address>0xfa73</load_address>
         <run_address>0xfa73</run_address>
         <size>0x263</size>
         <input_file_ref idref="fl-18"/>
      </object_component>
      <object_component id="oc-eb">
         <name>.debug_info</name>
         <load_address>0xfcd6</load_address>
         <run_address>0xfcd6</run_address>
         <size>0x2db</size>
         <input_file_ref idref="fl-18"/>
      </object_component>
      <object_component id="oc-1ec">
         <name>.debug_info</name>
         <load_address>0xffb1</load_address>
         <run_address>0xffb1</run_address>
         <size>0x2b5</size>
         <input_file_ref idref="fl-18"/>
      </object_component>
      <object_component id="oc-301">
         <name>.debug_info</name>
         <load_address>0x10266</load_address>
         <run_address>0x10266</run_address>
         <size>0x5f</size>
         <input_file_ref idref="fl-18"/>
      </object_component>
      <object_component id="oc-349">
         <name>.debug_info</name>
         <load_address>0x102c5</load_address>
         <run_address>0x102c5</run_address>
         <size>0x223</size>
         <input_file_ref idref="fl-19"/>
      </object_component>
      <object_component id="oc-3ed">
         <name>.debug_info</name>
         <load_address>0x104e8</load_address>
         <run_address>0x104e8</run_address>
         <size>0x15a</size>
         <input_file_ref idref="fl-19"/>
      </object_component>
      <object_component id="oc-3f0">
         <name>.debug_info</name>
         <load_address>0x10642</load_address>
         <run_address>0x10642</run_address>
         <size>0x16c</size>
         <input_file_ref idref="fl-19"/>
      </object_component>
      <object_component id="oc-273">
         <name>.debug_info</name>
         <load_address>0x107ae</load_address>
         <run_address>0x107ae</run_address>
         <size>0x2ba</size>
         <input_file_ref idref="fl-19"/>
      </object_component>
      <object_component id="oc-357">
         <name>.debug_info</name>
         <load_address>0x10a68</load_address>
         <run_address>0x10a68</run_address>
         <size>0x2eb</size>
         <input_file_ref idref="fl-19"/>
      </object_component>
      <object_component id="oc-237">
         <name>.debug_info</name>
         <load_address>0x10d53</load_address>
         <run_address>0x10d53</run_address>
         <size>0x284</size>
         <input_file_ref idref="fl-19"/>
      </object_component>
      <object_component id="oc-27f">
         <name>.debug_info</name>
         <load_address>0x10fd7</load_address>
         <run_address>0x10fd7</run_address>
         <size>0x2e4</size>
         <input_file_ref idref="fl-19"/>
      </object_component>
      <object_component id="oc-28b">
         <name>.debug_info</name>
         <load_address>0x112bb</load_address>
         <run_address>0x112bb</run_address>
         <size>0x294</size>
         <input_file_ref idref="fl-19"/>
      </object_component>
      <object_component id="oc-23d">
         <name>.debug_info</name>
         <load_address>0x1154f</load_address>
         <run_address>0x1154f</run_address>
         <size>0x292</size>
         <input_file_ref idref="fl-19"/>
      </object_component>
      <object_component id="oc-279">
         <name>.debug_info</name>
         <load_address>0x117e1</load_address>
         <run_address>0x117e1</run_address>
         <size>0x27f</size>
         <input_file_ref idref="fl-19"/>
      </object_component>
      <object_component id="oc-26d">
         <name>.debug_info</name>
         <load_address>0x11a60</load_address>
         <run_address>0x11a60</run_address>
         <size>0x28c</size>
         <input_file_ref idref="fl-19"/>
      </object_component>
      <object_component id="oc-1b0">
         <name>.debug_info</name>
         <load_address>0x11cec</load_address>
         <run_address>0x11cec</run_address>
         <size>0x227</size>
         <input_file_ref idref="fl-1a"/>
      </object_component>
      <object_component id="oc-1be">
         <name>.debug_info</name>
         <load_address>0x11f13</load_address>
         <run_address>0x11f13</run_address>
         <size>0x247</size>
         <input_file_ref idref="fl-1a"/>
      </object_component>
      <object_component id="oc-310">
         <name>.debug_info</name>
         <load_address>0x1215a</load_address>
         <run_address>0x1215a</run_address>
         <size>0x249</size>
         <input_file_ref idref="fl-1a"/>
      </object_component>
      <object_component id="oc-1b8">
         <name>.debug_info</name>
         <load_address>0x123a3</load_address>
         <run_address>0x123a3</run_address>
         <size>0x326</size>
         <input_file_ref idref="fl-1a"/>
      </object_component>
      <object_component id="oc-d9">
         <name>.debug_info</name>
         <load_address>0x126c9</load_address>
         <run_address>0x126c9</run_address>
         <size>0x291</size>
         <input_file_ref idref="fl-1a"/>
      </object_component>
      <object_component id="oc-1c4">
         <name>.debug_info</name>
         <load_address>0x1295a</load_address>
         <run_address>0x1295a</run_address>
         <size>0x273</size>
         <input_file_ref idref="fl-1a"/>
      </object_component>
      <object_component id="oc-1ca">
         <name>.debug_info</name>
         <load_address>0x12bcd</load_address>
         <run_address>0x12bcd</run_address>
         <size>0x24d</size>
         <input_file_ref idref="fl-1a"/>
      </object_component>
      <object_component id="oc-336">
         <name>.debug_info</name>
         <load_address>0x12e1a</load_address>
         <run_address>0x12e1a</run_address>
         <size>0x212</size>
         <input_file_ref idref="fl-1b"/>
      </object_component>
      <object_component id="oc-32f">
         <name>.debug_info</name>
         <load_address>0x1302c</load_address>
         <run_address>0x1302c</run_address>
         <size>0x20f</size>
         <input_file_ref idref="fl-1b"/>
      </object_component>
      <object_component id="oc-2c2">
         <name>.debug_info</name>
         <load_address>0x1323b</load_address>
         <run_address>0x1323b</run_address>
         <size>0x2ad</size>
         <input_file_ref idref="fl-d1"/>
      </object_component>
      <object_component id="oc-119">
         <name>.debug_info</name>
         <load_address>0x134e8</load_address>
         <run_address>0x134e8</run_address>
         <size>0x246</size>
         <input_file_ref idref="fl-d1"/>
      </object_component>
      <object_component id="oc-3b3">
         <name>.debug_info</name>
         <load_address>0x1372e</load_address>
         <run_address>0x1372e</run_address>
         <size>0x46</size>
         <input_file_ref idref="fl-d1"/>
      </object_component>
      <object_component id="oc-2c3">
         <name>.debug_info</name>
         <load_address>0x13774</load_address>
         <run_address>0x13774</run_address>
         <size>0x39</size>
         <input_file_ref idref="fl-d1"/>
      </object_component>
      <object_component id="oc-2d0">
         <name>.debug_info</name>
         <load_address>0x137ad</load_address>
         <run_address>0x137ad</run_address>
         <size>0x2c9</size>
         <input_file_ref idref="fl-d3"/>
      </object_component>
      <object_component id="oc-124">
         <name>.debug_info</name>
         <load_address>0x13a76</load_address>
         <run_address>0x13a76</run_address>
         <size>0x24c</size>
         <input_file_ref idref="fl-d3"/>
      </object_component>
      <object_component id="oc-410">
         <name>.debug_info</name>
         <load_address>0x13cc2</load_address>
         <run_address>0x13cc2</run_address>
         <size>0x2f6</size>
         <input_file_ref idref="fl-d4"/>
      </object_component>
      <object_component id="oc-3ae">
         <name>.debug_info</name>
         <load_address>0x13fb8</load_address>
         <run_address>0x13fb8</run_address>
         <size>0x130</size>
         <input_file_ref idref="fl-d4"/>
      </object_component>
      <object_component id="oc-2bd">
         <name>.debug_info</name>
         <load_address>0x140e8</load_address>
         <run_address>0x140e8</run_address>
         <size>0x4ab</size>
         <input_file_ref idref="fl-d4"/>
      </object_component>
      <object_component id="oc-2b7">
         <name>.debug_info</name>
         <load_address>0x14593</load_address>
         <run_address>0x14593</run_address>
         <size>0x14b</size>
         <input_file_ref idref="fl-d6"/>
      </object_component>
      <object_component id="oc-3aa">
         <name>.debug_info</name>
         <load_address>0x146de</load_address>
         <run_address>0x146de</run_address>
         <size>0x129</size>
         <input_file_ref idref="fl-d7"/>
      </object_component>
      <object_component id="oc-12c">
         <name>.debug_info</name>
         <load_address>0x14807</load_address>
         <run_address>0x14807</run_address>
         <size>0x139</size>
         <input_file_ref idref="fl-d8"/>
      </object_component>
      <object_component id="oc-12f">
         <name>.debug_info</name>
         <load_address>0x14940</load_address>
         <run_address>0x14940</run_address>
         <size>0x139</size>
         <input_file_ref idref="fl-d9"/>
      </object_component>
      <object_component id="oc-11f">
         <name>.debug_info</name>
         <load_address>0x14a79</load_address>
         <run_address>0x14a79</run_address>
         <size>0x13d</size>
         <input_file_ref idref="fl-db"/>
      </object_component>
      <object_component id="oc-114">
         <name>.debug_info</name>
         <load_address>0x14bb6</load_address>
         <run_address>0x14bb6</run_address>
         <size>0x12b</size>
         <input_file_ref idref="fl-dc"/>
      </object_component>
      <object_component id="oc-39">
         <name>.debug_info</name>
         <load_address>0x14ce1</load_address>
         <run_address>0x14ce1</run_address>
         <size>0x118</size>
         <input_file_ref idref="fl-de"/>
      </object_component>
      <object_component id="oc-1d9">
         <name>.debug_info</name>
         <load_address>0x14df9</load_address>
         <run_address>0x14df9</run_address>
         <size>0x141</size>
         <input_file_ref idref="fl-e0"/>
      </object_component>
[...]
      </symbol>
      <symbol id="sm-1e9">
         <name>tempAvailable</name>
         <value>0x8cf</value>
         <object_component_ref idref="oc-108"/>
      </symbol>
      <symbol id="sm-1ea">
         <name>calcaRes</name>
         <value>0x3f7</value>
         <object_component_ref idref="oc-108"/>
      </symbol>
      <symbol id="sm-1eb">
         <name>calcAccel</name>
         <value>0x9e7</value>
         <object_component_ref idref="oc-108"/>
      </symbol>
      <symbol id="sm-1ec">
         <name>calcgRes</name>
         <value>0x3d9</value>
         <object_component_ref idref="oc-108"/>
      </symbol>
      <symbol id="sm-1ed">
         <name>initMag</name>
         <value>0x7a5</value>
         <object_component_ref idref="oc-108"/>
      </symbol>
      <symbol id="sm-1ee">
         <name>mWriteByte</name>
         <value>0xda9</value>
         <object_component_ref idref="oc-108"/>
      </symbol>
      <symbol id="sm-1ef">
         <name>calcmRes</name>
         <value>0x415</value>
         <object_component_ref idref="oc-108"/>
      </symbol>
      <symbol id="sm-1f0">
         <name>initGyro</name>
         <value>0x489</value>
         <object_component_ref idref="oc-108"/>
      </symbol>
      <symbol id="sm-1f1">
         <name>IMU_init</name>
         <value>0x2a5</value>
         <object_component_ref idref="oc-108"/>
      </symbol>
      <symbol id="sm-1f2">
         <name>calcMag</name>
         <value>0xa11</value>
         <object_component_ref idref="oc-108"/>
      </symbol>
      <symbol id="sm-215">
         <name>intToASCII</name>
         <value>0x2363</value>
         <object_component_ref idref="oc-f6"/>
      </symbol>
      <symbol id="sm-216">
         <name>printString</name>
         <value>0x221d</value>
         <object_component_ref idref="oc-f6"/>
      </symbol>
      <symbol id="sm-217">
         <name>printInt</name>
         <value>0x2287</value>
         <object_component_ref idref="oc-f6"/>
      </symbol>
      <symbol id="sm-218">
         <name>ConfigureBluetoothUART</name>
         <value>0x21e5</value>
         <object_component_ref idref="oc-f6"/>
      </symbol>
      <symbol id="sm-219">
         <name>printFloat</name>
         <value>0x22d9</value>
         <object_component_ref idref="oc-f6"/>
      </symbol>
      <symbol id="sm-231">
         <name>pulsesToDegrees</name>
         <value>0x2cbd</value>
         <object_component_ref idref="oc-fc"/>
      </symbol>
      <symbol id="sm-232">
         <name>ConfigureQEI</name>
         <value>0x2c2d</value>
         <object_component_ref idref="oc-fc"/>
      </symbol>
      <symbol id="sm-233">
         <name>ConfigureQEIVel</name>
         <value>0x2ca1</value>
         <object_component_ref idref="oc-fc"/>
      </symbol>
      <symbol id="sm-26e">
         <name>ConfigureESCSignal</name>
         <value>0x1d71</value>
         <object_component_ref idref="oc-102"/>
      </symbol>
      <symbol id="sm-26f">
         <name>upFlag</name>
         <value>0x20000514</value>
         <object_component_ref idref="oc-290"/>
      </symbol>
      <symbol id="sm-270">
         <name>startESCSignal</name>
         <value>0x1d7f</value>
         <object_component_ref idref="oc-102"/>
      </symbol>
      <symbol id="sm-271">
         <name>pwmOut</name>
         <value>0x20000510</value>
         <object_component_ref idref="oc-290"/>
      </symbol>
      <symbol id="sm-272">
         <name>flag</name>
         <value>0x20000518</value>
         <object_component_ref idref="oc-290"/>
      </symbol>
      <symbol id="sm-29c">
         <name>I2C_Write</name>
         <value>0x1e13</value>
         <object_component_ref idref="oc-295"/>
      </symbol>
      <symbol id="sm-29d">
         <name>I2C_Init</name>
         <value>0x1dcd</value>
         <object_component_ref idref="oc-295"/>
      </symbol>
      <symbol id="sm-29e">
         <name>I2C_Read</name>
         <value>0x1ec7</value>
         <object_component_ref idref="oc-295"/>
      </symbol>
      <symbol id="sm-2ac">
         <name>delayUs</name>
         <value>0x3257</value>
         <object_component_ref idref="oc-139"/>
      </symbol>
      <symbol id="sm-2ad">
         <name>delayMs</name>
         <value>0x323d</value>
         <object_component_ref idref="oc-139"/>
      </symbol>
      <symbol id="sm-31c">
         <name>UARTgetc</name>
         <value>0x152b</value>
         <object_component_ref idref="oc-de"/>
      </symbol>
      <symbol id="sm-31d">
         <name>UARTgets</name>
         <value>0x1471</value>
         <object_component_ref idref="oc-de"/>
      </symbol>
      <symbol id="sm-31e">
         <name>UARTStdioConfig</name>
         <value>0x13e5</value>
         <object_component_ref idref="oc-de"/>
      </symbol>
      <symbol id="sm-31f">
         <name>UARTwrite</name>
         <value>0x142b</value>
         <object_component_ref idref="oc-de"/>
      </symbol>
      <symbol id="sm-320">
         <name>UARTprintf</name>
         <value>0x184b</value>
         <object_component_ref idref="oc-de"/>
      </symbol>
      <symbol id="sm-321">
         <name>UARTvprintf</name>
         <value>0x1551</value>
         <object_component_ref idref="oc-de"/>
      </symbol>
      <symbol id="sm-333">
         <name>FPULazyStackingEnable</name>
         <value>0x34c9</value>
         <object_component_ref idref="oc-e4"/>
      </symbol>
      <symbol id="sm-395">
         <name>GPIOPinTypePWM</name>
         <value>0x346d</value>
         <object_component_ref idref="oc-24e"/>
      </symbol>
      <symbol id="sm-396">
         <name>GPIOPinConfigure</name>
         <value>0x30b9</value>
         <object_component_ref idref="oc-cc"/>
      </symbol>
      <symbol id="sm-397">
         <name>GPIOPinTypeI2CSCL</name>
         <value>0x345b</value>
         <object_component_ref idref="oc-373"/>
      </symbol>
      <symbol id="sm-398">
         <name>GPIOPinTypeI2C</name>
         <value>0x3449</value>
         <object_component_ref idref="oc-379"/>
      </symbol>
      <symbol id="sm-399">
         <name>GPIOPinTypeUART</name>
         <value>0x3491</value>
         <object_component_ref idref="oc-d2"/>
      </symbol>
      <symbol id="sm-39a">
         <name>GPIOPinTypeGPIOOutput</name>
         <value>0x33ef</value>
         <object_component_ref idref="oc-f0"/>
      </symbol>
      <symbol id="sm-39b">
         <name>GPIODirModeSet</name>
         <value>0x3349</value>
         <object_component_ref idref="oc-1a2"/>
      </symbol>
      <symbol id="sm-39c">
         <name>GPIOPinTypeQEI</name>
         <value>0x347f</value>
         <object_component_ref idref="oc-205"/>
      </symbol>
      <symbol id="sm-39d">
         <name>GPIOPinWrite</name>
         <value>0x35e5</value>
         <object_component_ref idref="oc-13f"/>
      </symbol>
      <symbol id="sm-39e">
         <name>GPIOPadConfigSet</name>
         <value>0x27fb</value>
         <object_component_ref idref="oc-1a8"/>
      </symbol>
      <symbol id="sm-3df">
         <name>I2CMasterDataPut</name>
         <value>0x35ff</value>
         <object_component_ref idref="oc-38b"/>
      </symbol>
      <symbol id="sm-3e0">
         <name>I2CMasterInitExpClk</name>
         <value>0x3021</value>
         <object_component_ref idref="oc-37f"/>
      </symbol>
      <symbol id="sm-3e1">
         <name>I2CMasterSlaveAddrSet</name>
         <value>0x35cb</value>
         <object_component_ref idref="oc-385"/>
      </symbol>
      <symbol id="sm-3e2">
         <name>I2CMasterDataGet</name>
         <value>0x35fb</value>
         <object_component_ref idref="oc-39d"/>
      </symbol>
      <symbol id="sm-3e3">
         <name>I2CMasterControl</name>
         <value>0x35f7</value>
         <object_component_ref idref="oc-397"/>
      </symbol>
      <symbol id="sm-3e4">
         <name>I2CMasterBusy</name>
         <value>0x35c3</value>
         <object_component_ref idref="oc-391"/>
      </symbol>
      <symbol id="sm-3e5">
         <name>I2CMasterEnable</name>
         <value>0x3573</value>
         <object_component_ref idref="oc-3fe"/>
      </symbol>
      <symbol id="sm-430">
         <name>IntEnable</name>
         <value>0x2ea1</value>
         <object_component_ref idref="oc-284"/>
      </symbol>
      <symbol id="sm-431">
         <name>IntRegister</name>
         <value>0x32ad</value>
         <object_component_ref idref="oc-35c"/>
      </symbol>
      <symbol id="sm-432">
         <name>IntMasterDisable</name>
         <value>0x34d9</value>
         <object_component_ref idref="oc-1f1"/>
      </symbol>
      <symbol id="sm-433">
         <name>g_pfnRAMVectors</name>
         <value>0x20000000</value>
         <object_component_ref idref="oc-3f3"/>
      </symbol>
      <symbol id="sm-434">
         <name>IntMasterEnable</name>
         <value>0x34e9</value>
         <object_component_ref idref="oc-1f7"/>
      </symbol>
      <symbol id="sm-461">
         <name>PWMGenPeriodSet</name>
         <value>0x34f9</value>
         <object_component_ref idref="oc-25a"/>
      </symbol>
      <symbol id="sm-462">
         <name>PWMPulseWidthSet</name>
         <value>0x33b5</value>
         <object_component_ref idref="oc-242"/>
      </symbol>
      <symbol id="sm-463">
         <name>PWMOutputState</name>
         <value>0x34a3</value>
         <object_component_ref idref="oc-266"/>
      </symbol>
      <symbol id="sm-464">
         <name>PWMGenEnable</name>
         <value>0x355b</value>
         <object_component_ref idref="oc-260"/>
      </symbol>
      <symbol id="sm-465">
         <name>PWMGenConfigure</name>
         <value>0x3373</value>
         <object_component_ref idref="oc-254"/>
      </symbol>
      <symbol id="sm-4a2">
         <name>QEIVelocityConfigure</name>
         <value>0x3509</value>
         <object_component_ref idref="oc-229"/>
      </symbol>
      <symbol id="sm-4a3">
         <name>QEIIntDisable</name>
         <value>0x3591</value>
         <object_component_ref idref="oc-211"/>
      </symbol>
      <symbol id="sm-4a4">
         <name>QEIDisable</name>
         <value>0x357d</value>
         <object_component_ref idref="oc-20b"/>
      </symbol>
      <symbol id="sm-4a5">
         <name>QEIEnable</name>
         <value>0x3587</value>
         <object_component_ref idref="oc-21d"/>
      </symbol>
      <symbol id="sm-4a6">
         <name>QEIPositionSet</name>
         <value>0x3603</value>
         <object_component_ref idref="oc-223"/>
      </symbol>
      <symbol id="sm-4a7">
         <name>QEIVelocityEnable</name>
         <value>0x359b</value>
         <object_component_ref idref="oc-22f"/>
      </symbol>
      <symbol id="sm-4a8">
         <name>QEIConfigure</name>
         <value>0x3519</value>
         <object_component_ref idref="oc-217"/>
      </symbol>
      <symbol id="sm-526">
         <name>SysCtlPeripheralPresent</name>
         <value>0x31cd</value>
         <object_component_ref idref="oc-1b1"/>
      </symbol>
      <symbol id="sm-527">
         <name>SysCtlClockSet</name>
         <value>0x2b39</value>
         <object_component_ref idref="oc-ea"/>
      </symbol>
      <symbol id="sm-528">
         <name>SysCtlDelay</name>
         <value>0x35eb</value>
         <object_component_ref idref="oc-1e8"/>
      </symbol>
      <symbol id="sm-529">
         <name>SysCtlPeripheralEnable</name>
         <value>0x32e1</value>
         <object_component_ref idref="oc-c6"/>
      </symbol>
      <symbol id="sm-52a">
         <name>SysCtlClockGet</name>
         <value>0x292d</value>
         <object_component_ref idref="oc-1eb"/>
      </symbol>
      <symbol id="sm-52b">
         <name>SysCtlPWMClockSet</name>
         <value>0x3421</value>
         <object_component_ref idref="oc-248"/>
      </symbol>
      <symbol id="sm-52c">
         <name>SysCtlPeripheralReady</name>
         <value>0x3205</value>
         <object_component_ref idref="oc-1ff"/>
      </symbol>
      <symbol id="sm-52d">
         <name>SysCtlPeripheralReset</name>
         <value>0x2fd1</value>
         <object_component_ref idref="oc-36d"/>
      </symbol>
      <symbol id="sm-590">
         <name>TimerLoadSet</name>
         <value>0x34b5</value>
         <object_component_ref idref="oc-272"/>
      </symbol>
      <symbol id="sm-591">
         <name>TimerIntRegister</name>
         <value>0x3407</value>
         <object_component_ref idref="oc-27e"/>
      </symbol>
      <symbol id="sm-592">
         <name>TimerEnable</name>
         <value>0x3527</value>
         <object_component_ref idref="oc-278"/>
      </symbol>
      <symbol id="sm-593">
         <name>TimerIntStatus</name>
         <value>0x35a5</value>
         <object_component_ref idref="oc-236"/>
      </symbol>
      <symbol id="sm-594">
         <name>TimerIntEnable</name>
         <value>0x35d3</value>
         <object_component_ref idref="oc-28a"/>
      </symbol>
      <symbol id="sm-595">
         <name>TimerConfigure</name>
         <value>0x2f71</value>
         <object_component_ref idref="oc-26c"/>
      </symbol>
      <symbol id="sm-596">
         <name>TimerIntClear</name>
         <value>0x3607</value>
         <object_component_ref idref="oc-23c"/>
      </symbol>
      <symbol id="sm-5d1">
         <name>UARTConfigSetExpClk</name>
         <value>0x3101</value>
         <object_component_ref idref="oc-1b7"/>
      </symbol>
      <symbol id="sm-5d2">
         <name>UARTDisable</name>
         <value>0x3395</value>
         <object_component_ref idref="oc-30f"/>
      </symbol>
      <symbol id="sm-5d3">
         <name>UARTClockSourceSet</name>
         <value>0x35f1</value>
         <object_component_ref idref="oc-d8"/>
      </symbol>
      <symbol id="sm-5d4">
         <name>UARTCharPut</name>
         <value>0x35b9</value>
         <object_component_ref idref="oc-1c3"/>
      </symbol>
      <symbol id="sm-5d5">
         <name>UARTEnable</name>
         <value>0x3435</value>
         <object_component_ref idref="oc-1bd"/>
      </symbol>
      <symbol id="sm-5d6">
         <name>UARTCharGet</name>
         <value>0x35af</value>
         <object_component_ref idref="oc-1c9"/>
      </symbol>
      <symbol id="sm-5e8">
         <name>CPUcpsie</name>
         <value>0x354f</value>
         <object_component_ref idref="oc-335"/>
      </symbol>
      <symbol id="sm-5e9">
         <name>CPUcpsid</name>
         <value>0x3543</value>
         <object_component_ref idref="oc-32e"/>
      </symbol>
      <symbol id="sm-62b">
         <name>atan2</name>
         <value>0x200d</value>
         <object_component_ref idref="oc-118"/>
      </symbol>
      <symbol id="sm-62c">
         <name>atan2l</name>
         <value>0x200d</value>
         <object_component_ref idref="oc-118"/>
      </symbol>
      <symbol id="sm-64f">
         <name>sqrtl</name>
         <value>0x256d</value>
         <object_component_ref idref="oc-123"/>
      </symbol>
      <symbol id="sm-650">
         <name>sqrt</name>
         <value>0x256d</value>
         <object_component_ref idref="oc-123"/>
      </symbol>
      <symbol id="sm-686">
         <name>atanl</name>
         <value>0x1881</value>
         <object_component_ref idref="oc-2bb"/>
      </symbol>
      <symbol id="sm-687">
         <name>atan</name>
         <value>0x1881</value>
         <object_component_ref idref="oc-2bb"/>
      </symbol>
      <symbol id="sm-69f">
         <name>__aeabi_dsub</name>
         <value>0x23b5</value>
         <object_component_ref idref="oc-2b6"/>
      </symbol>
      <symbol id="sm-6a0">
         <name>__aeabi_dadd</name>
         <value>0x23bf</value>
         <object_component_ref idref="oc-2b6"/>
      </symbol>
      <symbol id="sm-6b2">
         <name>__aeabi_cdrcmple</name>
         <value>0x2dad</value>
         <object_component_ref idref="oc-3a8"/>
      </symbol>
      <symbol id="sm-6c6">
         <name>__aeabi_ddiv</name>
         <value>0x26c5</value>
         <object_component_ref idref="oc-129"/>
      </symbol>
      <symbol id="sm-6d1">
         <name>__aeabi_dmul</name>
         <value>0x2a3d</value>
         <object_component_ref idref="oc-12e"/>
      </symbol>
      <symbol id="sm-6de">
         <name>__aeabi_d2f</name>
         <value>0x2e33</value>
         <object_component_ref idref="oc-11e"/>
      </symbol>
      <symbol id="sm-6e9">
         <name>__aeabi_f2d</name>
         <value>0x3275</value>
         <object_component_ref idref="oc-113"/>
      </symbol>
      <symbol id="sm-705">
         <name>memcpy</name>
         <value>0x2d11</value>
         <object_component_ref idref="oc-38"/>
      </symbol>
      <symbol id="sm-706">
         <name>__aeabi_memcpy</name>
         <value>0x2d11</value>
         <object_component_ref idref="oc-38"/>
      </symbol>
      <symbol id="sm-707">
         <name>__aeabi_memcpy8</name>
         <value>0x2d11</value>
         <object_component_ref idref="oc-38"/>
      </symbol>
      <symbol id="sm-708">
         <name>__aeabi_memcpy4</name>
         <value>0x2d11</value>
         <object_component_ref idref="oc-38"/>
      </symbol>
      <symbol id="sm-718">
         <name>__aeabi_uidivmod</name>
         <value>0x318d</value>
         <object_component_ref idref="oc-1d8"/>
      </symbol>
      <symbol id="sm-719">
         <name>__aeabi_uidiv</name>
         <value>0x318d</value>
         <object_component_ref idref="oc-1d8"/>
      </symbol>
      <symbol id="sm-732">
         <name>__TI_zero_init_nomemset</name>
         <value>0x33d3</value>
         <object_component_ref idref="oc-44"/>
      </symbol>
      <symbol id="sm-749">
         <name>__TI_decompress_none</name>
         <value>0x3535</value>
         <object_component_ref idref="oc-18"/>
      </symbol>
      <symbol id="sm-76c">
         <name>__TI_decompress_lzss</name>
         <value>0x2f09</value>
         <object_component_ref idref="oc-12"/>
      </symbol>
      <symbol id="sm-77f">
         <name>__stack</name>
         <value>0x20000270</value>
         <object_component_ref idref="oc-21"/>
      </symbol>
      <symbol id="sm-780">
         <name>_c_int00_noargs</name>
         <value>0x3315</value>
         <object_component_ref idref="oc-56"/>
      </symbol>
      <symbol id="sm-796">
         <name>__aeabi_errno_addr</name>
         <value>0x35dd</value>
         <object_component_ref idref="oc-2c9"/>
      </symbol>
      <symbol id="sm-797">
         <name>errno</name>
         <value>0x20000524</value>
         <object_component_ref idref="oc-3b8"/>
      </symbol>
      <symbol id="sm-7a2">
         <name>__aeabi_idiv0</name>
         <value>0x256b</value>
         <object_component_ref idref="oc-31f"/>
      </symbol>
      <symbol id="sm-7a3">
         <name>__aeabi_ldiv0</name>
         <value>0x256b</value>
         <object_component_ref idref="oc-31f"/>
      </symbol>
      <symbol id="sm-7cc">
         <name>__TI_auto_init_nobinit_nopinit</name>
         <value>0x3149</value>
         <object_component_ref idref="oc-162"/>
      </symbol>
      <symbol id="sm-7d6">
         <name>_system_pre_init</name>
         <value>0x360b</value>
         <object_component_ref idref="oc-92"/>
      </symbol>
      <symbol id="sm-7e2">
         <name>C$$EXIT</name>
         <value>0x360f</value>
         <object_component_ref idref="oc-156"/>
      </symbol>
      <symbol id="sm-7e3">
         <name>abort</name>
         <value>0x360f</value>
         <object_component_ref idref="oc-156"/>
      </symbol>
      <symbol id="sm-7e6">
         <name>__TI_static_base__</name>
         <value>0x0</value>
      </symbol>
      <symbol id="sm-7e9">
         <name>__mpu_init</name>
         <value>0x0</value>
      </symbol>
      <symbol id="sm-7ea">
         <name>_system_post_cinit</name>
         <value>0x0</value>
      </symbol>
   </symbol_table>
   <title>Link successful</title>
</link_info>
