******************************************************************************
                  TI ARM Linker Unix v18.12.4                  
******************************************************************************
>> Linked Sun Sep 27 10:35:03 2020

OUTPUT FILE NAME:   <bmx_fall_2020.out>
ENTRY POINT SYMBOL: "_c_int00_noargs"  address: 000031ed


MEMORY CONFIGURATION

         name            origin    length      used     unused   attr    fill
----------------------  --------  ---------  --------  --------  ----  --------
  FLASH                 00000000   00040000  000038b6  0003c74a  R  X
  SRAM                  20000000   00008000  0000050c  00007af4  RW X


SEGMENT ALLOCATION MAP

run origin  load origin   length   init length attrs members
----------  ----------- ---------- ----------- ----- -------
00000000    00000000    000038c0   000038c0    r-x
  00000000    00000000    0000026c   0000026c    r-- .intvecs
  0000026c    0000026c    000032ae   000032ae    r-x .text
  00003520    00003520    00000344   00000344    r-- .const
  00003868    00003868    00000058   00000058    r-- .cinit
20000000    20000000    00000510   00000000    rw-
  20000000    20000000    0000026c   00000000    rw- .vtable
  20000270    20000270    00000200   00000000    rw- .stack
  20000470    20000470    00000078   00000000    rw- .bss
  200004e8    200004e8    00000028   00000000    rw- .data


SECTION ALLOCATION MAP

 output                                  attributes/
section   page    origin      length       input sections
--------  ----  ----------  ----------   ----------------
.intvecs   0    00000000    0000026c     
                  00000000    0000026c     tm4c123gh6pm_startup_ccs.obj (.intvecs)

.text      0    0000026c    000032ae     
                  0000026c    00000c40     lsm9ds1.obj (.text)
                  00000eac    0000049c     uartstdio.obj (.text)
                  00001348    000002ec     rtsv7M4_T_le_v4SPD16_eabi.lib : s_atan.c.obj (.text:atan)
                  00001634    0000026c     bmx_imu.obj (.text)
                  000018a0    00000260     bmx_esc.obj (.text)
                  00001b00    00000240     i2c.obj (.text)
                  00001d40    000001fc     bmx_bluetooth.obj (.text)
                  00001f3c    000001d8     rtsv7M4_T_le_v4SPD16_eabi.lib : e_atan2.c.obj (.text:atan2)
                  00002114    000001b6                                   : fd_add_t2.asm.obj (.text)
                  000022ca    00000002                                   : div0.asm.obj (.text)
                  000022cc    00000178     main.obj (.text)
                  00002444    00000158     rtsv7M4_T_le_v4SPD16_eabi.lib : e_sqrt.c.obj (.text:sqrt)
                  0000259c    00000136                                   : fd_div_t2.asm.obj (.text)
                  000026d2    00000132     driverlib.lib : gpio.obj (.text:GPIOPadConfigSet)
                  00002804    00000110                   : sysctl.obj (.text:SysCtlClockGet)
                  00002914    000000fc     rtsv7M4_T_le_v4SPD16_eabi.lib : fd_mul_t2.asm.obj (.text)
                  00002a10    000000f4     driverlib.lib : sysctl.obj (.text:SysCtlClockSet)
                  00002b04    000000e4     bmx_encoder.obj (.text)
                  00002be8    0000009c     rtsv7M4_T_le_v4SPD16_eabi.lib : memcpy_t2.asm.obj (.text)
                  00002c84    00000086                                   : fd_cmp_t2.asm.obj (.text:__aeabi_cdrcmple)
                  00002d0a    0000006e                                   : fd_tos_t2.asm.obj (.text)
                  00002d78    00000068     driverlib.lib : interrupt.obj (.text:IntEnable)
                  00002de0    00000068     rtsv7M4_T_le_v4SPD16_eabi.lib : copy_decompress_lzss.c.obj (.text:decompress:lzss:__TI_decompress_lzss)
                  00002e48    00000060     driverlib.lib : timer.obj (.text:TimerConfigure)
                  00002ea8    00000050                   : sysctl.obj (.text:SysCtlPeripheralReset)
                  00002ef8    0000004c                   : i2c.obj (.text:I2CMasterInitExpClk)
                  00002f44    0000004c                   : timer.obj (.text:_TimerIntNumberGet)
                  00002f90    00000048                   : gpio.obj (.text:GPIOPinConfigure)
                  00002fd8    00000046                   : uart.obj (.text:UARTConfigSetExpClk)
                  0000301e    00000002     --HOLE-- [fill = 0]
                  00003020    00000044     rtsv7M4_T_le_v4SPD16_eabi.lib : autoinit.c.obj (.text:__TI_auto_init_nobinit_nopinit:__TI_auto_init_nobinit_nopinit)
                  00003064    00000040                                   : u_divt2.asm.obj (.text)
                  000030a4    00000038     driverlib.lib : sysctl.obj (.text:SysCtlPeripheralPresent)
                  000030dc    00000038                   : sysctl.obj (.text:SysCtlPeripheralReady)
                  00003114    00000038     delay.obj (.text)
                  0000314c    00000038     rtsv7M4_T_le_v4SPD16_eabi.lib : fs_tod_t2.asm.obj (.text)
                  00003184    00000034     driverlib.lib : interrupt.obj (.text:IntRegister)
                  000031b8    00000034                   : sysctl.obj (.text:SysCtlPeripheralEnable)
                  000031ec    00000034     rtsv7M4_T_le_v4SPD16_eabi.lib : boot_cortex_m.c.obj (.text:_c_int00_noargs:_c_int00_noargs)
                  00003220    0000002e                                   : i_tofd_t2.asm.obj (.text)
                  0000324e    0000002a     driverlib.lib : gpio.obj (.text:GPIODirModeSet)
                  00003278    00000022                   : pwm.obj (.text:PWMGenConfigure)
                  0000329a    00000002     --HOLE-- [fill = 0]
                  0000329c    00000020                   : uart.obj (.text:UARTDisable)
                  000032bc    0000001e                   : pwm.obj (.text:PWMPulseWidthSet)
                  000032da    0000001c     rtsv7M4_T_le_v4SPD16_eabi.lib : copy_zero_init.c.obj (.text:decompress:ZI:__TI_zero_init_nomemset:__TI_zero_init_nomemset)
                  000032f6    00000018     driverlib.lib : gpio.obj (.text:GPIOPinTypeGPIOOutput)
                  0000330e    00000018                   : timer.obj (.text:TimerIntRegister)
                  00003326    00000002     --HOLE-- [fill = 0]
                  00003328    00000014                   : sysctl.obj (.text:SysCtlPWMClockSet)
                  0000333c    00000014                   : uart.obj (.text:UARTEnable)
                  00003350    00000012                   : gpio.obj (.text:GPIOPinTypeI2C)
                  00003362    00000012                   : gpio.obj (.text:GPIOPinTypeI2CSCL)
                  00003374    00000012                   : gpio.obj (.text:GPIOPinTypePWM)
                  00003386    00000012                   : gpio.obj (.text:GPIOPinTypeQEI)
                  00003398    00000012                   : gpio.obj (.text:GPIOPinTypeUART)
                  000033aa    00000012                   : pwm.obj (.text:PWMOutputState)
                  000033bc    00000012                   : timer.obj (.text:TimerLoadSet)
                  000033ce    00000002     --HOLE-- [fill = 0]
                  000033d0    00000010                   : fpu.obj (.text:FPULazyStackingEnable)
                  000033e0    00000010                   : interrupt.obj (.text:IntMasterDisable)
                  000033f0    00000010                   : interrupt.obj (.text:IntMasterEnable)
                  00003400    00000010                   : pwm.obj (.text:PWMGenPeriodSet)
                  00003410    00000010                   : qei.obj (.text:QEIVelocityConfigure)
                  00003420    0000000e                   : qei.obj (.text:QEIConfigure)
                  0000342e    0000000e                   : timer.obj (.text:TimerEnable)
                  0000343c    0000000e     rtsv7M4_T_le_v4SPD16_eabi.lib : copy_decompress_none.c.obj (.text:decompress:none:__TI_decompress_none)
                  0000344a    0000000c     driverlib.lib : cpu.obj (.text:CPUcpsid)
                  00003456    0000000c                   : cpu.obj (.text:CPUcpsie)
                  00003462    0000000c                   : pwm.obj (.text:PWMGenEnable)
                  0000346e    0000000c     tm4c123gh6pm_startup_ccs.obj (.text)
                  0000347a    0000000a     driverlib.lib : i2c.obj (.text:I2CMasterEnable)
                  00003484    0000000a                   : qei.obj (.text:QEIDisable)
                  0000348e    0000000a                   : qei.obj (.text:QEIEnable)
                  00003498    0000000a                   : qei.obj (.text:QEIIntDisable)
                  000034a2    0000000a                   : qei.obj (.text:QEIVelocityEnable)
                  000034ac    0000000a                   : timer.obj (.text:TimerIntStatus)
                  000034b6    0000000a                   : uart.obj (.text:UARTCharGet)
                  000034c0    0000000a                   : uart.obj (.text:UARTCharPut)
                  000034ca    00000008                   : i2c.obj (.text:I2CMasterBusy)
                  000034d2    00000008                   : i2c.obj (.text:I2CMasterSlaveAddrSet)
                  000034da    00000008                   : timer.obj (.text:TimerIntEnable)
                  000034e2    00000002     --HOLE-- [fill = 0]
                  000034e4    00000008     rtsv7M4_T_le_v4SPD16_eabi.lib : errno.c.obj (.text:__aeabi_errno_addr)
                  000034ec    00000006     driverlib.lib : gpio.obj (.text:GPIOPinWrite)
                  000034f2    00000006                   : sysctl.obj (.text:SysCtlDelay)
                  000034f8    00000006                   : uart.obj (.text:UARTClockSourceSet)
                  000034fe    00000004                   : i2c.obj (.text:I2CMasterControl)
                  00003502    00000004                   : i2c.obj (.text:I2CMasterDataGet)
                  00003506    00000004                   : i2c.obj (.text:I2CMasterDataPut)
                  0000350a    00000004                   : qei.obj (.text:QEIPositionSet)
                  0000350e    00000004                   : timer.obj (.text:TimerIntClear)
                  00003512    00000004     rtsv7M4_T_le_v4SPD16_eabi.lib : pre_init.c.obj (.text:_system_pre_init)
                  00003516    00000004                                   : exit.c.obj (.text:abort:abort)

.const     0    00003520    00000344     
                  00003520    00000098     rtsv7M4_T_le_v4SPD16_eabi.lib : s_atan.c.obj (.const:$O1$$)
                  000035b8    00000090     driverlib.lib : gpio.obj (.const:g_pui32GPIOBaseAddrs)
                  00003648    00000070                   : interrupt.obj (.const)
                  000036b8    0000006c                   : sysctl.obj (.const:g_pui32Xtals)
                  00003724    00000060                   : timer.obj (.const:g_ppui32TimerIntMap)
                  00003784    00000040                   : timer.obj (.const:g_ppui32TimerIntMapSnowflake)
                  000037c4    00000020     main.obj (.const:.string:$P$T3$4)
                  000037e4    0000001b     main.obj (.const:.string:$P$T2$3)
                  000037ff    00000019     main.obj (.const:.string:$P$T1$2)
                  00003818    00000018     main.obj (.const:.string:$P$T0$1)
                  00003830    00000012     uartstdio.obj (.const:.string)
                  00003842    00000002     --HOLE-- [fill = 0]
                  00003844    0000000c     uartstdio.obj (.const:g_ui32UARTBase)
                  00003850    0000000c     uartstdio.obj (.const:g_ui32UARTPeriph)
                  0000385c    00000004     bmx_imu.obj (.const)
                  00003860    00000004     uartstdio.obj (.const)

.cinit     0    00003868    00000058     
                  00003868    0000001e     (.cinit..data.load) [load image, compression = lzss]
                  00003886    00000002     --HOLE-- [fill = 0]
                  00003888    0000000c     (__TI_handler_table)
                  00003894    00000004     --HOLE-- [fill = 0]
                  00003898    00000008     (.cinit..bss.load) [load image, compression = zero_init]
                  000038a0    00000008     (.cinit..vtable.load) [load image, compression = zero_init]
                  000038a8    00000018     (__TI_cinit_table)

.init_array 
*          0    00000000    00000000     UNINITIALIZED

.vtable    0    20000000    0000026c     UNINITIALIZED
                  20000000    0000026c     driverlib.lib : interrupt.obj (.vtable)

.bss       0    20000470    00000078     UNINITIALIZED
                  20000470    00000012     (.common:gyro)
                  20000482    00000002     (.common:gx)
                  20000484    0000000c     (.common:aBias)
                  20000490    0000000c     (.common:gBias)
                  2000049c    0000000c     (.common:mBias)
                  200004a8    00000009     (.common:accel)
                  200004b1    00000001     (.common:temp)
                  200004b2    00000008     (.common:aBiasRaw)
                  200004ba    00000008     (.common:gBiasRaw)
                  200004c2    00000008     (.common:mBiasRaw)
                  200004ca    00000008     (.common:mag)
                  200004d2    00000002     (.common:gy)
                  200004d4    00000004     (.common:aRes)
                  200004d8    00000004     (.common:gRes)
                  200004dc    00000004     (.common:mRes)
                  200004e0    00000003     (.common:device)
                  200004e3    00000001     --HOLE--
                  200004e4    00000002     (.common:gz)
                  200004e6    00000002     (.common:temperature)

.data      0    200004e8    00000028     UNINITIALIZED
                  200004e8    00000010     lsm9ds1.obj (.data:magSensitivity)
                  200004f8    0000000c     bmx_esc.obj (.data)
                  20000504    00000005     uartstdio.obj (.data)
                  20000509    00000003     --HOLE--
                  2000050c    00000004     rtsv7M4_T_le_v4SPD16_eabi.lib : errno.c.obj (.data)

.stack     0    20000270    00000200     UNINITIALIZED
                  20000270    00000004     rtsv7M4_T_le_v4SPD16_eabi.lib : boot_cortex_m.c.obj (.stack)
                  20000274    000001fc     --HOLE--

MODULE SUMMARY

       Module                         code    ro data   rw data
       ------                         ----    -------   -------
    ./
       tm4c123gh6pm_startup_ccs.obj   12      620       0      
       main.obj                       376     108       0      
    +--+------------------------------+-------+---------+---------+
       Total:                         388     728       0      
                                                               
    ./drivers/lsm9ds1/
       lsm9ds1.obj                    3136    0         135    
    +--+------------------------------+-------+---------+---------+
       Total:                         3136    0         135    
                                                               
    ./libraries/bmx_bluetooth/
       bmx_bluetooth.obj              508     0         0      
    +--+------------------------------+-------+---------+---------+
       Total:                         508     0         0      
                                                               
    ./libraries/bmx_encoder/
       bmx_encoder.obj                228     0         0      
    +--+------------------------------+-------+---------+---------+
       Total:                         228     0         0      
                                                               
    ./libraries/bmx_esc/
       bmx_esc.obj                    608     0         12     
    +--+------------------------------+-------+---------+---------+
       Total:                         608     0         12     
                                                               
    ./libraries/bmx_imu/
       bmx_imu.obj                    620     4         0      
       i2c.obj                        576     0         0      
    +--+------------------------------+-------+---------+---------+
       Total:                         1196    4         0      
                                                               
    ./libraries/bmx_util/
       delay.obj                      56      0         0      
    +--+------------------------------+-------+---------+---------+
       Total:                         56      0         0      
                                                               
    ./libraries/uartsdio/
       uartstdio.obj                  1180    46        5      
    +--+------------------------------+-------+---------+---------+
       Total:                         1180    46        5      
                                                               
    /home/alealfaro/Embedded/tivaware/driverlib/ccs/Debug/driverlib.lib
       interrupt.obj                  188     112       620    
       sysctl.obj                     786     108       0      
       gpio.obj                       540     144       0      
       timer.obj                      250     160       0      
       uart.obj                       148     0         0      
       i2c.obj                        114     0         0      
       pwm.obj                        110     0         0      
       qei.obj                        74      0         0      
       cpu.obj                        24      0         0      
       fpu.obj                        16      0         0      
    +--+------------------------------+-------+---------+---------+
       Total:                         2250    524       620    
                                                               
    /home/alealfaro/ti/ccs930/ccs/tools/compiler/ti-cgt-arm_18.12.4.LTS/lib/rtsv7M4_T_le_v4SPD16_eabi.lib
       s_atan.c.obj                   748     152       0      
       e_atan2.c.obj                  472     0         0      
       fd_add_t2.asm.obj              438     0         0      
       e_sqrt.c.obj                   344     0         0      
       fd_div_t2.asm.obj              310     0         0      
       fd_mul_t2.asm.obj              252     0         0      
       memcpy_t2.asm.obj              156     0         0      
       fd_cmp_t2.asm.obj              134     0         0      
       fd_tos_t2.asm.obj              110     0         0      
       copy_decompress_lzss.c.obj     104     0         0      
       autoinit.c.obj                 68      0         0      
       u_divt2.asm.obj                64      0         0      
       fs_tod_t2.asm.obj              56      0         0      
       boot_cortex_m.c.obj            52      0         0      
       i_tofd_t2.asm.obj              46      0         0      
       copy_zero_init.c.obj           28      0         0      
       copy_decompress_none.c.obj     14      0         0      
       errno.c.obj                    8       0         4      
       exit.c.obj                     4       0         0      
       pre_init.c.obj                 4       0         0      
       div0.asm.obj                   2       0         0      
    +--+------------------------------+-------+---------+---------+
       Total:                         3414    152       4      
                                                               
       Stack:                         0       0         512    
       Linker Generated:              0       82        0      
    +--+------------------------------+-------+---------+---------+
       Grand Total:                   12964   1536      1288   


LINKER GENERATED COPY TABLES

__TI_cinit_table @ 000038a8 records: 3, size/record: 8, table size: 24
	.data: load addr=00003868, load size=0000001e bytes, run addr=200004e8, run size=00000028 bytes, compression=lzss
	.bss: load addr=00003898, load size=00000008 bytes, run addr=20000470, run size=00000078 bytes, compression=zero_init
	.vtable: load addr=000038a0, load size=00000008 bytes, run addr=20000000, run size=0000026c bytes, compression=zero_init


LINKER GENERATED HANDLER TABLE

__TI_handler_table @ 00003888 records: 3, size/record: 4, table size: 12
	index: 0, handler: __TI_zero_init
	index: 1, handler: __TI_decompress_lzss
	index: 2, handler: __TI_decompress_none


GLOBAL SYMBOLS: SORTED ALPHABETICALLY BY Name 

address   name                          
-------   ----                          
00003517  C$$EXIT                       
0000344b  CPUcpsid                      
00003457  CPUcpsie                      
00001d41  ConfigureBluetoothUART        
00001aa5  ConfigureESCSignal            
00001b01  ConfigureI2C                  
00002b05  ConfigureQEI                  
00002b79  ConfigureQEIVel               
000022cd  ConfigureUART                 
000033d1  FPULazyStackingEnable         
0000324f  GPIODirModeSet                
000026d3  GPIOPadConfigSet              
00002f91  GPIOPinConfigure              
000032f7  GPIOPinTypeGPIOOutput         
00003351  GPIOPinTypeI2C                
00003363  GPIOPinTypeI2CSCL             
00003375  GPIOPinTypePWM                
00003387  GPIOPinTypeQEI                
00003399  GPIOPinTypeUART               
000034ed  GPIOPinWrite                  
000034cb  I2CMasterBusy                 
000034ff  I2CMasterControl              
00003503  I2CMasterDataGet              
00003507  I2CMasterDataPut              
0000347b  I2CMasterEnable               
00002ef9  I2CMasterInitExpClk           
000034d3  I2CMasterSlaveAddrSet         
00001bfb  I2C_Read                      
00001b47  I2C_Write                     
000002a5  IMU_init                      
0000026d  IMU_readWHOAMI_AG             
00000289  IMU_readWHOAMI_M              
00002309  InitializeTiva                
00002d79  IntEnable                     
000033e1  IntMasterDisable              
000033f1  IntMasterEnable               
00003185  IntRegister                   
00000457  LSM9DS1_begin                 
0000385c  PI                            
00003279  PWMGenConfigure               
00003463  PWMGenEnable                  
00003401  PWMGenPeriodSet               
000033ab  PWMOutputState                
000032bd  PWMPulseWidthSet              
00003421  QEIConfigure                  
00003485  QEIDisable                    
0000348f  QEIEnable                     
00003499  QEIIntDisable                 
0000350b  QEIPositionSet                
00003411  QEIVelocityConfigure          
000034a3  QEIVelocityEnable             
0000346f  ResetISR                      
00002805  SysCtlClockGet                
00002a11  SysCtlClockSet                
000034f3  SysCtlDelay                   
00003329  SysCtlPWMClockSet             
000031b9  SysCtlPeripheralEnable        
000030a5  SysCtlPeripheralPresent       
000030dd  SysCtlPeripheralReady         
00002ea9  SysCtlPeripheralReset         
00002e49  TimerConfigure                
0000342f  TimerEnable                   
0000350f  TimerIntClear                 
000034db  TimerIntEnable                
0000330f  TimerIntRegister              
000034ad  TimerIntStatus                
000033bd  TimerLoadSet                  
000034b7  UARTCharGet                   
000034c1  UARTCharPut                   
000034f9  UARTClockSourceSet            
00002fd9  UARTConfigSetExpClk           
0000329d  UARTDisable                   
0000333d  UARTEnable                    
00000ead  UARTStdioConfig               
00000ff3  UARTgetc                      
00000f39  UARTgets                      
00001313  UARTprintf                    
00001019  UARTvprintf                   
00000ef3  UARTwrite                     
20000470  __STACK_END                   
00000200  __STACK_SIZE                  
20000470  __STACK_TOP                   
000038a8  __TI_CINIT_Base               
000038c0  __TI_CINIT_Limit              
00003888  __TI_Handler_Table_Base       
00003894  __TI_Handler_Table_Limit      
00003021  __TI_auto_init_nobinit_nopinit
00002de1  __TI_decompress_lzss          
0000343d  __TI_decompress_none          
ffffffff  __TI_pprof_out_hndl           
ffffffff  __TI_prof_data_size           
ffffffff  __TI_prof_data_start          
00000000  __TI_static_base__            
000032db  __TI_zero_init_nomemset       
00002c85  __aeabi_cdrcmple              
00002d0b  __aeabi_d2f                   
0000211f  __aeabi_dadd                  
0000259d  __aeabi_ddiv                  
00002915  __aeabi_dmul                  
00002115  __aeabi_dsub                  
000034e5  __aeabi_errno_addr            
0000314d  __aeabi_f2d                   
00003221  __aeabi_i2d                   
000022cb  __aeabi_idiv0                 
000022cb  __aeabi_ldiv0                 
00002be9  __aeabi_memcpy                
00002be9  __aeabi_memcpy4               
00002be9  __aeabi_memcpy8               
00003065  __aeabi_uidiv                 
00003065  __aeabi_uidivmod              
ffffffff  __binit__                     
ffffffff  __c_args__                    
UNDEFED   __mpu_init                    
20000270  __stack                       
000031ed  _c_int00_noargs               
UNDEFED   _system_post_cinit            
00003513  _system_pre_init              
20000484  aBias                         
200004b2  aBiasRaw                      
200004d4  aRes                          
00003517  abort                         
200004a8  accel                         
000008a1  accelAvailable                
00001349  atan                          
00001f3d  atan2                         
00001f3d  atan2l                        
00001349  atanl                         
ffffffff  binit                         
00000a05  calcAccel                     
000009db  calcGyro                      
00000a31  calcMag                       
000003f7  calcaRes                      
000003d9  calcgRes                      
00000415  calcmRes                      
00000d05  constrainScales               
00003115  delayMs                       
0000312f  delayUs                       
200004e0  device                        
2000050c  errno                         
20000500  flag                          
20000490  gBias                         
200004ba  gBiasRaw                      
200004d8  gRes                          
20000000  g_pfnRAMVectors               
00000000  g_pfnVectors                  
20000482  gx                            
200004d2  gy                            
20000470  gyro                          
000008b7  gyroAvailable                 
200004e4  gz                            
00000695  initAccel                     
00000489  initGyro                      
000007a5  initMag                       
00001ebf  intToASCII                    
2000049c  mBias                         
200004c2  mBiasRaw                      
00000e35  mReadByte                     
00000e61  mReadBytes                    
200004dc  mRes                          
00000da5  mWriteByte                    
200004ca  mag                           
200004e8  magSensitivity                
00002345  main                          
00002be9  memcpy                        
00001e35  printFloat                    
00001de3  printInt                      
00001635  printQuaternion               
00001d79  printString                   
00002b95  pulsesToDegrees               
200004f8  pwmOut                        
000008e7  readAccel                     
0000099d  readGyro                      
00000931  readMag                       
0000097b  readTemp                      
00000c53  setAccelODR                   
00000ae9  setAccelScale                 
00000c01  setGyroODR                    
00000a61  setGyroScale                  
00000ca5  setMagODR                     
00000b7d  setMagScale                   
00002445  sqrt                          
00002445  sqrtl                         
00001ab3  startESCSignal                
200004b1  temp                          
000008cf  tempAvailable                 
200004e6  temperature                   
200004fc  upFlag                        
00000dcf  xgReadByte                    
00000dfb  xgReadBytes                   
00000d79  xgWriteByte                   


GLOBAL SYMBOLS: SORTED BY Symbol Address 

address   name                          
-------   ----                          
00000000  __TI_static_base__            
00000000  g_pfnVectors                  
00000200  __STACK_SIZE                  
0000026d  IMU_readWHOAMI_AG             
00000289  IMU_readWHOAMI_M              
000002a5  IMU_init                      
000003d9  calcgRes                      
000003f7  calcaRes                      
00000415  calcmRes                      
00000457  LSM9DS1_begin                 
00000489  initGyro                      
00000695  initAccel                     
000007a5  initMag                       
000008a1  accelAvailable                
000008b7  gyroAvailable                 
000008cf  tempAvailable                 
000008e7  readAccel                     
00000931  readMag                       
0000097b  readTemp                      
0000099d  readGyro                      
000009db  calcGyro                      
00000a05  calcAccel                     
00000a31  calcMag                       
00000a61  setGyroScale                  
00000ae9  setAccelScale                 
00000b7d  setMagScale                   
00000c01  setGyroODR                    
00000c53  setAccelODR                   
00000ca5  setMagODR                     
00000d05  constrainScales               
00000d79  xgWriteByte                   
00000da5  mWriteByte                    
00000dcf  xgReadByte                    
00000dfb  xgReadBytes                   
00000e35  mReadByte                     
00000e61  mReadBytes                    
00000ead  UARTStdioConfig               
00000ef3  UARTwrite                     
00000f39  UARTgets                      
00000ff3  UARTgetc                      
00001019  UARTvprintf                   
00001313  UARTprintf                    
00001349  atan                          
00001349  atanl                         
00001635  printQuaternion               
00001aa5  ConfigureESCSignal            
00001ab3  startESCSignal                
00001b01  ConfigureI2C                  
00001b47  I2C_Write                     
00001bfb  I2C_Read                      
00001d41  ConfigureBluetoothUART        
00001d79  printString                   
00001de3  printInt                      
00001e35  printFloat                    
00001ebf  intToASCII                    
00001f3d  atan2                         
00001f3d  atan2l                        
00002115  __aeabi_dsub                  
0000211f  __aeabi_dadd                  
000022cb  __aeabi_idiv0                 
000022cb  __aeabi_ldiv0                 
000022cd  ConfigureUART                 
00002309  InitializeTiva                
00002345  main                          
00002445  sqrt                          
00002445  sqrtl                         
0000259d  __aeabi_ddiv                  
000026d3  GPIOPadConfigSet              
00002805  SysCtlClockGet                
00002915  __aeabi_dmul                  
00002a11  SysCtlClockSet                
00002b05  ConfigureQEI                  
00002b79  ConfigureQEIVel               
00002b95  pulsesToDegrees               
00002be9  __aeabi_memcpy                
00002be9  __aeabi_memcpy4               
00002be9  __aeabi_memcpy8               
00002be9  memcpy                        
00002c85  __aeabi_cdrcmple              
00002d0b  __aeabi_d2f                   
00002d79  IntEnable                     
00002de1  __TI_decompress_lzss          
00002e49  TimerConfigure                
00002ea9  SysCtlPeripheralReset         
00002ef9  I2CMasterInitExpClk           
00002f91  GPIOPinConfigure              
00002fd9  UARTConfigSetExpClk           
00003021  __TI_auto_init_nobinit_nopinit
00003065  __aeabi_uidiv                 
00003065  __aeabi_uidivmod              
000030a5  SysCtlPeripheralPresent       
000030dd  SysCtlPeripheralReady         
00003115  delayMs                       
0000312f  delayUs                       
0000314d  __aeabi_f2d                   
00003185  IntRegister                   
000031b9  SysCtlPeripheralEnable        
000031ed  _c_int00_noargs               
00003221  __aeabi_i2d                   
0000324f  GPIODirModeSet                
00003279  PWMGenConfigure               
0000329d  UARTDisable                   
000032bd  PWMPulseWidthSet              
000032db  __TI_zero_init_nomemset       
000032f7  GPIOPinTypeGPIOOutput         
0000330f  TimerIntRegister              
00003329  SysCtlPWMClockSet             
0000333d  UARTEnable                    
00003351  GPIOPinTypeI2C                
00003363  GPIOPinTypeI2CSCL             
00003375  GPIOPinTypePWM                
00003387  GPIOPinTypeQEI                
00003399  GPIOPinTypeUART               
000033ab  PWMOutputState                
000033bd  TimerLoadSet                  
000033d1  FPULazyStackingEnable         
000033e1  IntMasterDisable              
000033f1  IntMasterEnable               
00003401  PWMGenPeriodSet               
00003411  QEIVelocityConfigure          
00003421  QEIConfigure                  
0000342f  TimerEnable                   
0000343d  __TI_decompress_none          
0000344b  CPUcpsid                      
00003457  CPUcpsie                      
00003463  PWMGenEnable                  
0000346f  ResetISR                      
0000347b  I2CMasterEnable               
00003485  QEIDisable                    
0000348f  QEIEnable                     
00003499  QEIIntDisable                 
000034a3  QEIVelocityEnable             
000034ad  TimerIntStatus                
000034b7  UARTCharGet                   
000034c1  UARTCharPut                   
000034cb  I2CMasterBusy                 
000034d3  I2CMasterSlaveAddrSet         
000034db  TimerIntEnable                
000034e5  __aeabi_errno_addr            
000034ed  GPIOPinWrite                  
000034f3  SysCtlDelay                   
000034f9  UARTClockSourceSet            
000034ff  I2CMasterControl              
00003503  I2CMasterDataGet              
00003507  I2CMasterDataPut              
0000350b  QEIPositionSet                
0000350f  TimerIntClear                 
00003513  _system_pre_init              
00003517  C$$EXIT                       
00003517  abort                         
0000385c  PI                            
00003888  __TI_Handler_Table_Base       
00003894  __TI_Handler_Table_Limit      
000038a8  __TI_CINIT_Base               
000038c0  __TI_CINIT_Limit              
20000000  g_pfnRAMVectors               
20000270  __stack                       
20000470  __STACK_END                   
20000470  __STACK_TOP                   
20000470  gyro                          
20000482  gx                            
20000484  aBias                         
20000490  gBias                         
2000049c  mBias                         
200004a8  accel                         
200004b1  temp                          
200004b2  aBiasRaw                      
200004ba  gBiasRaw                      
200004c2  mBiasRaw                      
200004ca  mag                           
200004d2  gy                            
200004d4  aRes                          
200004d8  gRes                          
200004dc  mRes                          
200004e0  device                        
200004e4  gz                            
200004e6  temperature                   
200004e8  magSensitivity                
200004f8  pwmOut                        
200004fc  upFlag                        
20000500  flag                          
2000050c  errno                         
ffffffff  __TI_pprof_out_hndl           
ffffffff  __TI_prof_data_size           
ffffffff  __TI_prof_data_start          
ffffffff  __binit__                     
ffffffff  __c_args__                    
ffffffff  binit                         
UNDEFED   __mpu_init                    
UNDEFED   _system_post_cinit            

[190 symbols]
