******************************************************************************
                  TI ARM Linker Unix v18.12.4                  
******************************************************************************
>> Linked Sun Sep 27 12:30:54 2020

OUTPUT FILE NAME:   <bmx_fall_2020.out>
ENTRY POINT SYMBOL: "_c_int00_noargs"  address: 000048c9


MEMORY CONFIGURATION

         name            origin    length      used     unused   attr    fill
----------------------  --------  ---------  --------  --------  ----  --------
  FLASH                 00000000   00040000  000050ba  0003af46  R  X
  SRAM                  20000000   00008000  000005d4  00007a2c  RW X


SEGMENT ALLOCATION MAP

run origin  load origin   length   init length attrs members
----------  ----------- ---------- ----------- ----- -------
00000000    00000000    000050c0   000050c0    r-x
  00000000    00000000    0000026c   0000026c    r-- .intvecs
  0000026c    0000026c    00004a1a   00004a1a    r-x .text
  00004c88    00004c88    000003dc   000003dc    r-- .const
  00005068    00005068    00000058   00000058    r-- .cinit
20000000    20000000    000005d8   00000000    rw-
  20000000    20000000    0000026c   00000000    rw- .vtable
  20000270    20000270    00000200   00000000    rw- .stack
  20000470    20000470    00000140   00000000    rw- .bss
  200005b0    200005b0    00000028   00000000    rw- .data


SECTION ALLOCATION MAP

 output                                  attributes/
section   page    origin      length       input sections
--------  ----  ----------  ----------   ----------------
.intvecs   0    00000000    0000026c     
                  00000000    0000026c     tm4c123gh6pm_startup_ccs.obj (.intvecs)

.text      0    0000026c    00004a1a     
                  0000026c    00000c40     lsm9ds1.obj (.text)
                  00000eac    00000a4e     rtsv7M4_T_le_v4SPD16_eabi.lib : _printfi.c.obj (.text:__TI_printfi)
                  000018fa    00000002                                   : div0.asm.obj (.text)
                  000018fc    0000049c     uartstdio.obj (.text)
                  00001d98    000002ec     rtsv7M4_T_le_v4SPD16_eabi.lib : s_atan.c.obj (.text:atan)
                  00002084    00000298     bmx_imu.obj (.text)
                  0000231c    00000270     rtsv7M4_T_le_v4SPD16_eabi.lib : _printfi.c.obj (.text:_pconv_a)
                  0000258c    00000260     bmx_esc.obj (.text)
                  000027ec    00000240     i2c.obj (.text)
                  00002a2c    000001fc     bmx_bluetooth.obj (.text)
                  00002c28    000001d8     rtsv7M4_T_le_v4SPD16_eabi.lib : e_atan2.c.obj (.text:atan2)
                  00002e00    000001d0                                   : _printfi.c.obj (.text:_pconv_g)
                  00002fd0    000001b6                                   : fd_add_t2.asm.obj (.text)
                  00003186    00000002     --HOLE-- [fill = 0]
                  00003188    00000158                                   : e_sqrt.c.obj (.text:sqrt)
                  000032e0    0000013c                                   : _printfi.c.obj (.text:_pconv_e)
                  0000341c    00000136                                   : fd_div_t2.asm.obj (.text)
                  00003552    00000132     driverlib.lib : gpio.obj (.text:GPIOPadConfigSet)
                  00003684    00000124     rtsv7M4_T_le_v4SPD16_eabi.lib : _printfi.c.obj (.text:fcvt)
                  000037a8    00000110     driverlib.lib : sysctl.obj (.text:SysCtlClockGet)
                  000038b8    00000110     rtsv7M4_T_le_v4SPD16_eabi.lib : s_scalbn.c.obj (.text:scalbn)
                  000039c8    000000fc     main.obj (.text)
                  00003ac4    000000fc     rtsv7M4_T_le_v4SPD16_eabi.lib : fd_mul_t2.asm.obj (.text)
                  00003bc0    000000f4     driverlib.lib : sysctl.obj (.text:SysCtlClockSet)
                  00003cb4    000000e4     bmx_encoder.obj (.text)
                  00003d98    000000b1     rtsv7M4_T_le_v4SPD16_eabi.lib : _printfi.c.obj (.text:_ltostr)
                  00003e49    00000001     --HOLE-- [fill = 0]
                  00003e4a    0000009c                                   : memcpy_t2.asm.obj (.text)
                  00003ee6    00000096                                   : ull_div_t2.asm.obj (.text)
                  00003f7c    00000086                                   : fd_cmp_t2.asm.obj (.text:__aeabi_cdcmple)
                  00004002    00000086                                   : fd_cmp_t2.asm.obj (.text:__aeabi_cdrcmple)
                  00004088    0000007a                                   : memset_t2.asm.obj (.text)
                  00004102    0000006e                                   : _printfi.c.obj (.text:_mcpy)
                  00004170    0000006e                                   : fd_tos_t2.asm.obj (.text)
                  000041de    00000002     --HOLE-- [fill = 0]
                  000041e0    00000068     driverlib.lib : interrupt.obj (.text:IntEnable)
                  00004248    00000068     rtsv7M4_T_le_v4SPD16_eabi.lib : copy_decompress_lzss.c.obj (.text:decompress:lzss:__TI_decompress_lzss)
                  000042b0    00000064                                   : s_frexp.c.obj (.text:frexp)
                  00004314    00000060     driverlib.lib : timer.obj (.text:TimerConfigure)
                  00004374    00000056     rtsv7M4_T_le_v4SPD16_eabi.lib : _printfi.c.obj (.text:_pconv_f)
                  000043ca    00000054                                   : ltoa.c.obj (.text:ltoa)
                  0000441e    00000052                                   : _printfi.c.obj (.text:_ecpy)
                  00004470    00000050     driverlib.lib : sysctl.obj (.text:SysCtlPeripheralReset)
                  000044c0    0000004c                   : i2c.obj (.text:I2CMasterInitExpClk)
                  0000450c    0000004c                   : timer.obj (.text:_TimerIntNumberGet)
                  00004558    0000004c     rtsv7M4_T_le_v4SPD16_eabi.lib : atoi.c.obj (.text:atoi)
                  000045a4    00000048     driverlib.lib : gpio.obj (.text:GPIOPinConfigure)
                  000045ec    00000048     rtsv7M4_T_le_v4SPD16_eabi.lib : fd_toi_t2.asm.obj (.text)
                  00004634    00000046     driverlib.lib : uart.obj (.text:UARTConfigSetExpClk)
                  0000467a    00000002     --HOLE-- [fill = 0]
                  0000467c    00000044     rtsv7M4_T_le_v4SPD16_eabi.lib : autoinit.c.obj (.text:__TI_auto_init_nobinit_nopinit:__TI_auto_init_nobinit_nopinit)
                  000046c0    00000040                                   : u_divt2.asm.obj (.text)
                  00004700    00000040                                   : sprintf.c.obj (.text:sprintf)
                  00004740    0000003e                                   : _printfi.c.obj (.text:_fcpy)
                  0000477e    00000002     --HOLE-- [fill = 0]
                  00004780    00000038     driverlib.lib : sysctl.obj (.text:SysCtlPeripheralPresent)
                  000047b8    00000038                   : sysctl.obj (.text:SysCtlPeripheralReady)
                  000047f0    00000038     delay.obj (.text)
                  00004828    00000038     rtsv7M4_T_le_v4SPD16_eabi.lib : fs_tod_t2.asm.obj (.text)
                  00004860    00000034     driverlib.lib : interrupt.obj (.text:IntRegister)
                  00004894    00000034                   : sysctl.obj (.text:SysCtlPeripheralEnable)
                  000048c8    00000034     rtsv7M4_T_le_v4SPD16_eabi.lib : boot_cortex_m.c.obj (.text:_c_int00_noargs:_c_int00_noargs)
                  000048fc    0000002e                                   : i_tofd_t2.asm.obj (.text)
                  0000492a    0000002a     driverlib.lib : gpio.obj (.text:GPIODirModeSet)
                  00004954    00000022                   : pwm.obj (.text:PWMGenConfigure)
                  00004976    00000002     --HOLE-- [fill = 0]
                  00004978    00000020                   : uart.obj (.text:UARTDisable)
                  00004998    0000001e                   : pwm.obj (.text:PWMPulseWidthSet)
                  000049b6    0000001c     rtsv7M4_T_le_v4SPD16_eabi.lib : copy_zero_init.c.obj (.text:decompress:ZI:__TI_zero_init_nomemset:__TI_zero_init_nomemset)
                  000049d2    0000001c                                   : memccpy.c.obj (.text:memccpy)
                  000049ee    0000001a                                   : s_copysign.c.obj (.text:copysign)
                  00004a08    00000018     driverlib.lib : gpio.obj (.text:GPIOPinTypeGPIOOutput)
                  00004a20    00000018                   : timer.obj (.text:TimerIntRegister)
                  00004a38    00000018     rtsv7M4_T_le_v4SPD16_eabi.lib : sprintf.c.obj (.text:_outs)
                  00004a50    00000016                                   : strchr.c.obj (.text:strchr)
                  00004a66    00000002     --HOLE-- [fill = 0]
                  00004a68    00000014     driverlib.lib : sysctl.obj (.text:SysCtlPWMClockSet)
                  00004a7c    00000014                   : uart.obj (.text:UARTEnable)
                  00004a90    00000014     rtsv7M4_T_le_v4SPD16_eabi.lib : strlen.c.obj (.text:strlen)
                  00004aa4    00000012     driverlib.lib : gpio.obj (.text:GPIOPinTypeI2C)
                  00004ab6    00000012                   : gpio.obj (.text:GPIOPinTypeI2CSCL)
                  00004ac8    00000012                   : gpio.obj (.text:GPIOPinTypePWM)
                  00004ada    00000012                   : gpio.obj (.text:GPIOPinTypeQEI)
                  00004aec    00000012                   : gpio.obj (.text:GPIOPinTypeUART)
                  00004afe    00000012                   : pwm.obj (.text:PWMOutputState)
                  00004b10    00000012                   : timer.obj (.text:TimerLoadSet)
                  00004b22    00000012     rtsv7M4_T_le_v4SPD16_eabi.lib : wcslen.c.obj (.text:wcslen)
                  00004b34    00000010     driverlib.lib : fpu.obj (.text:FPULazyStackingEnable)
                  00004b44    00000010                   : interrupt.obj (.text:IntMasterDisable)
                  00004b54    00000010                   : interrupt.obj (.text:IntMasterEnable)
                  00004b64    00000010                   : pwm.obj (.text:PWMGenPeriodSet)
                  00004b74    00000010                   : qei.obj (.text:QEIVelocityConfigure)
                  00004b84    0000000e                   : qei.obj (.text:QEIConfigure)
                  00004b92    0000000e                   : timer.obj (.text:TimerEnable)
                  00004ba0    0000000e     rtsv7M4_T_le_v4SPD16_eabi.lib : copy_decompress_none.c.obj (.text:decompress:none:__TI_decompress_none)
                  00004bae    0000000c     driverlib.lib : cpu.obj (.text:CPUcpsid)
                  00004bba    0000000c                   : cpu.obj (.text:CPUcpsie)
                  00004bc6    0000000c                   : pwm.obj (.text:PWMGenEnable)
                  00004bd2    0000000c     tm4c123gh6pm_startup_ccs.obj (.text)
                  00004bde    0000000a     driverlib.lib : i2c.obj (.text:I2CMasterEnable)
                  00004be8    0000000a                   : qei.obj (.text:QEIDisable)
                  00004bf2    0000000a                   : qei.obj (.text:QEIEnable)
                  00004bfc    0000000a                   : qei.obj (.text:QEIIntDisable)
                  00004c06    0000000a                   : qei.obj (.text:QEIVelocityEnable)
                  00004c10    0000000a                   : timer.obj (.text:TimerIntStatus)
                  00004c1a    0000000a                   : uart.obj (.text:UARTCharGet)
                  00004c24    0000000a                   : uart.obj (.text:UARTCharPut)
                  00004c2e    0000000a     rtsv7M4_T_le_v4SPD16_eabi.lib : sprintf.c.obj (.text:_outc)
                  00004c38    00000008     driverlib.lib : i2c.obj (.text:I2CMasterBusy)
                  00004c40    00000008                   : i2c.obj (.text:I2CMasterSlaveAddrSet)
                  00004c48    00000008                   : timer.obj (.text:TimerIntEnable)
                  00004c50    00000008     rtsv7M4_T_le_v4SPD16_eabi.lib : errno.c.obj (.text:__aeabi_errno_addr)
                  00004c58    00000006     driverlib.lib : gpio.obj (.text:GPIOPinWrite)
                  00004c5e    00000006                   : sysctl.obj (.text:SysCtlDelay)
                  00004c64    00000006                   : uart.obj (.text:UARTClockSourceSet)
                  00004c6a    00000004                   : i2c.obj (.text:I2CMasterControl)
                  00004c6e    00000004                   : i2c.obj (.text:I2CMasterDataGet)
                  00004c72    00000004                   : i2c.obj (.text:I2CMasterDataPut)
                  00004c76    00000004                   : qei.obj (.text:QEIPositionSet)
                  00004c7a    00000004                   : timer.obj (.text:TimerIntClear)
                  00004c7e    00000004     rtsv7M4_T_le_v4SPD16_eabi.lib : pre_init.c.obj (.text:_system_pre_init)
                  00004c82    00000004                                   : exit.c.obj (.text:abort:abort)

.const     0    00004c88    000003dc     
                  00004c88    00000101     rtsv7M4_T_le_v4SPD16_eabi.lib : ctype.c.obj (.const:.string:_ctypes_)
                  00004d89    00000003     --HOLE-- [fill = 0]
                  00004d8c    00000004     bmx_imu.obj (.const)
                  00004d90    00000098     rtsv7M4_T_le_v4SPD16_eabi.lib : s_atan.c.obj (.const:$O1$$)
                  00004e28    00000090     driverlib.lib : gpio.obj (.const:g_pui32GPIOBaseAddrs)
                  00004eb8    00000070                   : interrupt.obj (.const)
                  00004f28    0000006c                   : sysctl.obj (.const:g_pui32Xtals)
                  00004f94    00000060                   : timer.obj (.const:g_ppui32TimerIntMap)
                  00004ff4    00000040                   : timer.obj (.const:g_ppui32TimerIntMapSnowflake)
                  00005034    00000012     uartstdio.obj (.const:.string)
                  00005046    00000002     --HOLE-- [fill = 0]
                  00005048    0000000c     uartstdio.obj (.const:g_ui32UARTBase)
                  00005054    0000000c     uartstdio.obj (.const:g_ui32UARTPeriph)
                  00005060    00000004     uartstdio.obj (.const)

.cinit     0    00005068    00000058     
                  00005068    0000001e     (.cinit..data.load) [load image, compression = lzss]
                  00005086    00000002     --HOLE-- [fill = 0]
                  00005088    0000000c     (__TI_handler_table)
                  00005094    00000004     --HOLE-- [fill = 0]
                  00005098    00000008     (.cinit..bss.load) [load image, compression = zero_init]
                  000050a0    00000008     (.cinit..vtable.load) [load image, compression = zero_init]
                  000050a8    00000018     (__TI_cinit_table)

.init_array 
*          0    00000000    00000000     UNINITIALIZED

.vtable    0    20000000    0000026c     UNINITIALIZED
                  20000000    0000026c     driverlib.lib : interrupt.obj (.vtable)

.bss       0    20000470    00000140     UNINITIALIZED
                  20000470    00000064     (.common:imu_str)
                  200004d4    00000064     (.common:str_buffer)
                  20000538    00000012     (.common:gyro)
                  2000054a    00000002     (.common:gx)
                  2000054c    0000000c     (.common:aBias)
                  20000558    0000000c     (.common:gBias)
                  20000564    0000000c     (.common:mBias)
                  20000570    00000009     (.common:accel)
                  20000579    00000001     (.common:temp)
                  2000057a    00000008     (.common:aBiasRaw)
                  20000582    00000008     (.common:gBiasRaw)
                  2000058a    00000008     (.common:mBiasRaw)
                  20000592    00000008     (.common:mag)
                  2000059a    00000002     (.common:gy)
                  2000059c    00000004     (.common:aRes)
                  200005a0    00000004     (.common:gRes)
                  200005a4    00000004     (.common:mRes)
                  200005a8    00000003     (.common:device)
                  200005ab    00000001     --HOLE--
                  200005ac    00000002     (.common:gz)
                  200005ae    00000002     (.common:temperature)

.data      0    200005b0    00000028     UNINITIALIZED
                  200005b0    00000010     lsm9ds1.obj (.data:magSensitivity)
                  200005c0    0000000c     bmx_esc.obj (.data)
                  200005cc    00000005     uartstdio.obj (.data)
                  200005d1    00000003     --HOLE--
                  200005d4    00000004     rtsv7M4_T_le_v4SPD16_eabi.lib : errno.c.obj (.data)

.stack     0    20000270    00000200     UNINITIALIZED
                  20000270    00000004     rtsv7M4_T_le_v4SPD16_eabi.lib : boot_cortex_m.c.obj (.stack)
                  20000274    000001fc     --HOLE--

MODULE SUMMARY

       Module                         code    ro data   rw data
       ------                         ----    -------   -------
    ./
       tm4c123gh6pm_startup_ccs.obj   12      620       0      
       main.obj                       252     0         0      
    +--+------------------------------+-------+---------+---------+
       Total:                         264     620       0      
                                                               
    ./drivers/lsm9ds1/
       lsm9ds1.obj                    3136    0         135    
    +--+------------------------------+-------+---------+---------+
       Total:                         3136    0         135    
                                                               
    ./libraries/bmx_bluetooth/
       bmx_bluetooth.obj              508     0         100    
    +--+------------------------------+-------+---------+---------+
       Total:                         508     0         100    
                                                               
    ./libraries/bmx_encoder/
       bmx_encoder.obj                228     0         0      
    +--+------------------------------+-------+---------+---------+
       Total:                         228     0         0      
                                                               
    ./libraries/bmx_esc/
       bmx_esc.obj                    608     0         12     
    +--+------------------------------+-------+---------+---------+
       Total:                         608     0         12     
                                                               
    ./libraries/bmx_imu/
       bmx_imu.obj                    664     4         100    
       i2c.obj                        576     0         0      
    +--+------------------------------+-------+---------+---------+
       Total:                         1240    4         100    
                                                               
    ./libraries/bmx_util/
       delay.obj                      56      0         0      
    +--+------------------------------+-------+---------+---------+
       Total:                         56      0         0      
                                                               
    ./libraries/uartsdio/
       uartstdio.obj                  1180    46        5      
    +--+------------------------------+-------+---------+---------+
       Total:                         1180    46        5      
                                                               
    /home/alealfaro/Embedded/tivaware/driverlib/ccs/Debug/driverlib.lib
       interrupt.obj                  188     112       620    
       sysctl.obj                     786     108       0      
       gpio.obj                       540     144       0      
       timer.obj                      250     160       0      
       uart.obj                       148     0         0      
       i2c.obj                        114     0         0      
       pwm.obj                        110     0         0      
       qei.obj                        74      0         0      
       cpu.obj                        24      0         0      
       fpu.obj                        16      0         0      
    +--+------------------------------+-------+---------+---------+
       Total:                         2250    524       620    
                                                               
    /home/alealfaro/ti/ccs930/ccs/tools/compiler/ti-cgt-arm_18.12.4.LTS/lib/rtsv7M4_T_le_v4SPD16_eabi.lib
       _printfi.c.obj                 4851    0         0      
       s_atan.c.obj                   748     152       0      
       e_atan2.c.obj                  472     0         0      
       fd_add_t2.asm.obj              438     0         0      
       e_sqrt.c.obj                   344     0         0      
       fd_div_t2.asm.obj              310     0         0      
       s_scalbn.c.obj                 272     0         0      
       fd_cmp_t2.asm.obj              268     0         0      
       ctype.c.obj                    0       257       0      
       fd_mul_t2.asm.obj              252     0         0      
       memcpy_t2.asm.obj              156     0         0      
       ull_div_t2.asm.obj             150     0         0      
       memset_t2.asm.obj              122     0         0      
       fd_tos_t2.asm.obj              110     0         0      
       copy_decompress_lzss.c.obj     104     0         0      
       s_frexp.c.obj                  100     0         0      
       sprintf.c.obj                  98      0         0      
       ltoa.c.obj                     84      0         0      
       atoi.c.obj                     76      0         0      
       fd_toi_t2.asm.obj              72      0         0      
       autoinit.c.obj                 68      0         0      
       u_divt2.asm.obj                64      0         0      
       fs_tod_t2.asm.obj              56      0         0      
       boot_cortex_m.c.obj            52      0         0      
       i_tofd_t2.asm.obj              46      0         0      
       copy_zero_init.c.obj           28      0         0      
       memccpy.c.obj                  28      0         0      
       s_copysign.c.obj               26      0         0      
       strchr.c.obj                   22      0         0      
       strlen.c.obj                   20      0         0      
       wcslen.c.obj                   18      0         0      
       copy_decompress_none.c.obj     14      0         0      
       errno.c.obj                    8       0         4      
       exit.c.obj                     4       0         0      
       pre_init.c.obj                 4       0         0      
       div0.asm.obj                   2       0         0      
    +--+------------------------------+-------+---------+---------+
       Total:                         9487    409       4      
                                                               
       Stack:                         0       0         512    
       Linker Generated:              0       82        0      
    +--+------------------------------+-------+---------+---------+
       Grand Total:                   18957   1685      1488   


LINKER GENERATED COPY TABLES

__TI_cinit_table @ 000050a8 records: 3, size/record: 8, table size: 24
	.data: load addr=00005068, load size=0000001e bytes, run addr=200005b0, run size=00000028 bytes, compression=lzss
	.bss: load addr=00005098, load size=00000008 bytes, run addr=20000470, run size=00000140 bytes, compression=zero_init
	.vtable: load addr=000050a0, load size=00000008 bytes, run addr=20000000, run size=0000026c bytes, compression=zero_init


LINKER GENERATED HANDLER TABLE

__TI_handler_table @ 00005088 records: 3, size/record: 4, table size: 12
	index: 0, handler: __TI_zero_init
	index: 1, handler: __TI_decompress_lzss
	index: 2, handler: __TI_decompress_none


GLOBAL SYMBOLS: SORTED ALPHABETICALLY BY Name 

address   name                          
-------   ----                          
00004c83  C$$EXIT                       
00004baf  CPUcpsid                      
00004bbb  CPUcpsie                      
00002a2d  ConfigureBluetoothUART        
00002791  ConfigureESCSignal            
000027ed  ConfigureI2C                  
00003cb5  ConfigureQEI                  
00003d29  ConfigureQEIVel               
000039c9  ConfigureUART                 
00004b35  FPULazyStackingEnable         
0000492b  GPIODirModeSet                
00003553  GPIOPadConfigSet              
000045a5  GPIOPinConfigure              
00004a09  GPIOPinTypeGPIOOutput         
00004aa5  GPIOPinTypeI2C                
00004ab7  GPIOPinTypeI2CSCL             
00004ac9  GPIOPinTypePWM                
00004adb  GPIOPinTypeQEI                
00004aed  GPIOPinTypeUART               
00004c59  GPIOPinWrite                  
00004c39  I2CMasterBusy                 
00004c6b  I2CMasterControl              
00004c6f  I2CMasterDataGet              
00004c73  I2CMasterDataPut              
00004bdf  I2CMasterEnable               
000044c1  I2CMasterInitExpClk           
00004c41  I2CMasterSlaveAddrSet         
000028e7  I2C_Read                      
00002833  I2C_Write                     
000002a5  IMU_init                      
0000026d  IMU_readWHOAMI_AG             
00000289  IMU_readWHOAMI_M              
00003a05  InitializeTiva                
000041e1  IntEnable                     
00004b45  IntMasterDisable              
00004b55  IntMasterEnable               
00004861  IntRegister                   
00000457  LSM9DS1_begin                 
00004d8c  PI                            
00004955  PWMGenConfigure               
00004bc7  PWMGenEnable                  
00004b65  PWMGenPeriodSet               
00004aff  PWMOutputState                
00004999  PWMPulseWidthSet              
00004b85  QEIConfigure                  
00004be9  QEIDisable                    
00004bf3  QEIEnable                     
00004bfd  QEIIntDisable                 
00004c77  QEIPositionSet                
00004b75  QEIVelocityConfigure          
00004c07  QEIVelocityEnable             
00004bd3  ResetISR                      
000037a9  SysCtlClockGet                
00003bc1  SysCtlClockSet                
00004c5f  SysCtlDelay                   
00004a69  SysCtlPWMClockSet             
00004895  SysCtlPeripheralEnable        
00004781  SysCtlPeripheralPresent       
000047b9  SysCtlPeripheralReady         
00004471  SysCtlPeripheralReset         
00004315  TimerConfigure                
00004b93  TimerEnable                   
00004c7b  TimerIntClear                 
00004c49  TimerIntEnable                
00004a21  TimerIntRegister              
00004c11  TimerIntStatus                
00004b11  TimerLoadSet                  
00004c1b  UARTCharGet                   
00004c25  UARTCharPut                   
00004c65  UARTClockSourceSet            
00004635  UARTConfigSetExpClk           
00004979  UARTDisable                   
00004a7d  UARTEnable                    
000018fd  UARTStdioConfig               
00001a43  UARTgetc                      
00001989  UARTgets                      
00001d63  UARTprintf                    
00001a69  UARTvprintf                   
00001943  UARTwrite                     
20000470  __STACK_END                   
00000200  __STACK_SIZE                  
20000470  __STACK_TOP                   
000050a8  __TI_CINIT_Base               
000050c0  __TI_CINIT_Limit              
00005088  __TI_Handler_Table_Base       
00005094  __TI_Handler_Table_Limit      
0000467d  __TI_auto_init_nobinit_nopinit
00004249  __TI_decompress_lzss          
00004ba1  __TI_decompress_none          
ffffffff  __TI_pprof_out_hndl           
00000ead  __TI_printfi                  
ffffffff  __TI_prof_data_size           
ffffffff  __TI_prof_data_start          
00000000  __TI_static_base__            
000049b7  __TI_zero_init_nomemset       
00003f7d  __aeabi_cdcmpeq               
00003f7d  __aeabi_cdcmple               
00004003  __aeabi_cdrcmple              
00004171  __aeabi_d2f                   
000045ed  __aeabi_d2iz                  
00002fdb  __aeabi_dadd                  
0000341d  __aeabi_ddiv                  
00003ac5  __aeabi_dmul                  
00002fd1  __aeabi_dsub                  
00004c51  __aeabi_errno_addr            
00004829  __aeabi_f2d                   
000048fd  __aeabi_i2d                   
000018fb  __aeabi_idiv0                 
000018fb  __aeabi_ldiv0                 
00004089  __aeabi_memclr                
00004089  __aeabi_memclr4               
00004089  __aeabi_memclr8               
00003e4b  __aeabi_memcpy                
00003e4b  __aeabi_memcpy4               
00003e4b  __aeabi_memcpy8               
0000408b  __aeabi_memset                
0000408b  __aeabi_memset4               
0000408b  __aeabi_memset8               
000046c1  __aeabi_uidiv                 
000046c1  __aeabi_uidivmod              
00003ee7  __aeabi_uldivmod              
ffffffff  __binit__                     
ffffffff  __c_args__                    
UNDEFED   __mpu_init                    
20000270  __stack                       
000048c9  _c_int00_noargs               
00004c88  _ctypes_                      
UNDEFED   _system_post_cinit            
00004c7f  _system_pre_init              
2000054c  aBias                         
2000057a  aBiasRaw                      
2000059c  aRes                          
00004c83  abort                         
20000570  accel                         
000008a1  accelAvailable                
00001d99  atan                          
00002c29  atan2                         
00002c29  atan2l                        
00001d99  atanl                         
00004559  atoi                          
ffffffff  binit                         
00000a05  calcAccel                     
000009db  calcGyro                      
00000a31  calcMag                       
000003f7  calcaRes                      
000003d9  calcgRes                      
00000415  calcmRes                      
00000d05  constrainScales               
000049ef  copysign                      
000049ef  copysignl                     
000047f1  delayMs                       
0000480b  delayUs                       
200005a8  device                        
200005d4  errno                         
200005c8  flag                          
000042b1  frexp                         
000042b1  frexpl                        
20000558  gBias                         
20000582  gBiasRaw                      
200005a0  gRes                          
20000000  g_pfnRAMVectors               
00000000  g_pfnVectors                  
2000054a  gx                            
2000059a  gy                            
20000538  gyro                          
000008b7  gyroAvailable                 
200005ac  gz                            
20000470  imu_str                       
00000695  initAccel                     
00000489  initGyro                      
000007a5  initMag                       
00002ba7  intToASCII                    
000038b9  ldexp                         
000038b9  ldexpl                        
000043cb  ltoa                          
20000564  mBias                         
2000058a  mBiasRaw                      
00000e35  mReadByte                     
00000e61  mReadBytes                    
200005a4  mRes                          
00000da5  mWriteByte                    
20000592  mag                           
200005b0  magSensitivity                
00003a41  main                          
000049d3  memccpy                       
00003e4b  memcpy                        
00004091  memset                        
00002b1d  printFloat                    
00002acb  printInt                      
00002085  printQuaternion               
00002a65  printString                   
00003d45  pulsesToDegrees               
200005c0  pwmOut                        
000008e7  readAccel                     
0000099d  readGyro                      
00000931  readMag                       
0000097b  readTemp                      
000038b9  scalbn                        
000038b9  scalbnl                       
00000c53  setAccelODR                   
00000ae9  setAccelScale                 
00000c01  setGyroODR                    
00000a61  setGyroScale                  
00000ca5  setMagODR                     
00000b7d  setMagScale                   
00004701  sprintf                       
00003189  sqrt                          
00003189  sqrtl                         
0000279f  startESCSignal                
200004d4  str_buffer                    
00004a51  strchr                        
00004a91  strlen                        
20000579  temp                          
000008cf  tempAvailable                 
200005ae  temperature                   
200005c4  upFlag                        
00004b23  wcslen                        
00000dcf  xgReadByte                    
00000dfb  xgReadBytes                   
00000d79  xgWriteByte                   


GLOBAL SYMBOLS: SORTED BY Symbol Address 

address   name                          
-------   ----                          
00000000  __TI_static_base__            
00000000  g_pfnVectors                  
00000200  __STACK_SIZE                  
0000026d  IMU_readWHOAMI_AG             
00000289  IMU_readWHOAMI_M              
000002a5  IMU_init                      
000003d9  calcgRes                      
000003f7  calcaRes                      
00000415  calcmRes                      
00000457  LSM9DS1_begin                 
00000489  initGyro                      
00000695  initAccel                     
000007a5  initMag                       
000008a1  accelAvailable                
000008b7  gyroAvailable                 
000008cf  tempAvailable                 
000008e7  readAccel                     
00000931  readMag                       
0000097b  readTemp                      
0000099d  readGyro                      
000009db  calcGyro                      
00000a05  calcAccel                     
00000a31  calcMag                       
00000a61  setGyroScale                  
00000ae9  setAccelScale                 
00000b7d  setMagScale                   
00000c01  setGyroODR                    
00000c53  setAccelODR                   
00000ca5  setMagODR                     
00000d05  constrainScales               
00000d79  xgWriteByte                   
00000da5  mWriteByte                    
00000dcf  xgReadByte                    
00000dfb  xgReadBytes                   
00000e35  mReadByte                     
00000e61  mReadBytes                    
00000ead  __TI_printfi                  
000018fb  __aeabi_idiv0                 
000018fb  __aeabi_ldiv0                 
000018fd  UARTStdioConfig               
00001943  UARTwrite                     
00001989  UARTgets                      
00001a43  UARTgetc                      
00001a69  UARTvprintf                   
00001d63  UARTprintf                    
00001d99  atan                          
00001d99  atanl                         
00002085  printQuaternion               
00002791  ConfigureESCSignal            
0000279f  startESCSignal                
000027ed  ConfigureI2C                  
00002833  I2C_Write                     
000028e7  I2C_Read                      
00002a2d  ConfigureBluetoothUART        
00002a65  printString                   
00002acb  printInt                      
00002b1d  printFloat                    
00002ba7  intToASCII                    
00002c29  atan2                         
00002c29  atan2l                        
00002fd1  __aeabi_dsub                  
00002fdb  __aeabi_dadd                  
00003189  sqrt                          
00003189  sqrtl                         
0000341d  __aeabi_ddiv                  
00003553  GPIOPadConfigSet              
000037a9  SysCtlClockGet                
000038b9  ldexp                         
000038b9  ldexpl                        
000038b9  scalbn                        
000038b9  scalbnl                       
000039c9  ConfigureUART                 
00003a05  InitializeTiva                
00003a41  main                          
00003ac5  __aeabi_dmul                  
00003bc1  SysCtlClockSet                
00003cb5  ConfigureQEI                  
00003d29  ConfigureQEIVel               
00003d45  pulsesToDegrees               
00003e4b  __aeabi_memcpy                
00003e4b  __aeabi_memcpy4               
00003e4b  __aeabi_memcpy8               
00003e4b  memcpy                        
00003ee7  __aeabi_uldivmod              
00003f7d  __aeabi_cdcmpeq               
00003f7d  __aeabi_cdcmple               
00004003  __aeabi_cdrcmple              
00004089  __aeabi_memclr                
00004089  __aeabi_memclr4               
00004089  __aeabi_memclr8               
0000408b  __aeabi_memset                
0000408b  __aeabi_memset4               
0000408b  __aeabi_memset8               
00004091  memset                        
00004171  __aeabi_d2f                   
000041e1  IntEnable                     
00004249  __TI_decompress_lzss          
000042b1  frexp                         
000042b1  frexpl                        
00004315  TimerConfigure                
000043cb  ltoa                          
00004471  SysCtlPeripheralReset         
000044c1  I2CMasterInitExpClk           
00004559  atoi                          
000045a5  GPIOPinConfigure              
000045ed  __aeabi_d2iz                  
00004635  UARTConfigSetExpClk           
0000467d  __TI_auto_init_nobinit_nopinit
000046c1  __aeabi_uidiv                 
000046c1  __aeabi_uidivmod              
00004701  sprintf                       
00004781  SysCtlPeripheralPresent       
000047b9  SysCtlPeripheralReady         
000047f1  delayMs                       
0000480b  delayUs                       
00004829  __aeabi_f2d                   
00004861  IntRegister                   
00004895  SysCtlPeripheralEnable        
000048c9  _c_int00_noargs               
000048fd  __aeabi_i2d                   
0000492b  GPIODirModeSet                
00004955  PWMGenConfigure               
00004979  UARTDisable                   
00004999  PWMPulseWidthSet              
000049b7  __TI_zero_init_nomemset       
000049d3  memccpy                       
000049ef  copysign                      
000049ef  copysignl                     
00004a09  GPIOPinTypeGPIOOutput         
00004a21  TimerIntRegister              
00004a51  strchr                        
00004a69  SysCtlPWMClockSet             
00004a7d  UARTEnable                    
00004a91  strlen                        
00004aa5  GPIOPinTypeI2C                
00004ab7  GPIOPinTypeI2CSCL             
00004ac9  GPIOPinTypePWM                
00004adb  GPIOPinTypeQEI                
00004aed  GPIOPinTypeUART               
00004aff  PWMOutputState                
00004b11  TimerLoadSet                  
00004b23  wcslen                        
00004b35  FPULazyStackingEnable         
00004b45  IntMasterDisable              
00004b55  IntMasterEnable               
00004b65  PWMGenPeriodSet               
00004b75  QEIVelocityConfigure          
00004b85  QEIConfigure                  
00004b93  TimerEnable                   
00004ba1  __TI_decompress_none          
00004baf  CPUcpsid                      
00004bbb  CPUcpsie                      
00004bc7  PWMGenEnable                  
00004bd3  ResetISR                      
00004bdf  I2CMasterEnable               
00004be9  QEIDisable                    
00004bf3  QEIEnable                     
00004bfd  QEIIntDisable                 
00004c07  QEIVelocityEnable             
00004c11  TimerIntStatus                
00004c1b  UARTCharGet                   
00004c25  UARTCharPut                   
00004c39  I2CMasterBusy                 
00004c41  I2CMasterSlaveAddrSet         
00004c49  TimerIntEnable                
00004c51  __aeabi_errno_addr            
00004c59  GPIOPinWrite                  
00004c5f  SysCtlDelay                   
00004c65  UARTClockSourceSet            
00004c6b  I2CMasterControl              
00004c6f  I2CMasterDataGet              
00004c73  I2CMasterDataPut              
00004c77  QEIPositionSet                
00004c7b  TimerIntClear                 
00004c7f  _system_pre_init              
00004c83  C$$EXIT                       
00004c83  abort                         
00004c88  _ctypes_                      
00004d8c  PI                            
00005088  __TI_Handler_Table_Base       
00005094  __TI_Handler_Table_Limit      
000050a8  __TI_CINIT_Base               
000050c0  __TI_CINIT_Limit              
20000000  g_pfnRAMVectors               
20000270  __stack                       
20000470  __STACK_END                   
20000470  __STACK_TOP                   
20000470  imu_str                       
200004d4  str_buffer                    
20000538  gyro                          
2000054a  gx                            
2000054c  aBias                         
20000558  gBias                         
20000564  mBias                         
20000570  accel                         
20000579  temp                          
2000057a  aBiasRaw                      
20000582  gBiasRaw                      
2000058a  mBiasRaw                      
20000592  mag                           
2000059a  gy                            
2000059c  aRes                          
200005a0  gRes                          
200005a4  mRes                          
200005a8  device                        
200005ac  gz                            
200005ae  temperature                   
200005b0  magSensitivity                
200005c0  pwmOut                        
200005c4  upFlag                        
200005c8  flag                          
200005d4  errno                         
ffffffff  __TI_pprof_out_hndl           
ffffffff  __TI_prof_data_size           
ffffffff  __TI_prof_data_start          
ffffffff  __binit__                     
ffffffff  __c_args__                    
ffffffff  binit                         
UNDEFED   __mpu_init                    
UNDEFED   _system_post_cinit            

[220 symbols]
