<?xml version="1.0" encoding="ISO-8859-1" ?>
<link_info>
   <banner>TI ARM Linker Unix v18.12.4.LTS</banner>
   <copyright>Copyright (c) 1996-2018 Texas Instruments Incorporated</copyright>
   <link_time>0x5f70b127</link_time>
   <link_errors>0x0</link_errors>
   <output_file>bmx_fall_2020.out</output_file>
   <entry_point>
      <name>_c_int00_noargs</name>
      <address>0x31ed</address>
   </entry_point>
   <input_file_list>
      <input_file id="fl-2">
         <path>./</path>
         <kind>object</kind>
         <file>main.obj</file>
         <name>main.obj</name>
      </input_file>
      <input_file id="fl-3">
         <path>./</path>
         <kind>object</kind>
         <file>tm4c123gh6pm_startup_ccs.obj</file>
         <name>tm4c123gh6pm_startup_ccs.obj</name>
      </input_file>
      <input_file id="fl-4">
         <path>./drivers/lsm9ds1/</path>
         <kind>object</kind>
         <file>lsm9ds1.obj</file>
         <name>lsm9ds1.obj</name>
      </input_file>
      <input_file id="fl-5">
         <path>./libraries/bmx_adc/</path>
         <kind>object</kind>
         <file>adcInit.obj</file>
         <name>adcInit.obj</name>
      </input_file>
      <input_file id="fl-6">
         <path>./libraries/bmx_bluetooth/</path>
         <kind>object</kind>
         <file>bmx_bluetooth.obj</file>
         <name>bmx_bluetooth.obj</name>
      </input_file>
      <input_file id="fl-7">
         <path>./libraries/bmx_encoder/</path>
         <kind>object</kind>
         <file>bmx_encoder.obj</file>
         <name>bmx_encoder.obj</name>
      </input_file>
      <input_file id="fl-8">
         <path>./libraries/bmx_esc/</path>
         <kind>object</kind>
         <file>bmx_esc.obj</file>
         <name>bmx_esc.obj</name>
      </input_file>
      <input_file id="fl-9">
         <path>./libraries/bmx_imu/</path>
         <kind>object</kind>
         <file>bmx_imu.obj</file>
         <name>bmx_imu.obj</name>
      </input_file>
      <input_file id="fl-a">
         <path>./libraries/bmx_imu/</path>
         <kind>object</kind>
         <file>i2c.obj</file>
         <name>i2c.obj</name>
      </input_file>
      <input_file id="fl-b">
         <path>./libraries/bmx_util/</path>
         <kind>object</kind>
         <file>bmx_utilities.obj</file>
         <name>bmx_utilities.obj</name>
      </input_file>
      <input_file id="fl-c">
         <path>./libraries/bmx_util/</path>
         <kind>object</kind>
         <file>delay.obj</file>
         <name>delay.obj</name>
      </input_file>
      <input_file id="fl-d">
         <path>./libraries/uartsdio/</path>
         <kind>object</kind>
         <file>uartstdio.obj</file>
         <name>uartstdio.obj</name>
      </input_file>
      <input_file id="fl-12">
         <kind>object</kind>
         <file>&lt;internal&gt;</file>
         <name>&lt;internal&gt;</name>
      </input_file>
      <input_file id="fl-13">
         <path>/home/alealfaro/Embedded/tivaware/driverlib/ccs/Debug/</path>
         <kind>archive</kind>
         <file>driverlib.lib</file>
         <name>adc.obj</name>
      </input_file>
      <input_file id="fl-14">
         <path>/home/alealfaro/Embedded/tivaware/driverlib/ccs/Debug/</path>
         <kind>archive</kind>
         <file>driverlib.lib</file>
         <name>fpu.obj</name>
      </input_file>
      <input_file id="fl-15">
         <path>/home/alealfaro/Embedded/tivaware/driverlib/ccs/Debug/</path>
         <kind>archive</kind>
         <file>driverlib.lib</file>
         <name>gpio.obj</name>
      </input_file>
      <input_file id="fl-16">
         <path>/home/alealfaro/Embedded/tivaware/driverlib/ccs/Debug/</path>
         <kind>archive</kind>
         <file>driverlib.lib</file>
         <name>i2c.obj</name>
      </input_file>
      <input_file id="fl-17">
         <path>/home/alealfaro/Embedded/tivaware/driverlib/ccs/Debug/</path>
         <kind>archive</kind>
         <file>driverlib.lib</file>
         <name>interrupt.obj</name>
      </input_file>
      <input_file id="fl-18">
         <path>/home/alealfaro/Embedded/tivaware/driverlib/ccs/Debug/</path>
         <kind>archive</kind>
         <file>driverlib.lib</file>
         <name>pwm.obj</name>
      </input_file>
      <input_file id="fl-19">
         <path>/home/alealfaro/Embedded/tivaware/driverlib/ccs/Debug/</path>
         <kind>archive</kind>
         <file>driverlib.lib</file>
         <name>qei.obj</name>
      </input_file>
      <input_file id="fl-1a">
         <path>/home/alealfaro/Embedded/tivaware/driverlib/ccs/Debug/</path>
         <kind>archive</kind>
         <file>driverlib.lib</file>
         <name>sysctl.obj</name>
      </input_file>
      <input_file id="fl-1b">
         <path>/home/alealfaro/Embedded/tivaware/driverlib/ccs/Debug/</path>
         <kind>archive</kind>
         <file>driverlib.lib</file>
         <name>timer.obj</name>
      </input_file>
      <input_file id="fl-1c">
         <path>/home/alealfaro/Embedded/tivaware/driverlib/ccs/Debug/</path>
         <kind>archive</kind>
         <file>driverlib.lib</file>
         <name>uart.obj</name>
      </input_file>
      <input_file id="fl-1d">
         <path>/home/alealfaro/Embedded/tivaware/driverlib/ccs/Debug/</path>
         <kind>archive</kind>
         <file>driverlib.lib</file>
         <name>cpu.obj</name>
      </input_file>
      <input_file id="fl-d3">
         <path>/home/alealfaro/ti/ccs930/ccs/tools/compiler/ti-cgt-arm_18.12.4.LTS/lib/</path>
         <kind>archive</kind>
         <file>rtsv7M4_T_le_v4SPD16_eabi.lib</file>
         <name>e_atan2.c.obj</name>
      </input_file>
      <input_file id="fl-d4">
         <path>/home/alealfaro/ti/ccs930/ccs/tools/compiler/ti-cgt-arm_18.12.4.LTS/lib/</path>
         <kind>archive</kind>
         <file>rtsv7M4_T_le_v4SPD16_eabi.lib</file>
         <name>e_pow.c.obj</name>
      </input_file>
      <input_file id="fl-d5">
         <path>/home/alealfaro/ti/ccs930/ccs/tools/compiler/ti-cgt-arm_18.12.4.LTS/lib/</path>
         <kind>archive</kind>
         <file>rtsv7M4_T_le_v4SPD16_eabi.lib</file>
         <name>e_sqrt.c.obj</name>
      </input_file>
      <input_file id="fl-d6">
         <path>/home/alealfaro/ti/ccs930/ccs/tools/compiler/ti-cgt-arm_18.12.4.LTS/lib/</path>
         <kind>archive</kind>
         <file>rtsv7M4_T_le_v4SPD16_eabi.lib</file>
         <name>s_atan.c.obj</name>
      </input_file>
      <input_file id="fl-d7">
         <path>/home/alealfaro/ti/ccs930/ccs/tools/compiler/ti-cgt-arm_18.12.4.LTS/lib/</path>
         <kind>archive</kind>
         <file>rtsv7M4_T_le_v4SPD16_eabi.lib</file>
         <name>s_scalbn.c.obj</name>
      </input_file>
      <input_file id="fl-d8">
         <path>/home/alealfaro/ti/ccs930/ccs/tools/compiler/ti-cgt-arm_18.12.4.LTS/lib/</path>
         <kind>archive</kind>
         <file>rtsv7M4_T_le_v4SPD16_eabi.lib</file>
         <name>fd_add_t2.asm.obj</name>
      </input_file>
      <input_file id="fl-d9">
         <path>/home/alealfaro/ti/ccs930/ccs/tools/compiler/ti-cgt-arm_18.12.4.LTS/lib/</path>
         <kind>archive</kind>
         <file>rtsv7M4_T_le_v4SPD16_eabi.lib</file>
         <name>fd_cmp_t2.asm.obj</name>
      </input_file>
      <input_file id="fl-da">
         <path>/home/alealfaro/ti/ccs930/ccs/tools/compiler/ti-cgt-arm_18.12.4.LTS/lib/</path>
         <kind>archive</kind>
         <file>rtsv7M4_T_le_v4SPD16_eabi.lib</file>
         <name>fd_div_t2.asm.obj</name>
      </input_file>
      <input_file id="fl-db">
         <path>/home/alealfaro/ti/ccs930/ccs/tools/compiler/ti-cgt-arm_18.12.4.LTS/lib/</path>
         <kind>archive</kind>
         <file>rtsv7M4_T_le_v4SPD16_eabi.lib</file>
         <name>fd_mul_t2.asm.obj</name>
      </input_file>
      <input_file id="fl-dc">
         <path>/home/alealfaro/ti/ccs930/ccs/tools/compiler/ti-cgt-arm_18.12.4.LTS/lib/</path>
         <kind>archive</kind>
         <file>rtsv7M4_T_le_v4SPD16_eabi.lib</file>
         <name>fd_toi_t2.asm.obj</name>
      </input_file>
      <input_file id="fl-dd">
         <path>/home/alealfaro/ti/ccs930/ccs/tools/compiler/ti-cgt-arm_18.12.4.LTS/lib/</path>
         <kind>archive</kind>
         <file>rtsv7M4_T_le_v4SPD16_eabi.lib</file>
         <name>fd_tos_t2.asm.obj</name>
      </input_file>
      <input_file id="fl-de">
         <path>/home/alealfaro/ti/ccs930/ccs/tools/compiler/ti-cgt-arm_18.12.4.LTS/lib/</path>
         <kind>archive</kind>
         <file>rtsv7M4_T_le_v4SPD16_eabi.lib</file>
         <name>fs_tod_t2.asm.obj</name>
      </input_file>
      <input_file id="fl-df">
         <path>/home/alealfaro/ti/ccs930/ccs/tools/compiler/ti-cgt-arm_18.12.4.LTS/lib/</path>
         <kind>archive</kind>
         <file>rtsv7M4_T_le_v4SPD16_eabi.lib</file>
         <name>i_tofd_t2.asm.obj</name>
      </input_file>
      <input_file id="fl-e0">
         <path>/home/alealfaro/ti/ccs930/ccs/tools/compiler/ti-cgt-arm_18.12.4.LTS/lib/</path>
         <kind>archive</kind>
         <file>rtsv7M4_T_le_v4SPD16_eabi.lib</file>
         <name>memcpy_t2.asm.obj</name>
      </input_file>
      <input_file id="fl-e1">
         <path>/home/alealfaro/ti/ccs930/ccs/tools/compiler/ti-cgt-arm_18.12.4.LTS/lib/</path>
         <kind>archive</kind>
         <file>rtsv7M4_T_le_v4SPD16_eabi.lib</file>
         <name>u_tofd_t2.asm.obj</name>
      </input_file>
      <input_file id="fl-e2">
         <path>/home/alealfaro/ti/ccs930/ccs/tools/compiler/ti-cgt-arm_18.12.4.LTS/lib/</path>
         <kind>archive</kind>
         <file>rtsv7M4_T_le_v4SPD16_eabi.lib</file>
         <name>u_divt2.asm.obj</name>
      </input_file>
      <input_file id="fl-e3">
         <path>/home/alealfaro/ti/ccs930/ccs/tools/compiler/ti-cgt-arm_18.12.4.LTS/lib/</path>
         <kind>archive</kind>
         <file>rtsv7M4_T_le_v4SPD16_eabi.lib</file>
         <name>copy_zero_init.c.obj</name>
      </input_file>
      <input_file id="fl-e4">
         <path>/home/alealfaro/ti/ccs930/ccs/tools/compiler/ti-cgt-arm_18.12.4.LTS/lib/</path>
         <kind>archive</kind>
         <file>rtsv7M4_T_le_v4SPD16_eabi.lib</file>
         <name>copy_decompress_none.c.obj</name>
      </input_file>
      <input_file id="fl-e5">
         <path>/home/alealfaro/ti/ccs930/ccs/tools/compiler/ti-cgt-arm_18.12.4.LTS/lib/</path>
         <kind>archive</kind>
         <file>rtsv7M4_T_le_v4SPD16_eabi.lib</file>
         <name>copy_decompress_lzss.c.obj</name>
      </input_file>
      <input_file id="fl-e6">
         <path>/home/alealfaro/ti/ccs930/ccs/tools/compiler/ti-cgt-arm_18.12.4.LTS/lib/</path>
         <kind>archive</kind>
         <file>rtsv7M4_T_le_v4SPD16_eabi.lib</file>
         <name>boot_cortex_m.c.obj</name>
      </input_file>
      <input_file id="fl-e7">
         <path>/home/alealfaro/ti/ccs930/ccs/tools/compiler/ti-cgt-arm_18.12.4.LTS/lib/</path>
         <kind>archive</kind>
         <file>rtsv7M4_T_le_v4SPD16_eabi.lib</file>
         <name>errno.c.obj</name>
      </input_file>
      <input_file id="fl-e8">
         <path>/home/alealfaro/ti/ccs930/ccs/tools/compiler/ti-cgt-arm_18.12.4.LTS/lib/</path>
         <kind>archive</kind>
         <file>rtsv7M4_T_le_v4SPD16_eabi.lib</file>
         <name>s_copysign.c.obj</name>
      </input_file>
      <input_file id="fl-e9">
         <path>/home/alealfaro/ti/ccs930/ccs/tools/compiler/ti-cgt-arm_18.12.4.LTS/lib/</path>
         <kind>archive</kind>
         <file>rtsv7M4_T_le_v4SPD16_eabi.lib</file>
         <name>div0.asm.obj</name>
      </input_file>
      <input_file id="fl-ea">
         <path>/home/alealfaro/ti/ccs930/ccs/tools/compiler/ti-cgt-arm_18.12.4.LTS/lib/</path>
         <kind>archive</kind>
         <file>rtsv7M4_T_le_v4SPD16_eabi.lib</file>
         <name>memset_t2.asm.obj</name>
      </input_file>
      <input_file id="fl-eb">
         <path>/home/alealfaro/ti/ccs930/ccs/tools/compiler/ti-cgt-arm_18.12.4.LTS/lib/</path>
         <kind>archive</kind>
         <file>rtsv7M4_T_le_v4SPD16_eabi.lib</file>
         <name>autoinit.c.obj</name>
      </input_file>
      <input_file id="fl-ec">
         <path>/home/alealfaro/ti/ccs930/ccs/tools/compiler/ti-cgt-arm_18.12.4.LTS/lib/</path>
         <kind>archive</kind>
         <file>rtsv7M4_T_le_v4SPD16_eabi.lib</file>
         <name>pre_init.c.obj</name>
      </input_file>
      <input_file id="fl-ed">
         <path>/home/alealfaro/ti/ccs930/ccs/tools/compiler/ti-cgt-arm_18.12.4.LTS/lib/</path>
         <kind>archive</kind>
         <file>rtsv7M4_T_le_v4SPD16_eabi.lib</file>
         <name>cpy_tbl.c.obj</name>
      </input_file>
      <input_file id="fl-ee">
         <path>/home/alealfaro/ti/ccs930/ccs/tools/compiler/ti-cgt-arm_18.12.4.LTS/lib/</path>
         <kind>archive</kind>
         <file>rtsv7M4_T_le_v4SPD16_eabi.lib</file>
         <name>exit.c.obj</name>
      </input_file>
      <input_file id="fl-ef">
         <path>/home/alealfaro/ti/ccs930/ccs/tools/compiler/ti-cgt-arm_18.12.4.LTS/lib/</path>
         <kind>archive</kind>
         <file>rtsv7M4_T_le_v4SPD16_eabi.lib</file>
         <name>_lock.c.obj</name>
      </input_file>
      <input_file id="fl-f0">
         <path>/home/alealfaro/ti/ccs930/ccs/tools/compiler/ti-cgt-arm_18.12.4.LTS/lib/</path>
         <kind>archive</kind>
         <file>rtsv7M4_T_le_v4SPD16_eabi.lib</file>
         <name>args_main.c.obj</name>
      </input_file>
   </input_file_list>
   <object_component_list>
      <object_component id="oc-f">
         <name>.intvecs</name>
         <load_address>0x0</load_address>
         <run_address>0x0</run_address>
         <size>0x26c</size>
         <input_file_ref idref="fl-3"/>
      </object_component>
      <object_component id="oc-113">
         <name>.text</name>
         <load_address>0x26c</load_address>
         <run_address>0x26c</run_address>
         <size>0xc40</size>
         <input_file_ref idref="fl-4"/>
      </object_component>
      <object_component id="oc-dd">
         <name>.text</name>
         <load_address>0xeac</load_address>
         <run_address>0xeac</run_address>
         <size>0x49c</size>
         <input_file_ref idref="fl-d"/>
      </object_component>
      <object_component id="oc-3a3">
         <name>.text:atan</name>
         <load_address>0x1348</load_address>
         <run_address>0x1348</run_address>
         <size>0x2ec</size>
         <input_file_ref idref="fl-d6"/>
      </object_component>
      <object_component id="oc-11f">
         <name>.text</name>
         <load_address>0x1634</load_address>
         <run_address>0x1634</run_address>
         <size>0x26c</size>
         <input_file_ref idref="fl-9"/>
      </object_component>
      <object_component id="oc-107">
         <name>.text</name>
         <load_address>0x18a0</load_address>
         <run_address>0x18a0</run_address>
         <size>0x260</size>
         <input_file_ref idref="fl-8"/>
      </object_component>
      <object_component id="oc-f5">
         <name>.text</name>
         <load_address>0x1b00</load_address>
         <run_address>0x1b00</run_address>
         <size>0x240</size>
         <input_file_ref idref="fl-a"/>
      </object_component>
      <object_component id="oc-fb">
         <name>.text</name>
         <load_address>0x1d40</load_address>
         <run_address>0x1d40</run_address>
         <size>0x1fc</size>
         <input_file_ref idref="fl-6"/>
      </object_component>
      <object_component id="oc-2c8">
         <name>.text:atan2</name>
         <load_address>0x1f3c</load_address>
         <run_address>0x1f3c</run_address>
         <size>0x1d8</size>
         <input_file_ref idref="fl-d3"/>
      </object_component>
      <object_component id="oc-39e">
         <name>.text</name>
         <load_address>0x2114</load_address>
         <run_address>0x2114</run_address>
         <size>0x1b6</size>
         <input_file_ref idref="fl-d8"/>
      </object_component>
      <object_component id="oc-334">
         <name>.text</name>
         <load_address>0x22ca</load_address>
         <run_address>0x22ca</run_address>
         <size>0x2</size>
         <input_file_ref idref="fl-e9"/>
      </object_component>
      <object_component id="oc-98">
         <name>.text</name>
         <load_address>0x22cc</load_address>
         <run_address>0x22cc</run_address>
         <size>0x178</size>
         <input_file_ref idref="fl-2"/>
      </object_component>
      <object_component id="oc-2d3">
         <name>.text:sqrt</name>
         <load_address>0x2444</load_address>
         <run_address>0x2444</run_address>
         <size>0x158</size>
         <input_file_ref idref="fl-d5"/>
      </object_component>
      <object_component id="oc-2de">
         <name>.text</name>
         <load_address>0x259c</load_address>
         <run_address>0x259c</run_address>
         <size>0x136</size>
         <input_file_ref idref="fl-da"/>
      </object_component>
      <object_component id="oc-184">
         <name>.text:GPIOPadConfigSet</name>
         <load_address>0x26d2</load_address>
         <run_address>0x26d2</run_address>
         <size>0x132</size>
         <input_file_ref idref="fl-15"/>
      </object_component>
      <object_component id="oc-1d9">
         <name>.text:SysCtlClockGet</name>
         <load_address>0x2804</load_address>
         <run_address>0x2804</run_address>
         <size>0x110</size>
         <input_file_ref idref="fl-1a"/>
      </object_component>
      <object_component id="oc-2e3">
         <name>.text</name>
         <load_address>0x2914</load_address>
         <run_address>0x2914</run_address>
         <size>0xfc</size>
         <input_file_ref idref="fl-db"/>
      </object_component>
      <object_component id="oc-e9">
         <name>.text:SysCtlClockSet</name>
         <load_address>0x2a10</load_address>
         <run_address>0x2a10</run_address>
         <size>0xf4</size>
         <input_file_ref idref="fl-1a"/>
      </object_component>
      <object_component id="oc-101">
         <name>.text</name>
         <load_address>0x2b04</load_address>
         <run_address>0x2b04</run_address>
         <size>0xe4</size>
         <input_file_ref idref="fl-7"/>
      </object_component>
      <object_component id="oc-38">
         <name>.text</name>
         <load_address>0x2be8</load_address>
         <run_address>0x2be8</run_address>
         <size>0x9c</size>
         <input_file_ref idref="fl-e0"/>
      </object_component>
      <object_component id="oc-3ff">
         <name>.text:__aeabi_cdrcmple</name>
         <load_address>0x2c84</load_address>
         <run_address>0x2c84</run_address>
         <size>0x86</size>
         <input_file_ref idref="fl-d9"/>
      </object_component>
      <object_component id="oc-2ce">
         <name>.text</name>
         <load_address>0x2d0a</load_address>
         <run_address>0x2d0a</run_address>
         <size>0x6e</size>
         <input_file_ref idref="fl-dd"/>
      </object_component>
      <object_component id="oc-298">
         <name>.text:IntEnable</name>
         <load_address>0x2d78</load_address>
         <run_address>0x2d78</run_address>
         <size>0x68</size>
         <input_file_ref idref="fl-17"/>
      </object_component>
      <object_component id="oc-12">
         <name>.text:decompress:lzss:__TI_decompress_lzss</name>
         <load_address>0x2de0</load_address>
         <run_address>0x2de0</run_address>
         <size>0x68</size>
         <input_file_ref idref="fl-e5"/>
      </object_component>
      <object_component id="oc-280">
         <name>.text:TimerConfigure</name>
         <load_address>0x2e48</load_address>
         <run_address>0x2e48</run_address>
         <size>0x60</size>
         <input_file_ref idref="fl-1b"/>
      </object_component>
      <object_component id="oc-1c7">
         <name>.text:SysCtlPeripheralReset</name>
         <load_address>0x2ea8</load_address>
         <run_address>0x2ea8</run_address>
         <size>0x50</size>
         <input_file_ref idref="fl-1a"/>
      </object_component>
      <object_component id="oc-1df">
         <name>.text:I2CMasterInitExpClk</name>
         <load_address>0x2ef8</load_address>
         <run_address>0x2ef8</run_address>
         <size>0x4c</size>
         <input_file_ref idref="fl-16"/>
      </object_component>
      <object_component id="oc-37d">
         <name>.text:_TimerIntNumberGet</name>
         <load_address>0x2f44</load_address>
         <run_address>0x2f44</run_address>
         <size>0x4c</size>
         <input_file_ref idref="fl-1b"/>
      </object_component>
      <object_component id="oc-cb">
         <name>.text:GPIOPinConfigure</name>
         <load_address>0x2f90</load_address>
         <run_address>0x2f90</run_address>
         <size>0x48</size>
         <input_file_ref idref="fl-15"/>
      </object_component>
      <object_component id="oc-193">
         <name>.text:UARTConfigSetExpClk</name>
         <load_address>0x2fd8</load_address>
         <run_address>0x2fd8</run_address>
         <size>0x46</size>
         <input_file_ref idref="fl-1c"/>
      </object_component>
      <object_component id="oc-13e">
         <name>.text:__TI_auto_init_nobinit_nopinit:__TI_auto_init_nobinit_nopinit</name>
         <load_address>0x3020</load_address>
         <run_address>0x3020</run_address>
         <size>0x44</size>
         <input_file_ref idref="fl-eb"/>
      </object_component>
      <object_component id="oc-1b4">
         <name>.text</name>
         <load_address>0x3064</load_address>
         <run_address>0x3064</run_address>
         <size>0x40</size>
         <input_file_ref idref="fl-e2"/>
      </object_component>
      <object_component id="oc-18d">
         <name>.text:SysCtlPeripheralPresent</name>
         <load_address>0x30a4</load_address>
         <run_address>0x30a4</run_address>
         <size>0x38</size>
         <input_file_ref idref="fl-1a"/>
      </object_component>
      <object_component id="oc-213">
         <name>.text:SysCtlPeripheralReady</name>
         <load_address>0x30dc</load_address>
         <run_address>0x30dc</run_address>
         <size>0x38</size>
         <input_file_ref idref="fl-1a"/>
      </object_component>
      <object_component id="oc-10d">
         <name>.text</name>
         <load_address>0x3114</load_address>
         <run_address>0x3114</run_address>
         <size>0x38</size>
         <input_file_ref idref="fl-c"/>
      </object_component>
      <object_component id="oc-2d9">
         <name>.text</name>
         <load_address>0x314c</load_address>
         <run_address>0x314c</run_address>
         <size>0x38</size>
         <input_file_ref idref="fl-de"/>
      </object_component>
      <object_component id="oc-383">
         <name>.text:IntRegister</name>
         <load_address>0x3184</load_address>
         <run_address>0x3184</run_address>
         <size>0x34</size>
         <input_file_ref idref="fl-17"/>
      </object_component>
      <object_component id="oc-c5">
         <name>.text:SysCtlPeripheralEnable</name>
         <load_address>0x31b8</load_address>
         <run_address>0x31b8</run_address>
         <size>0x34</size>
         <input_file_ref idref="fl-1a"/>
      </object_component>
      <object_component id="oc-56">
         <name>.text:_c_int00_noargs:_c_int00_noargs</name>
         <load_address>0x31ec</load_address>
         <run_address>0x31ec</run_address>
         <size>0x34</size>
         <input_file_ref idref="fl-e6"/>
      </object_component>
      <object_component id="oc-2c3">
         <name>.text</name>
         <load_address>0x3220</load_address>
         <run_address>0x3220</run_address>
         <size>0x2e</size>
         <input_file_ref idref="fl-df"/>
      </object_component>
      <object_component id="oc-17e">
         <name>.text:GPIODirModeSet</name>
         <load_address>0x324e</load_address>
         <run_address>0x324e</run_address>
         <size>0x2a</size>
         <input_file_ref idref="fl-15"/>
      </object_component>
      <object_component id="oc-268">
         <name>.text:PWMGenConfigure</name>
         <load_address>0x3278</load_address>
         <run_address>0x3278</run_address>
         <size>0x22</size>
         <input_file_ref idref="fl-18"/>
      </object_component>
      <object_component id="oc-324">
         <name>.text:UARTDisable</name>
         <load_address>0x329c</load_address>
         <run_address>0x329c</run_address>
         <size>0x20</size>
         <input_file_ref idref="fl-1c"/>
      </object_component>
      <object_component id="oc-256">
         <name>.text:PWMPulseWidthSet</name>
         <load_address>0x32bc</load_address>
         <run_address>0x32bc</run_address>
         <size>0x1e</size>
         <input_file_ref idref="fl-18"/>
      </object_component>
      <object_component id="oc-44">
         <name>.text:decompress:ZI:__TI_zero_init_nomemset:__TI_zero_init_nomemset</name>
         <load_address>0x32da</load_address>
         <run_address>0x32da</run_address>
         <size>0x1c</size>
         <input_file_ref idref="fl-e3"/>
      </object_component>
      <object_component id="oc-ef">
         <name>.text:GPIOPinTypeGPIOOutput</name>
         <load_address>0x32f6</load_address>
         <run_address>0x32f6</run_address>
         <size>0x18</size>
         <input_file_ref idref="fl-15"/>
      </object_component>
      <object_component id="oc-292">
         <name>.text:TimerIntRegister</name>
         <load_address>0x330e</load_address>
         <run_address>0x330e</run_address>
         <size>0x18</size>
         <input_file_ref idref="fl-1b"/>
      </object_component>
      <object_component id="oc-25c">
         <name>.text:SysCtlPWMClockSet</name>
         <load_address>0x3328</load_address>
         <run_address>0x3328</run_address>
         <size>0x14</size>
         <input_file_ref idref="fl-1a"/>
      </object_component>
      <object_component id="oc-199">
         <name>.text:UARTEnable</name>
         <load_address>0x333c</load_address>
         <run_address>0x333c</run_address>
         <size>0x14</size>
         <input_file_ref idref="fl-1c"/>
      </object_component>
      <object_component id="oc-1d3">
         <name>.text:GPIOPinTypeI2C</name>
         <load_address>0x3350</load_address>
         <run_address>0x3350</run_address>
         <size>0x12</size>
         <input_file_ref idref="fl-15"/>
      </object_component>
      <object_component id="oc-1cd">
         <name>.text:GPIOPinTypeI2CSCL</name>
         <load_address>0x3362</load_address>
         <run_address>0x3362</run_address>
         <size>0x12</size>
         <input_file_ref idref="fl-15"/>
      </object_component>
      <object_component id="oc-262">
         <name>.text:GPIOPinTypePWM</name>
         <load_address>0x3374</load_address>
         <run_address>0x3374</run_address>
         <size>0x12</size>
         <input_file_ref idref="fl-15"/>
      </object_component>
      <object_component id="oc-219">
         <name>.text:GPIOPinTypeQEI</name>
         <load_address>0x3386</load_address>
         <run_address>0x3386</run_address>
         <size>0x12</size>
         <input_file_ref idref="fl-15"/>
      </object_component>
      <object_component id="oc-d1">
         <name>.text:GPIOPinTypeUART</name>
         <load_address>0x3398</load_address>
         <run_address>0x3398</run_address>
         <size>0x12</size>
         <input_file_ref idref="fl-15"/>
      </object_component>
      <object_component id="oc-27a">
         <name>.text:PWMOutputState</name>
         <load_address>0x33aa</load_address>
         <run_address>0x33aa</run_address>
         <size>0x12</size>
         <input_file_ref idref="fl-18"/>
      </object_component>
      <object_component id="oc-286">
         <name>.text:TimerLoadSet</name>
         <load_address>0x33bc</load_address>
         <run_address>0x33bc</run_address>
         <size>0x12</size>
         <input_file_ref idref="fl-1b"/>
      </object_component>
      <object_component id="oc-e3">
         <name>.text:FPULazyStackingEnable</name>
         <load_address>0x33d0</load_address>
         <run_address>0x33d0</run_address>
         <size>0x10</size>
         <input_file_ref idref="fl-14"/>
      </object_component>
      <object_component id="oc-1e5">
         <name>.text:IntMasterDisable</name>
         <load_address>0x33e0</load_address>
         <run_address>0x33e0</run_address>
         <size>0x10</size>
         <input_file_ref idref="fl-17"/>
      </object_component>
      <object_component id="oc-203">
         <name>.text:IntMasterEnable</name>
         <load_address>0x33f0</load_address>
         <run_address>0x33f0</run_address>
         <size>0x10</size>
         <input_file_ref idref="fl-17"/>
      </object_component>
      <object_component id="oc-26e">
         <name>.text:PWMGenPeriodSet</name>
         <load_address>0x3400</load_address>
         <run_address>0x3400</run_address>
         <size>0x10</size>
         <input_file_ref idref="fl-18"/>
      </object_component>
      <object_component id="oc-23d">
         <name>.text:QEIVelocityConfigure</name>
         <load_address>0x3410</load_address>
         <run_address>0x3410</run_address>
         <size>0x10</size>
         <input_file_ref idref="fl-19"/>
      </object_component>
      <object_component id="oc-22b">
         <name>.text:QEIConfigure</name>
         <load_address>0x3420</load_address>
         <run_address>0x3420</run_address>
         <size>0xe</size>
         <input_file_ref idref="fl-19"/>
      </object_component>
      <object_component id="oc-28c">
         <name>.text:TimerEnable</name>
         <load_address>0x342e</load_address>
         <run_address>0x342e</run_address>
         <size>0xe</size>
         <input_file_ref idref="fl-1b"/>
      </object_component>
      <object_component id="oc-18">
         <name>.text:decompress:none:__TI_decompress_none</name>
         <load_address>0x343c</load_address>
         <run_address>0x343c</run_address>
         <size>0xe</size>
         <input_file_ref idref="fl-e4"/>
      </object_component>
      <object_component id="oc-34e">
         <name>.text:CPUcpsid</name>
         <load_address>0x344a</load_address>
         <run_address>0x344a</run_address>
         <size>0xc</size>
         <input_file_ref idref="fl-1d"/>
      </object_component>
      <object_component id="oc-359">
         <name>.text:CPUcpsie</name>
         <load_address>0x3456</load_address>
         <run_address>0x3456</run_address>
         <size>0xc</size>
         <input_file_ref idref="fl-1d"/>
      </object_component>
      <object_component id="oc-274">
         <name>.text:PWMGenEnable</name>
         <load_address>0x3462</load_address>
         <run_address>0x3462</run_address>
         <size>0xc</size>
         <input_file_ref idref="fl-18"/>
      </object_component>
      <object_component id="oc-24">
         <name>.text</name>
         <load_address>0x346e</load_address>
         <run_address>0x346e</run_address>
         <size>0xc</size>
         <input_file_ref idref="fl-3"/>
      </object_component>
      <object_component id="oc-346">
         <name>.text:I2CMasterEnable</name>
         <load_address>0x347a</load_address>
         <run_address>0x347a</run_address>
         <size>0xa</size>
         <input_file_ref idref="fl-16"/>
      </object_component>
      <object_component id="oc-21f">
         <name>.text:QEIDisable</name>
         <load_address>0x3484</load_address>
         <run_address>0x3484</run_address>
         <size>0xa</size>
         <input_file_ref idref="fl-19"/>
      </object_component>
      <object_component id="oc-231">
         <name>.text:QEIEnable</name>
         <load_address>0x348e</load_address>
         <run_address>0x348e</run_address>
         <size>0xa</size>
         <input_file_ref idref="fl-19"/>
      </object_component>
      <object_component id="oc-225">
         <name>.text:QEIIntDisable</name>
         <load_address>0x3498</load_address>
         <run_address>0x3498</run_address>
         <size>0xa</size>
         <input_file_ref idref="fl-19"/>
      </object_component>
      <object_component id="oc-243">
         <name>.text:QEIVelocityEnable</name>
         <load_address>0x34a2</load_address>
         <run_address>0x34a2</run_address>
         <size>0xa</size>
         <input_file_ref idref="fl-19"/>
      </object_component>
      <object_component id="oc-24a">
         <name>.text:TimerIntStatus</name>
         <load_address>0x34ac</load_address>
         <run_address>0x34ac</run_address>
         <size>0xa</size>
         <input_file_ref idref="fl-1b"/>
      </object_component>
      <object_component id="oc-1a5">
         <name>.text:UARTCharGet</name>
         <load_address>0x34b6</load_address>
         <run_address>0x34b6</run_address>
         <size>0xa</size>
         <input_file_ref idref="fl-1c"/>
      </object_component>
      <object_component id="oc-19f">
         <name>.text:UARTCharPut</name>
         <load_address>0x34c0</load_address>
         <run_address>0x34c0</run_address>
         <size>0xa</size>
         <input_file_ref idref="fl-1c"/>
      </object_component>
      <object_component id="oc-1f7">
         <name>.text:I2CMasterBusy</name>
         <load_address>0x34ca</load_address>
         <run_address>0x34ca</run_address>
         <size>0x8</size>
         <input_file_ref idref="fl-16"/>
      </object_component>
      <object_component id="oc-1eb">
         <name>.text:I2CMasterSlaveAddrSet</name>
         <load_address>0x34d2</load_address>
         <run_address>0x34d2</run_address>
         <size>0x8</size>
         <input_file_ref idref="fl-16"/>
      </object_component>
      <object_component id="oc-29e">
         <name>.text:TimerIntEnable</name>
         <load_address>0x34da</load_address>
         <run_address>0x34da</run_address>
         <size>0x8</size>
         <input_file_ref idref="fl-1b"/>
      </object_component>
      <object_component id="oc-3b1">
         <name>.text:__aeabi_errno_addr</name>
         <load_address>0x34e4</load_address>
         <run_address>0x34e4</run_address>
         <size>0x8</size>
         <input_file_ref idref="fl-e7"/>
      </object_component>
      <object_component id="oc-119">
         <name>.text:GPIOPinWrite</name>
         <load_address>0x34ec</load_address>
         <run_address>0x34ec</run_address>
         <size>0x6</size>
         <input_file_ref idref="fl-15"/>
      </object_component>
      <object_component id="oc-1c4">
         <name>.text:SysCtlDelay</name>
         <load_address>0x34f2</load_address>
         <run_address>0x34f2</run_address>
         <size>0x6</size>
         <input_file_ref idref="fl-1a"/>
      </object_component>
      <object_component id="oc-d7">
         <name>.text:UARTClockSourceSet</name>
         <load_address>0x34f8</load_address>
         <run_address>0x34f8</run_address>
         <size>0x6</size>
         <input_file_ref idref="fl-1c"/>
      </object_component>
      <object_component id="oc-1fd">
         <name>.text:I2CMasterControl</name>
         <load_address>0x34fe</load_address>
         <run_address>0x34fe</run_address>
         <size>0x4</size>
         <input_file_ref idref="fl-16"/>
      </object_component>
      <object_component id="oc-209">
         <name>.text:I2CMasterDataGet</name>
         <load_address>0x3502</load_address>
         <run_address>0x3502</run_address>
         <size>0x4</size>
         <input_file_ref idref="fl-16"/>
      </object_component>
      <object_component id="oc-1f1">
         <name>.text:I2CMasterDataPut</name>
         <load_address>0x3506</load_address>
         <run_address>0x3506</run_address>
         <size>0x4</size>
         <input_file_ref idref="fl-16"/>
      </object_component>
      <object_component id="oc-237">
         <name>.text:QEIPositionSet</name>
         <load_address>0x350a</load_address>
         <run_address>0x350a</run_address>
         <size>0x4</size>
         <input_file_ref idref="fl-19"/>
      </object_component>
      <object_component id="oc-250">
         <name>.text:TimerIntClear</name>
         <load_address>0x350e</load_address>
         <run_address>0x350e</run_address>
         <size>0x4</size>
         <input_file_ref idref="fl-1b"/>
      </object_component>
      <object_component id="oc-92">
         <name>.text:_system_pre_init</name>
         <load_address>0x3512</load_address>
         <run_address>0x3512</run_address>
         <size>0x4</size>
         <input_file_ref idref="fl-ec"/>
      </object_component>
      <object_component id="oc-132">
         <name>.text:abort:abort</name>
         <load_address>0x3516</load_address>
         <run_address>0x3516</run_address>
         <size>0x4</size>
         <input_file_ref idref="fl-ee"/>
      </object_component>
      <object_component id="oc-404">
         <name>.const:$O1$$</name>
         <load_address>0x3520</load_address>
         <run_address>0x3520</run_address>
         <size>0x98</size>
         <input_file_ref idref="fl-d6"/>
      </object_component>
      <object_component id="oc-179">
         <name>.const:g_pui32GPIOBaseAddrs</name>
         <load_address>0x35b8</load_address>
         <run_address>0x35b8</run_address>
         <size>0x90</size>
         <input_file_ref idref="fl-15"/>
      </object_component>
      <object_component id="oc-38a">
         <name>.const</name>
         <load_address>0x3648</load_address>
         <run_address>0x3648</run_address>
         <size>0x70</size>
         <input_file_ref idref="fl-17"/>
      </object_component>
      <object_component id="oc-342">
         <name>.const:g_pui32Xtals</name>
         <load_address>0x36b8</load_address>
         <run_address>0x36b8</run_address>
         <size>0x6c</size>
         <input_file_ref idref="fl-1a"/>
      </object_component>
      <object_component id="oc-3ef">
         <name>.const:g_ppui32TimerIntMap</name>
         <load_address>0x3724</load_address>
         <run_address>0x3724</run_address>
         <size>0x60</size>
         <input_file_ref idref="fl-1b"/>
      </object_component>
      <object_component id="oc-3f2">
         <name>.const:g_ppui32TimerIntMapSnowflake</name>
         <load_address>0x3784</load_address>
         <run_address>0x3784</run_address>
         <size>0x40</size>
         <input_file_ref idref="fl-1b"/>
      </object_component>
      <object_component id="oc-12e">
         <name>.const:.string:$P$T3$4</name>
         <load_address>0x37c4</load_address>
         <run_address>0x37c4</run_address>
         <size>0x20</size>
         <input_file_ref idref="fl-2"/>
      </object_component>
      <object_component id="oc-12b">
         <name>.const:.string:$P$T2$3</name>
         <load_address>0x37e4</load_address>
         <run_address>0x37e4</run_address>
         <size>0x1b</size>
         <input_file_ref idref="fl-2"/>
      </object_component>
      <object_component id="oc-128">
         <name>.const:.string:$P$T1$2</name>
         <load_address>0x37ff</load_address>
         <run_address>0x37ff</run_address>
         <size>0x19</size>
         <input_file_ref idref="fl-2"/>
      </object_component>
      <object_component id="oc-125">
         <name>.const:.string:$P$T0$1</name>
         <load_address>0x3818</load_address>
         <run_address>0x3818</run_address>
         <size>0x18</size>
         <input_file_ref idref="fl-2"/>
      </object_component>
      <object_component id="oc-33a">
         <name>.const:.string</name>
         <load_address>0x3830</load_address>
         <run_address>0x3830</run_address>
         <size>0x12</size>
         <input_file_ref idref="fl-d"/>
      </object_component>
      <object_component id="oc-1b1">
         <name>.const:g_ui32UARTBase</name>
         <load_address>0x3844</load_address>
         <run_address>0x3844</run_address>
         <size>0xc</size>
         <input_file_ref idref="fl-d"/>
      </object_component>
      <object_component id="oc-1ab">
         <name>.const:g_ui32UARTPeriph</name>
         <load_address>0x3850</load_address>
         <run_address>0x3850</run_address>
         <size>0xc</size>
         <input_file_ref idref="fl-d"/>
      </object_component>
      <object_component id="oc-2e8">
         <name>.const</name>
         <load_address>0x385c</load_address>
         <run_address>0x385c</run_address>
         <size>0x4</size>
         <input_file_ref idref="fl-9"/>
      </object_component>
      <object_component id="oc-1b9">
         <name>.const</name>
         <load_address>0x3860</load_address>
         <run_address>0x3860</run_address>
         <size>0x4</size>
         <input_file_ref idref="fl-d"/>
      </object_component>
      <object_component id="oc-462">
         <name>.cinit..data.load</name>
         <load_address>0x3868</load_address>
         <run_address>0x3868</run_address>
         <size>0x1e</size>
      </object_component>
      <object_component id="oc-45f">
         <name>__TI_handler_table</name>
         <load_address>0x3888</load_address>
         <run_address>0x3888</run_address>
         <size>0xc</size>
      </object_component>
      <object_component id="oc-463">
         <name>.cinit..bss.load</name>
         <load_address>0x3898</load_address>
         <run_address>0x3898</run_address>
         <size>0x8</size>
      </object_component>
      <object_component id="oc-461">
         <name>.cinit..vtable.load</name>
         <load_address>0x38a0</load_address>
         <run_address>0x38a0</run_address>
         <size>0x8</size>
      </object_component>
      <object_component id="oc-460">
         <name>__TI_cinit_table</name>
         <load_address>0x38a8</load_address>
         <run_address>0x38a8</run_address>
         <size>0x18</size>
      </object_component>
      <object_component id="oc-3f6">
         <name>.vtable</name>
         <uninitialized>true</uninitialized>
         <run_address>0x20000000</run_address>
         <size>0x26c</size>
         <input_file_ref idref="fl-17"/>
      </object_component>
      <object_component id="oc-2ba">
         <name>.data:magSensitivity</name>
         <load_address>0x200004e8</load_address>
         <run_address>0x200004e8</run_address>
         <size>0x10</size>
         <input_file_ref idref="fl-4"/>
      </object_component>
      <object_component id="oc-2a4">
         <name>.data</name>
         <load_address>0x200004f8</load_address>
         <run_address>0x200004f8</run_address>
         <size>0xc</size>
         <input_file_ref idref="fl-8"/>
      </object_component>
      <object_component id="oc-1ae">
         <name>.data</name>
         <load_address>0x20000504</load_address>
         <run_address>0x20000504</run_address>
         <size>0x5</size>
         <input_file_ref idref="fl-d"/>
      </object_component>
      <object_component id="oc-40f">
         <name>.data</name>
         <load_address>0x2000050c</load_address>
         <run_address>0x2000050c</run_address>
         <size>0x4</size>
         <input_file_ref idref="fl-e7"/>
      </object_component>
      <object_component id="oc-2aa">
         <name>.common:device</name>
         <uninitialized>true</uninitialized>
         <run_address>0x200004e0</run_address>
         <size>0x3</size>
      </object_component>
      <object_component id="oc-2ad">
         <name>.common:gyro</name>
         <uninitialized>true</uninitialized>
         <run_address>0x20000470</run_address>
         <size>0x12</size>
      </object_component>
      <object_component id="oc-2ae">
         <name>.common:accel</name>
         <uninitialized>true</uninitialized>
         <run_address>0x200004a8</run_address>
         <size>0x9</size>
      </object_component>
      <object_component id="oc-2af">
         <name>.common:mag</name>
         <uninitialized>true</uninitialized>
         <run_address>0x200004ca</run_address>
         <size>0x8</size>
      </object_component>
      <object_component id="oc-2b0">
         <name>.common:temp</name>
         <uninitialized>true</uninitialized>
         <run_address>0x200004b1</run_address>
         <size>0x1</size>
      </object_component>
      <object_component id="oc-2be">
         <name>.common:gx</name>
         <uninitialized>true</uninitialized>
         <run_address>0x20000482</run_address>
         <size>0x2</size>
      </object_component>
      <object_component id="oc-2bf">
         <name>.common:gy</name>
         <uninitialized>true</uninitialized>
         <run_address>0x200004d2</run_address>
         <size>0x2</size>
      </object_component>
      <object_component id="oc-2c0">
         <name>.common:gz</name>
         <uninitialized>true</uninitialized>
         <run_address>0x200004e4</run_address>
         <size>0x2</size>
      </object_component>
      <object_component id="oc-2bd">
         <name>.common:temperature</name>
         <uninitialized>true</uninitialized>
         <run_address>0x200004e6</run_address>
         <size>0x2</size>
      </object_component>
      <object_component id="oc-2b1">
         <name>.common:gBias</name>
         <uninitialized>true</uninitialized>
         <run_address>0x20000490</run_address>
         <size>0xc</size>
      </object_component>
      <object_component id="oc-2b2">
         <name>.common:aBias</name>
         <uninitialized>true</uninitialized>
         <run_address>0x20000484</run_address>
         <size>0xc</size>
      </object_component>
      <object_component id="oc-2b3">
         <name>.common:mBias</name>
         <uninitialized>true</uninitialized>
         <run_address>0x2000049c</run_address>
         <size>0xc</size>
      </object_component>
      <object_component id="oc-2b4">
         <name>.common:gBiasRaw</name>
         <uninitialized>true</uninitialized>
         <run_address>0x200004ba</run_address>
         <size>0x8</size>
      </object_component>
      <object_component id="oc-2b5">
         <name>.common:aBiasRaw</name>
         <uninitialized>true</uninitialized>
         <run_address>0x200004b2</run_address>
         <size>0x8</size>
      </object_component>
      <object_component id="oc-2b6">
         <name>.common:mBiasRaw</name>
         <uninitialized>true</uninitialized>
         <run_address>0x200004c2</run_address>
         <size>0x8</size>
      </object_component>
      <object_component id="oc-2b7">
         <name>.common:gRes</name>
         <uninitialized>true</uninitialized>
         <run_address>0x200004d8</run_address>
         <size>0x4</size>
      </object_component>
      <object_component id="oc-2b8">
         <name>.common:aRes</name>
         <uninitialized>true</uninitialized>
         <run_address>0x200004d4</run_address>
         <size>0x4</size>
      </object_component>
      <object_component id="oc-2b9">
         <name>.common:mRes</name>
         <uninitialized>true</uninitialized>
         <run_address>0x200004dc</run_address>
         <size>0x4</size>
      </object_component>
      <object_component id="oc-21">
         <name>.stack</name>
         <uninitialized>true</uninitialized>
         <run_address>0x20000270</run_address>
         <size>0x4</size>
         <input_file_ref idref="fl-e6"/>
      </object_component>
      <object_component id="oc-464">
         <name>.stack</name>
         <uninitialized>true</uninitialized>
         <run_address>0x20000270</run_address>
         <size>0x0</size>
      </object_component>
      <object_component id="oc-b4">
         <name>.debug_info</name>
         <load_address>0x0</load_address>
         <run_address>0x0</run_address>
         <size>0x6ad</size>
         <input_file_ref idref="fl-2"/>
      </object_component>
      <object_component id="oc-126">
         <name>.debug_info</name>
         <load_address>0x6ad</load_address>
         <run_address>0x6ad</run_address>
         <size>0xbe</size>
         <input_file_ref idref="fl-2"/>
      </object_component>
      <object_component id="oc-129">
         <name>.debug_info</name>
         <load_address>0x76b</load_address>
         <run_address>0x76b</run_address>
         <size>0xbe</size>
         <input_file_ref idref="fl-2"/>
      </object_component>
      <object_component id="oc-12c">
         <name>.debug_info</name>
         <load_address>0x829</load_address>
         <run_address>0x829</run_address>
         <size>0xbe</size>
         <input_file_ref idref="fl-2"/>
      </object_component>
      <object_component id="oc-12f">
         <name>.debug_info</name>
         <load_address>0x8e7</load_address>
         <run_address>0x8e7</run_address>
         <size>0xbe</size>
         <input_file_ref idref="fl-2"/>
      </object_component>
      <object_component id="oc-99">
         <name>.debug_info</name>
         <load_address>0x9a5</load_address>
         <run_address>0x9a5</run_address>
         <size>0x52c</size>
         <input_file_ref idref="fl-2"/>
      </object_component>
      <object_component id="oc-6d">
         <name>.debug_info</name>
         <load_address>0xed1</load_address>
         <run_address>0xed1</run_address>
         <size>0x26b</size>
         <input_file_ref idref="fl-2"/>
      </object_component>
      <object_component id="oc-af">
         <name>.debug_info</name>
         <load_address>0x113c</load_address>
         <run_address>0x113c</run_address>
         <size>0x8b</size>
         <input_file_ref idref="fl-2"/>
      </object_component>
      <object_component id="oc-aa">
         <name>.debug_info</name>
         <load_address>0x11c7</load_address>
         <run_address>0x11c7</run_address>
         <size>0x297</size>
         <input_file_ref idref="fl-2"/>
      </object_component>
      <object_component id="oc-72">
         <name>.debug_info</name>
         <load_address>0x145e</load_address>
         <run_address>0x145e</run_address>
         <size>0xbb</size>
         <input_file_ref idref="fl-2"/>
      </object_component>
      <object_component id="oc-1be">
         <name>.debug_info</name>
         <load_address>0x1519</load_address>
         <run_address>0x1519</run_address>
         <size>0x2c</size>
         <input_file_ref idref="fl-2"/>
      </object_component>
      <object_component id="oc-2c">
         <name>.debug_info</name>
         <load_address>0x1545</load_address>
         <run_address>0x1545</run_address>
         <size>0x29e</size>
         <input_file_ref idref="fl-3"/>
      </object_component>
      <object_component id="oc-10">
         <name>.debug_info</name>
         <load_address>0x17e3</load_address>
         <run_address>0x17e3</run_address>
         <size>0xdd</size>
         <input_file_ref idref="fl-3"/>
      </object_component>
      <object_component id="oc-25">
         <name>.debug_info</name>
         <load_address>0x18c0</load_address>
         <run_address>0x18c0</run_address>
         <size>0x259</size>
         <input_file_ref idref="fl-3"/>
      </object_component>
      <object_component id="oc-33">
         <name>.debug_info</name>
         <load_address>0x1b19</load_address>
         <run_address>0x1b19</run_address>
         <size>0x84</size>
         <input_file_ref idref="fl-3"/>
      </object_component>
      <object_component id="oc-2ab">
         <name>.debug_info</name>
         <load_address>0x1b9d</load_address>
         <run_address>0x1b9d</run_address>
         <size>0x58e</size>
         <input_file_ref idref="fl-4"/>
      </object_component>
      <object_component id="oc-2bb">
         <name>.debug_info</name>
         <load_address>0x212b</load_address>
         <run_address>0x212b</run_address>
         <size>0xe0</size>
         <input_file_ref idref="fl-4"/>
      </object_component>
      <object_component id="oc-114">
         <name>.debug_info</name>
         <load_address>0x220b</load_address>
         <run_address>0x220b</run_address>
         <size>0x18ff</size>
         <input_file_ref idref="fl-4"/>
      </object_component>
      <object_component id="oc-396">
         <name>.debug_info</name>
         <load_address>0x3b0a</load_address>
         <run_address>0x3b0a</run_address>
         <size>0x6c1</size>
         <input_file_ref idref="fl-4"/>
      </object_component>
      <object_component id="oc-212">
         <name>.debug_info</name>
         <load_address>0x41cb</load_address>
         <run_address>0x41cb</run_address>
         <size>0x434</size>
         <input_file_ref idref="fl-6"/>
      </object_component>
      <object_component id="oc-fc">
         <name>.debug_info</name>
         <load_address>0x45ff</load_address>
         <run_address>0x45ff</run_address>
         <size>0x739</size>
         <input_file_ref idref="fl-6"/>
      </object_component>
      <object_component id="oc-102">
         <name>.debug_info</name>
         <load_address>0x4d38</load_address>
         <run_address>0x4d38</run_address>
         <size>0x415</size>
         <input_file_ref idref="fl-7"/>
      </object_component>
      <object_component id="oc-2a8">
         <name>.debug_info</name>
         <load_address>0x514d</load_address>
         <run_address>0x514d</run_address>
         <size>0x65b</size>
         <input_file_ref idref="fl-8"/>
      </object_component>
      <object_component id="oc-2a5">
         <name>.debug_info</name>
         <load_address>0x57a8</load_address>
         <run_address>0x57a8</run_address>
         <size>0x108</size>
         <input_file_ref idref="fl-8"/>
      </object_component>
      <object_component id="oc-108">
         <name>.debug_info</name>
         <load_address>0x58b0</load_address>
         <run_address>0x58b0</run_address>
         <size>0x62e</size>
         <input_file_ref idref="fl-8"/>
      </object_component>
      <object_component id="oc-3be">
         <name>.debug_info</name>
         <load_address>0x5ede</load_address>
         <run_address>0x5ede</run_address>
         <size>0x2fd</size>
         <input_file_ref idref="fl-9"/>
      </object_component>
      <object_component id="oc-2e9">
         <name>.debug_info</name>
         <load_address>0x61db</load_address>
         <run_address>0x61db</run_address>
         <size>0xca</size>
         <input_file_ref idref="fl-9"/>
      </object_component>
      <object_component id="oc-120">
         <name>.debug_info</name>
         <load_address>0x62a5</load_address>
         <run_address>0x62a5</run_address>
         <size>0x43e</size>
         <input_file_ref idref="fl-9"/>
      </object_component>
      <object_component id="oc-210">
         <name>.debug_info</name>
         <load_address>0x66e3</load_address>
         <run_address>0x66e3</run_address>
         <size>0x55e</size>
         <input_file_ref idref="fl-a"/>
      </object_component>
      <object_component id="oc-f6">
         <name>.debug_info</name>
         <load_address>0x6c41</load_address>
         <run_address>0x6c41</run_address>
         <size>0x853</size>
         <input_file_ref idref="fl-a"/>
      </object_component>
      <object_component id="oc-10e">
         <name>.debug_info</name>
         <load_address>0x7494</load_address>
         <run_address>0x7494</run_address>
         <size>0x232</size>
         <input_file_ref idref="fl-c"/>
      </object_component>
      <object_component id="oc-1bd">
         <name>.debug_info</name>
         <load_address>0x76c6</load_address>
         <run_address>0x76c6</run_address>
         <size>0x3e5</size>
         <input_file_ref idref="fl-d"/>
      </object_component>
      <object_component id="oc-1af">
         <name>.debug_info</name>
         <load_address>0x7aab</load_address>
         <run_address>0x7aab</run_address>
         <size>0xdc</size>
         <input_file_ref idref="fl-d"/>
      </object_component>
      <object_component id="oc-1ba">
         <name>.debug_info</name>
         <load_address>0x7b87</load_address>
         <run_address>0x7b87</run_address>
         <size>0xd6</size>
         <input_file_ref idref="fl-d"/>
      </object_component>
      <object_component id="oc-1b2">
         <name>.debug_info</name>
         <load_address>0x7c5d</load_address>
         <run_address>0x7c5d</run_address>
         <size>0xe4</size>
         <input_file_ref idref="fl-d"/>
      </object_component>
      <object_component id="oc-1ac">
         <name>.debug_info</name>
         <load_address>0x7d41</load_address>
         <run_address>0x7d41</run_address>
         <size>0xe8</size>
         <input_file_ref idref="fl-d"/>
      </object_component>
      <object_component id="oc-de">
         <name>.debug_info</name>
         <load_address>0x7e29</load_address>
         <run_address>0x7e29</run_address>
         <size>0x869</size>
         <input_file_ref idref="fl-d"/>
      </object_component>
      <object_component id="oc-173">
         <name>.debug_info</name>
         <load_address>0x8692</load_address>
         <run_address>0x8692</run_address>
         <size>0x18b</size>
         <input_file_ref idref="fl-13"/>
      </object_component>
      <object_component id="oc-e6">
         <name>.debug_info</name>
         <load_address>0x881d</load_address>
         <run_address>0x881d</run_address>
         <size>0x225</size>
         <input_file_ref idref="fl-14"/>
      </object_component>
      <object_component id="oc-17d">
         <name>.debug_info</name>
         <load_address>0x8a42</load_address>
         <run_address>0x8a42</run_address>
         <size>0x240</size>
         <input_file_ref idref="fl-15"/>
      </object_component>
      <object_component id="oc-17a">
         <name>.debug_info</name>
         <load_address>0x8c82</load_address>
         <run_address>0x8c82</run_address>
         <size>0x15b</size>
         <input_file_ref idref="fl-15"/>
      </object_component>
      <object_component id="oc-11b">
         <name>.debug_info</name>
         <load_address>0x8ddd</load_address>
         <run_address>0x8ddd</run_address>
         <size>0x2a3</size>
         <input_file_ref idref="fl-15"/>
      </object_component>
      <object_component id="oc-180">
         <name>.debug_info</name>
         <load_address>0x9080</load_address>
         <run_address>0x9080</run_address>
         <size>0x2b3</size>
         <input_file_ref idref="fl-15"/>
      </object_component>
      <object_component id="oc-186">
         <name>.debug_info</name>
         <load_address>0x9333</load_address>
         <run_address>0x9333</run_address>
         <size>0x316</size>
         <input_file_ref idref="fl-15"/>
      </object_component>
      <object_component id="oc-d3">
         <name>.debug_info</name>
         <load_address>0x9649</load_address>
         <run_address>0x9649</run_address>
         <size>0x27b</size>
         <input_file_ref idref="fl-15"/>
      </object_component>
      <object_component id="oc-21a">
         <name>.debug_info</name>
         <load_address>0x98c4</load_address>
         <run_address>0x98c4</run_address>
         <size>0x279</size>
         <input_file_ref idref="fl-15"/>
      </object_component>
      <object_component id="oc-263">
         <name>.debug_info</name>
         <load_address>0x9b3d</load_address>
         <run_address>0x9b3d</run_address>
         <size>0x279</size>
         <input_file_ref idref="fl-15"/>
      </object_component>
      <object_component id="oc-1cf">
         <name>.debug_info</name>
         <load_address>0x9db6</load_address>
         <run_address>0x9db6</run_address>
         <size>0x27f</size>
         <input_file_ref idref="fl-15"/>
      </object_component>
      <object_component id="oc-1d5">
         <name>.debug_info</name>
         <load_address>0xa035</load_address>
         <run_address>0xa035</run_address>
         <size>0x279</size>
         <input_file_ref idref="fl-15"/>
      </object_component>
      <object_component id="oc-f1">
         <name>.debug_info</name>
         <load_address>0xa2ae</load_address>
         <run_address>0xa2ae</run_address>
         <size>0x2b7</size>
         <input_file_ref idref="fl-15"/>
      </object_component>
      <object_component id="oc-cc">
         <name>.debug_info</name>
         <load_address>0xa565</load_address>
         <run_address>0xa565</run_address>
         <size>0x280</size>
         <input_file_ref idref="fl-15"/>
      </object_component>
      <object_component id="oc-34d">
         <name>.debug_info</name>
         <load_address>0xa7e5</load_address>
         <run_address>0xa7e5</run_address>
         <size>0x231</size>
         <input_file_ref idref="fl-16"/>
      </object_component>
      <object_component id="oc-1ec">
         <name>.debug_info</name>
         <load_address>0xaa16</load_address>
         <run_address>0xaa16</run_address>
         <size>0x2ce</size>
         <input_file_ref idref="fl-16"/>
      </object_component>
      <object_component id="oc-347">
         <name>.debug_info</name>
         <load_address>0xace4</load_address>
         <run_address>0xace4</run_address>
         <size>0x24e</size>
         <input_file_ref idref="fl-16"/>
      </object_component>
      <object_component id="oc-1e0">
         <name>.debug_info</name>
         <load_address>0xaf32</load_address>
         <run_address>0xaf32</run_address>
         <size>0x2d5</size>
         <input_file_ref idref="fl-16"/>
      </object_component>
      <object_component id="oc-1f2">
         <name>.debug_info</name>
         <load_address>0xb207</load_address>
         <run_address>0xb207</run_address>
         <size>0x27e</size>
         <input_file_ref idref="fl-16"/>
      </object_component>
      <object_component id="oc-20a">
         <name>.debug_info</name>
         <load_address>0xb485</load_address>
         <run_address>0xb485</run_address>
         <size>0x254</size>
         <input_file_ref idref="fl-16"/>
      </object_component>
      <object_component id="oc-1fe">
         <name>.debug_info</name>
         <load_address>0xb6d9</load_address>
         <run_address>0xb6d9</run_address>
         <size>0x27e</size>
         <input_file_ref idref="fl-16"/>
      </object_component>
      <object_component id="oc-1f8">
         <name>.debug_info</name>
         <load_address>0xb957</load_address>
         <run_address>0xb957</run_address>
         <size>0x24e</size>
         <input_file_ref idref="fl-16"/>
      </object_component>
      <object_component id="oc-38e">
         <name>.debug_info</name>
         <load_address>0xbba5</load_address>
         <run_address>0xbba5</run_address>
         <size>0x20e</size>
         <input_file_ref idref="fl-17"/>
      </object_component>
      <object_component id="oc-38b">
         <name>.debug_info</name>
         <load_address>0xbdb3</load_address>
         <run_address>0xbdb3</run_address>
         <size>0x210</size>
         <input_file_ref idref="fl-17"/>
      </object_component>
      <object_component id="oc-3f7">
         <name>.debug_info</name>
         <load_address>0xbfc3</load_address>
         <run_address>0xbfc3</run_address>
         <size>0x157</size>
         <input_file_ref idref="fl-17"/>
      </object_component>
      <object_component id="oc-384">
         <name>.debug_info</name>
         <load_address>0xc11a</load_address>
         <run_address>0xc11a</run_address>
         <size>0x2c1</size>
         <input_file_ref idref="fl-17"/>
      </object_component>
      <object_component id="oc-204">
         <name>.debug_info</name>
         <load_address>0xc3db</load_address>
         <run_address>0xc3db</run_address>
         <size>0x23e</size>
         <input_file_ref idref="fl-17"/>
      </object_component>
      <object_component id="oc-1e6">
         <name>.debug_info</name>
         <load_address>0xc619</load_address>
         <run_address>0xc619</run_address>
         <size>0x240</size>
         <input_file_ref idref="fl-17"/>
      </object_component>
      <object_component id="oc-299">
         <name>.debug_info</name>
         <load_address>0xc859</load_address>
         <run_address>0xc859</run_address>
         <size>0x268</size>
         <input_file_ref idref="fl-17"/>
      </object_component>
      <object_component id="oc-373">
         <name>.debug_info</name>
         <load_address>0xcac1</load_address>
         <run_address>0xcac1</run_address>
         <size>0x1ed</size>
         <input_file_ref idref="fl-18"/>
      </object_component>
      <object_component id="oc-257">
         <name>.debug_info</name>
         <load_address>0xccae</load_address>
         <run_address>0xccae</run_address>
         <size>0x2f6</size>
         <input_file_ref idref="fl-18"/>
      </object_component>
      <object_component id="oc-27b">
         <name>.debug_info</name>
         <load_address>0xcfa4</load_address>
         <run_address>0xcfa4</run_address>
         <size>0x2c4</size>
         <input_file_ref idref="fl-18"/>
      </object_component>
      <object_component id="oc-26f">
         <name>.debug_info</name>
         <load_address>0xd268</load_address>
         <run_address>0xd268</run_address>
         <size>0x2b6</size>
         <input_file_ref idref="fl-18"/>
      </object_component>
      <object_component id="oc-275">
         <name>.debug_info</name>
         <load_address>0xd51e</load_address>
         <run_address>0xd51e</run_address>
         <size>0x276</size>
         <input_file_ref idref="fl-18"/>
      </object_component>
      <object_component id="oc-269">
         <name>.debug_info</name>
         <load_address>0xd794</load_address>
         <run_address>0xd794</run_address>
         <size>0x2b3</size>
         <input_file_ref idref="fl-18"/>
      </object_component>
      <object_component id="oc-368">
         <name>.debug_info</name>
         <load_address>0xda47</load_address>
         <run_address>0xda47</run_address>
         <size>0x1e8</size>
         <input_file_ref idref="fl-19"/>
      </object_component>
      <object_component id="oc-244">
         <name>.debug_info</name>
         <load_address>0xdc2f</load_address>
         <run_address>0xdc2f</run_address>
         <size>0x252</size>
         <input_file_ref idref="fl-19"/>
      </object_component>
      <object_component id="oc-23e">
         <name>.debug_info</name>
         <load_address>0xde81</load_address>
         <run_address>0xde81</run_address>
         <size>0x2cc</size>
         <input_file_ref idref="fl-19"/>
      </object_component>
      <object_component id="oc-238">
         <name>.debug_info</name>
         <load_address>0xe14d</load_address>
         <run_address>0xe14d</run_address>
         <size>0x28b</size>
         <input_file_ref idref="fl-19"/>
      </object_component>
      <object_component id="oc-226">
         <name>.debug_info</name>
         <load_address>0xe3d8</load_address>
         <run_address>0xe3d8</run_address>
         <size>0x28c</size>
         <input_file_ref idref="fl-19"/>
      </object_component>
      <object_component id="oc-232">
         <name>.debug_info</name>
         <load_address>0xe664</load_address>
         <run_address>0xe664</run_address>
         <size>0x23f</size>
         <input_file_ref idref="fl-19"/>
      </object_component>
      <object_component id="oc-220">
         <name>.debug_info</name>
         <load_address>0xe8a3</load_address>
         <run_address>0xe8a3</run_address>
         <size>0x241</size>
         <input_file_ref idref="fl-19"/>
      </object_component>
      <object_component id="oc-22c">
         <name>.debug_info</name>
         <load_address>0xeae4</load_address>
         <run_address>0xeae4</run_address>
         <size>0x2cd</size>
         <input_file_ref idref="fl-19"/>
      </object_component>
      <object_component id="oc-178">
         <name>.debug_info</name>
         <load_address>0xedb1</load_address>
         <run_address>0xedb1</run_address>
         <size>0x298</size>
         <input_file_ref idref="fl-1a"/>
      </object_component>
      <object_component id="oc-343">
         <name>.debug_info</name>
         <load_address>0xf049</load_address>
         <run_address>0xf049</run_address>
         <size>0x14d</size>
         <input_file_ref idref="fl-1a"/>
      </object_component>
      <object_component id="oc-1c8">
         <name>.debug_info</name>
         <load_address>0xf196</load_address>
         <run_address>0xf196</run_address>
         <size>0x295</size>
         <input_file_ref idref="fl-1a"/>
      </object_component>
      <object_component id="oc-214">
         <name>.debug_info</name>
         <load_address>0xf42b</load_address>
         <run_address>0xf42b</run_address>
         <size>0x27f</size>
         <input_file_ref idref="fl-1a"/>
      </object_component>
      <object_component id="oc-18e">
         <name>.debug_info</name>
         <load_address>0xf6aa</load_address>
         <run_address>0xf6aa</run_address>
         <size>0x283</size>
         <input_file_ref idref="fl-1a"/>
      </object_component>
      <object_component id="oc-c6">
         <name>.debug_info</name>
         <load_address>0xf92d</load_address>
         <run_address>0xf92d</run_address>
         <size>0x27d</size>
         <input_file_ref idref="fl-1a"/>
      </object_component>
      <object_component id="oc-25d">
         <name>.debug_info</name>
         <load_address>0xfbaa</load_address>
         <run_address>0xfbaa</run_address>
         <size>0x263</size>
         <input_file_ref idref="fl-1a"/>
      </object_component>
      <object_component id="oc-ea">
         <name>.debug_info</name>
         <load_address>0xfe0d</load_address>
         <run_address>0xfe0d</run_address>
         <size>0x2db</size>
         <input_file_ref idref="fl-1a"/>
      </object_component>
      <object_component id="oc-1da">
         <name>.debug_info</name>
         <load_address>0x100e8</load_address>
         <run_address>0x100e8</run_address>
         <size>0x2b5</size>
         <input_file_ref idref="fl-1a"/>
      </object_component>
      <object_component id="oc-316">
         <name>.debug_info</name>
         <load_address>0x1039d</load_address>
         <run_address>0x1039d</run_address>
         <size>0x5f</size>
         <input_file_ref idref="fl-1a"/>
      </object_component>
      <object_component id="oc-370">
         <name>.debug_info</name>
         <load_address>0x103fc</load_address>
         <run_address>0x103fc</run_address>
         <size>0x223</size>
         <input_file_ref idref="fl-1b"/>
      </object_component>
      <object_component id="oc-3f0">
         <name>.debug_info</name>
         <load_address>0x1061f</load_address>
         <run_address>0x1061f</run_address>
         <size>0x15a</size>
         <input_file_ref idref="fl-1b"/>
      </object_component>
      <object_component id="oc-3f3">
         <name>.debug_info</name>
         <load_address>0x10779</load_address>
         <run_address>0x10779</run_address>
         <size>0x16c</size>
         <input_file_ref idref="fl-1b"/>
      </object_component>
      <object_component id="oc-287">
         <name>.debug_info</name>
         <load_address>0x108e5</load_address>
         <run_address>0x108e5</run_address>
         <size>0x2ba</size>
         <input_file_ref idref="fl-1b"/>
      </object_component>
      <object_component id="oc-37e">
         <name>.debug_info</name>
         <load_address>0x10b9f</load_address>
         <run_address>0x10b9f</run_address>
         <size>0x2eb</size>
         <input_file_ref idref="fl-1b"/>
      </object_component>
      <object_component id="oc-24b">
         <name>.debug_info</name>
         <load_address>0x10e8a</load_address>
         <run_address>0x10e8a</run_address>
         <size>0x284</size>
         <input_file_ref idref="fl-1b"/>
      </object_component>
      <object_component id="oc-293">
         <name>.debug_info</name>
         <load_address>0x1110e</load_address>
         <run_address>0x1110e</run_address>
         <size>0x2e4</size>
         <input_file_ref idref="fl-1b"/>
      </object_component>
      <object_component id="oc-29f">
         <name>.debug_info</name>
         <load_address>0x113f2</load_address>
         <run_address>0x113f2</run_address>
         <size>0x294</size>
         <input_file_ref idref="fl-1b"/>
      </object_component>
      <object_component id="oc-251">
         <name>.debug_info</name>
         <load_address>0x11686</load_address>
         <run_address>0x11686</run_address>
         <size>0x292</size>
         <input_file_ref idref="fl-1b"/>
      </object_component>
      <object_component id="oc-28d">
         <name>.debug_info</name>
         <load_address>0x11918</load_address>
         <run_address>0x11918</run_address>
         <size>0x27f</size>
         <input_file_ref idref="fl-1b"/>
      </object_component>
      <object_component id="oc-281">
         <name>.debug_info</name>
         <load_address>0x11b97</load_address>
         <run_address>0x11b97</run_address>
         <size>0x28c</size>
         <input_file_ref idref="fl-1b"/>
      </object_component>
      <object_component id="oc-18c">
         <name>.debug_info</name>
         <load_address>0x11e23</load_address>
         <run_address>0x11e23</run_address>
         <size>0x227</size>
         <input_file_ref idref="fl-1c"/>
      </object_component>
      <object_component id="oc-19a">
         <name>.debug_info</name>
         <load_address>0x1204a</load_address>
         <run_address>0x1204a</run_address>
         <size>0x247</size>
         <input_file_ref idref="fl-1c"/>
      </object_component>
      <object_component id="oc-325">
         <name>.debug_info</name>
         <load_address>0x12291</load_address>
         <run_address>0x12291</run_address>
         <size>0x249</size>
         <input_file_ref idref="fl-1c"/>
      </object_component>
      <object_component id="oc-194">
         <name>.debug_info</name>
         <load_address>0x124da</load_address>
         <run_address>0x124da</run_address>
         <size>0x326</size>
         <input_file_ref idref="fl-1c"/>
      </object_component>
      <object_component id="oc-d8">
         <name>.debug_info</name>
         <load_address>0x12800</load_address>
         <run_address>0x12800</run_address>
         <size>0x291</size>
         <input_file_ref idref="fl-1c"/>
      </object_component>
      <object_component id="oc-1a0">
         <name>.debug_info</name>
         <load_address>0x12a91</load_address>
         <run_address>0x12a91</run_address>
         <size>0x273</size>
         <input_file_ref idref="fl-1c"/>
      </object_component>
      <object_component id="oc-1a6">
         <name>.debug_info</name>
         <load_address>0x12d04</load_address>
         <run_address>0x12d04</run_address>
         <size>0x24d</size>
         <input_file_ref idref="fl-1c"/>
      </object_component>
      <object_component id="oc-35a">
         <name>.debug_info</name>
         <load_address>0x12f51</load_address>
         <run_address>0x12f51</run_address>
         <size>0x212</size>
         <input_file_ref idref="fl-1d"/>
      </object_component>
      <object_component id="oc-34f">
         <name>.debug_info</name>
         <load_address>0x13163</load_address>
         <run_address>0x13163</run_address>
         <size>0x20f</size>
         <input_file_ref idref="fl-1d"/>
      </object_component>
      <object_component id="oc-3aa">
         <name>.debug_info</name>
         <load_address>0x13372</load_address>
         <run_address>0x13372</run_address>
         <size>0x2ad</size>
         <input_file_ref idref="fl-d3"/>
      </object_component>
      <object_component id="oc-2c9">
         <name>.debug_info</name>
         <load_address>0x1361f</load_address>
         <run_address>0x1361f</run_address>
         <size>0x246</size>
         <input_file_ref idref="fl-d3"/>
      </object_component>
      <object_component id="oc-40a">
         <name>.debug_info</name>
         <load_address>0x13865</load_address>
         <run_address>0x13865</run_address>
         <size>0x46</size>
         <input_file_ref idref="fl-d3"/>
      </object_component>
      <object_component id="oc-3ab">
         <name>.debug_info</name>
         <load_address>0x138ab</load_address>
         <run_address>0x138ab</run_address>
         <size>0x39</size>
         <input_file_ref idref="fl-d3"/>
      </object_component>
      <object_component id="oc-3b8">
         <name>.debug_info</name>
         <load_address>0x138e4</load_address>
         <run_address>0x138e4</run_address>
         <size>0x2c9</size>
         <input_file_ref idref="fl-d5"/>
      </object_component>
      <object_component id="oc-2d4">
         <name>.debug_info</name>
         <load_address>0x13bad</load_address>
         <run_address>0x13bad</run_address>
         <size>0x24c</size>
         <input_file_ref idref="fl-d5"/>
      </object_component>
      <object_component id="oc-430">
         <name>.debug_info</name>
         <load_address>0x13df9</load_address>
         <run_address>0x13df9</run_address>
         <size>0x2f6</size>
         <input_file_ref idref="fl-d6"/>
      </object_component>
      <object_component id="oc-405">
         <name>.debug_info</name>
         <load_address>0x140ef</load_address>
         <run_address>0x140ef</run_address>
         <size>0x130</size>
         <input_file_ref idref="fl-d6"/>
      </object_component>
      <object_component id="oc-3a7">
         <name>.debug_info</name>
         <load_address>0x1421f</load_address>
         <run_address>0x1421f</run_address>
         <size>0x4ab</size>
         <input_file_ref idref="fl-d6"/>
      </object_component>
      <object_component id="oc-3a0">
         <name>.debug_info</name>
         <load_address>0x146ca</load_address>
         <run_address>0x146ca</run_address>
         <size>0x14b</size>
         <input_file_ref idref="fl-d8"/>
      </object_component>
      <object_component id="oc-402">
         <name>.debug_info</name>
         <load_address>0x14815</load_address>
         <run_address>0x14815</run_address>
         <size>0x129</size>
         <input_file_ref idref="fl-d9"/>
      </object_component>
      <object_component id="oc-2e0">
         <name>.debug_info</name>
         <load_address>0x1493e</load_address>
         <run_address>0x1493e</run_address>
         <size>0x139</size>
         <input_file_ref idref="fl-da"/>
      </object_component>
      <object_component id="oc-2e5">
         <name>.debug_info</name>
         <load_address>0x14a77</load_address>
         <run_address>0x14a77</run_address>
         <size>0x139</size>
         <input_file_ref idref="fl-db"/>
      </object_component>
      <object_component id="oc-2cf">
         <name>.debug_info</name>
         <load_address>0x14bb0</load_address>
         <run_address>0x14bb0</run_address>
         <size>0x13d</size>
         <input_file_ref idref="fl-dd"/>
      </object_component>
      <object_component id="oc-2da">
         <name>.debug_info</name>
         <load_address>0x14ced</load_address>
         <run_address>0x14ced</run_address>
         <size>0x12b</size>
         <input_file_ref idref="fl-de"/>
      </object_component>
      <object_component id="oc-2c4">
         <name>.debug_info</name>
         <load_address>0x14e18</load_address>
         <run_address>0x14e18</run_address>
         <size>0x12b</size>
         <input_file_ref idref="fl-df"/>
      </object_component>
      <object_component id="oc-39">
         <name>.debug_info</name>
         <load_address>0x14f43</load_address>
         <run_address>0x14f43</run_address>
         <size>0x118</size>
         <input_file_ref idref="fl-e0"/>
      </object_component>
      <object_component id="oc-1b5">
         <name>.debug_info</name>
         <load_address>0x1505b</load_address>
         <run_address>0x1505b</run_address>
         <size>0x141</size>
         <input_file_ref idref="fl-e2"/>
      </object_component>
      <object_component id="oc-8b">
         <name>.debug_info</name>
[...]
      </symbol>
      <symbol id="sm-1aa">
         <name>calcgRes</name>
         <value>0x3d9</value>
         <object_component_ref idref="oc-113"/>
      </symbol>
      <symbol id="sm-1ab">
         <name>initMag</name>
         <value>0x7a5</value>
         <object_component_ref idref="oc-113"/>
      </symbol>
      <symbol id="sm-1ac">
         <name>mWriteByte</name>
         <value>0xda5</value>
         <object_component_ref idref="oc-113"/>
      </symbol>
      <symbol id="sm-1ad">
         <name>calcmRes</name>
         <value>0x415</value>
         <object_component_ref idref="oc-113"/>
      </symbol>
      <symbol id="sm-1ae">
         <name>initGyro</name>
         <value>0x489</value>
         <object_component_ref idref="oc-113"/>
      </symbol>
      <symbol id="sm-1af">
         <name>IMU_init</name>
         <value>0x2a5</value>
         <object_component_ref idref="oc-113"/>
      </symbol>
      <symbol id="sm-1b0">
         <name>calcMag</name>
         <value>0xa31</value>
         <object_component_ref idref="oc-113"/>
      </symbol>
      <symbol id="sm-1d4">
         <name>intToASCII</name>
         <value>0x1ebf</value>
         <object_component_ref idref="oc-fb"/>
      </symbol>
      <symbol id="sm-1d5">
         <name>printString</name>
         <value>0x1d79</value>
         <object_component_ref idref="oc-fb"/>
      </symbol>
      <symbol id="sm-1d6">
         <name>printInt</name>
         <value>0x1de3</value>
         <object_component_ref idref="oc-fb"/>
      </symbol>
      <symbol id="sm-1d7">
         <name>ConfigureBluetoothUART</name>
         <value>0x1d41</value>
         <object_component_ref idref="oc-fb"/>
      </symbol>
      <symbol id="sm-1d8">
         <name>printFloat</name>
         <value>0x1e35</value>
         <object_component_ref idref="oc-fb"/>
      </symbol>
      <symbol id="sm-1f0">
         <name>pulsesToDegrees</name>
         <value>0x2b95</value>
         <object_component_ref idref="oc-101"/>
      </symbol>
      <symbol id="sm-1f1">
         <name>ConfigureQEI</name>
         <value>0x2b05</value>
         <object_component_ref idref="oc-101"/>
      </symbol>
      <symbol id="sm-1f2">
         <name>ConfigureQEIVel</name>
         <value>0x2b79</value>
         <object_component_ref idref="oc-101"/>
      </symbol>
      <symbol id="sm-22d">
         <name>ConfigureESCSignal</name>
         <value>0x1aa5</value>
         <object_component_ref idref="oc-107"/>
      </symbol>
      <symbol id="sm-22e">
         <name>upFlag</name>
         <value>0x200004fc</value>
         <object_component_ref idref="oc-2a4"/>
      </symbol>
      <symbol id="sm-22f">
         <name>startESCSignal</name>
         <value>0x1ab3</value>
         <object_component_ref idref="oc-107"/>
      </symbol>
      <symbol id="sm-230">
         <name>pwmOut</name>
         <value>0x200004f8</value>
         <object_component_ref idref="oc-2a4"/>
      </symbol>
      <symbol id="sm-231">
         <name>flag</name>
         <value>0x20000500</value>
         <object_component_ref idref="oc-2a4"/>
      </symbol>
      <symbol id="sm-250">
         <name>PI</name>
         <value>0x385c</value>
         <object_component_ref idref="oc-2e8"/>
      </symbol>
      <symbol id="sm-251">
         <name>printQuaternion</name>
         <value>0x1635</value>
         <object_component_ref idref="oc-11f"/>
      </symbol>
      <symbol id="sm-27b">
         <name>ConfigureI2C</name>
         <value>0x1b01</value>
         <object_component_ref idref="oc-f5"/>
      </symbol>
      <symbol id="sm-27c">
         <name>I2C_Write</name>
         <value>0x1b47</value>
         <object_component_ref idref="oc-f5"/>
      </symbol>
      <symbol id="sm-27d">
         <name>I2C_Read</name>
         <value>0x1bfb</value>
         <object_component_ref idref="oc-f5"/>
      </symbol>
      <symbol id="sm-28b">
         <name>delayUs</name>
         <value>0x312f</value>
         <object_component_ref idref="oc-10d"/>
      </symbol>
      <symbol id="sm-28c">
         <name>delayMs</name>
         <value>0x3115</value>
         <object_component_ref idref="oc-10d"/>
      </symbol>
      <symbol id="sm-2fb">
         <name>UARTgetc</name>
         <value>0xff3</value>
         <object_component_ref idref="oc-dd"/>
      </symbol>
      <symbol id="sm-2fc">
         <name>UARTgets</name>
         <value>0xf39</value>
         <object_component_ref idref="oc-dd"/>
      </symbol>
      <symbol id="sm-2fd">
         <name>UARTStdioConfig</name>
         <value>0xead</value>
         <object_component_ref idref="oc-dd"/>
      </symbol>
      <symbol id="sm-2fe">
         <name>UARTwrite</name>
         <value>0xef3</value>
         <object_component_ref idref="oc-dd"/>
      </symbol>
      <symbol id="sm-2ff">
         <name>UARTprintf</name>
         <value>0x1313</value>
         <object_component_ref idref="oc-dd"/>
      </symbol>
      <symbol id="sm-300">
         <name>UARTvprintf</name>
         <value>0x1019</value>
         <object_component_ref idref="oc-dd"/>
      </symbol>
      <symbol id="sm-312">
         <name>FPULazyStackingEnable</name>
         <value>0x33d1</value>
         <object_component_ref idref="oc-e3"/>
      </symbol>
      <symbol id="sm-374">
         <name>GPIOPinTypePWM</name>
         <value>0x3375</value>
         <object_component_ref idref="oc-262"/>
      </symbol>
      <symbol id="sm-375">
         <name>GPIOPinConfigure</name>
         <value>0x2f91</value>
         <object_component_ref idref="oc-cb"/>
      </symbol>
      <symbol id="sm-376">
         <name>GPIOPinTypeI2CSCL</name>
         <value>0x3363</value>
         <object_component_ref idref="oc-1cd"/>
      </symbol>
      <symbol id="sm-377">
         <name>GPIOPinTypeI2C</name>
         <value>0x3351</value>
         <object_component_ref idref="oc-1d3"/>
      </symbol>
      <symbol id="sm-378">
         <name>GPIOPinTypeUART</name>
         <value>0x3399</value>
         <object_component_ref idref="oc-d1"/>
      </symbol>
      <symbol id="sm-379">
         <name>GPIOPinTypeGPIOOutput</name>
         <value>0x32f7</value>
         <object_component_ref idref="oc-ef"/>
      </symbol>
      <symbol id="sm-37a">
         <name>GPIODirModeSet</name>
         <value>0x324f</value>
         <object_component_ref idref="oc-17e"/>
      </symbol>
      <symbol id="sm-37b">
         <name>GPIOPinTypeQEI</name>
         <value>0x3387</value>
         <object_component_ref idref="oc-219"/>
      </symbol>
      <symbol id="sm-37c">
         <name>GPIOPinWrite</name>
         <value>0x34ed</value>
         <object_component_ref idref="oc-119"/>
      </symbol>
      <symbol id="sm-37d">
         <name>GPIOPadConfigSet</name>
         <value>0x26d3</value>
         <object_component_ref idref="oc-184"/>
      </symbol>
      <symbol id="sm-3be">
         <name>I2CMasterDataPut</name>
         <value>0x3507</value>
         <object_component_ref idref="oc-1f1"/>
      </symbol>
      <symbol id="sm-3bf">
         <name>I2CMasterInitExpClk</name>
         <value>0x2ef9</value>
         <object_component_ref idref="oc-1df"/>
      </symbol>
      <symbol id="sm-3c0">
         <name>I2CMasterSlaveAddrSet</name>
         <value>0x34d3</value>
         <object_component_ref idref="oc-1eb"/>
      </symbol>
      <symbol id="sm-3c1">
         <name>I2CMasterDataGet</name>
         <value>0x3503</value>
         <object_component_ref idref="oc-209"/>
      </symbol>
      <symbol id="sm-3c2">
         <name>I2CMasterControl</name>
         <value>0x34ff</value>
         <object_component_ref idref="oc-1fd"/>
      </symbol>
      <symbol id="sm-3c3">
         <name>I2CMasterBusy</name>
         <value>0x34cb</value>
         <object_component_ref idref="oc-1f7"/>
      </symbol>
      <symbol id="sm-3c4">
         <name>I2CMasterEnable</name>
         <value>0x347b</value>
         <object_component_ref idref="oc-346"/>
      </symbol>
      <symbol id="sm-40f">
         <name>IntEnable</name>
         <value>0x2d79</value>
         <object_component_ref idref="oc-298"/>
      </symbol>
      <symbol id="sm-410">
         <name>IntRegister</name>
         <value>0x3185</value>
         <object_component_ref idref="oc-383"/>
      </symbol>
      <symbol id="sm-411">
         <name>IntMasterDisable</name>
         <value>0x33e1</value>
         <object_component_ref idref="oc-1e5"/>
      </symbol>
      <symbol id="sm-412">
         <name>g_pfnRAMVectors</name>
         <value>0x20000000</value>
         <object_component_ref idref="oc-3f6"/>
      </symbol>
      <symbol id="sm-413">
         <name>IntMasterEnable</name>
         <value>0x33f1</value>
         <object_component_ref idref="oc-203"/>
      </symbol>
      <symbol id="sm-440">
         <name>PWMGenPeriodSet</name>
         <value>0x3401</value>
         <object_component_ref idref="oc-26e"/>
      </symbol>
      <symbol id="sm-441">
         <name>PWMPulseWidthSet</name>
         <value>0x32bd</value>
         <object_component_ref idref="oc-256"/>
      </symbol>
      <symbol id="sm-442">
         <name>PWMOutputState</name>
         <value>0x33ab</value>
         <object_component_ref idref="oc-27a"/>
      </symbol>
      <symbol id="sm-443">
         <name>PWMGenEnable</name>
         <value>0x3463</value>
         <object_component_ref idref="oc-274"/>
      </symbol>
      <symbol id="sm-444">
         <name>PWMGenConfigure</name>
         <value>0x3279</value>
         <object_component_ref idref="oc-268"/>
      </symbol>
      <symbol id="sm-481">
         <name>QEIVelocityConfigure</name>
         <value>0x3411</value>
         <object_component_ref idref="oc-23d"/>
      </symbol>
      <symbol id="sm-482">
         <name>QEIIntDisable</name>
         <value>0x3499</value>
         <object_component_ref idref="oc-225"/>
      </symbol>
      <symbol id="sm-483">
         <name>QEIDisable</name>
         <value>0x3485</value>
         <object_component_ref idref="oc-21f"/>
      </symbol>
      <symbol id="sm-484">
         <name>QEIEnable</name>
         <value>0x348f</value>
         <object_component_ref idref="oc-231"/>
      </symbol>
      <symbol id="sm-485">
         <name>QEIPositionSet</name>
         <value>0x350b</value>
         <object_component_ref idref="oc-237"/>
      </symbol>
      <symbol id="sm-486">
         <name>QEIVelocityEnable</name>
         <value>0x34a3</value>
         <object_component_ref idref="oc-243"/>
      </symbol>
      <symbol id="sm-487">
         <name>QEIConfigure</name>
         <value>0x3421</value>
         <object_component_ref idref="oc-22b"/>
      </symbol>
      <symbol id="sm-505">
         <name>SysCtlPeripheralPresent</name>
         <value>0x30a5</value>
         <object_component_ref idref="oc-18d"/>
      </symbol>
      <symbol id="sm-506">
         <name>SysCtlClockSet</name>
         <value>0x2a11</value>
         <object_component_ref idref="oc-e9"/>
      </symbol>
      <symbol id="sm-507">
         <name>SysCtlDelay</name>
         <value>0x34f3</value>
         <object_component_ref idref="oc-1c4"/>
      </symbol>
      <symbol id="sm-508">
         <name>SysCtlPeripheralEnable</name>
         <value>0x31b9</value>
         <object_component_ref idref="oc-c5"/>
      </symbol>
      <symbol id="sm-509">
         <name>SysCtlClockGet</name>
         <value>0x2805</value>
         <object_component_ref idref="oc-1d9"/>
      </symbol>
      <symbol id="sm-50a">
         <name>SysCtlPWMClockSet</name>
         <value>0x3329</value>
         <object_component_ref idref="oc-25c"/>
      </symbol>
      <symbol id="sm-50b">
         <name>SysCtlPeripheralReady</name>
         <value>0x30dd</value>
         <object_component_ref idref="oc-213"/>
      </symbol>
      <symbol id="sm-50c">
         <name>SysCtlPeripheralReset</name>
         <value>0x2ea9</value>
         <object_component_ref idref="oc-1c7"/>
      </symbol>
      <symbol id="sm-56f">
         <name>TimerLoadSet</name>
         <value>0x33bd</value>
         <object_component_ref idref="oc-286"/>
      </symbol>
      <symbol id="sm-570">
         <name>TimerIntRegister</name>
         <value>0x330f</value>
         <object_component_ref idref="oc-292"/>
      </symbol>
      <symbol id="sm-571">
         <name>TimerEnable</name>
         <value>0x342f</value>
         <object_component_ref idref="oc-28c"/>
      </symbol>
      <symbol id="sm-572">
         <name>TimerIntStatus</name>
         <value>0x34ad</value>
         <object_component_ref idref="oc-24a"/>
      </symbol>
      <symbol id="sm-573">
         <name>TimerIntEnable</name>
         <value>0x34db</value>
         <object_component_ref idref="oc-29e"/>
      </symbol>
      <symbol id="sm-574">
         <name>TimerConfigure</name>
         <value>0x2e49</value>
         <object_component_ref idref="oc-280"/>
      </symbol>
      <symbol id="sm-575">
         <name>TimerIntClear</name>
         <value>0x350f</value>
         <object_component_ref idref="oc-250"/>
      </symbol>
      <symbol id="sm-5b0">
         <name>UARTConfigSetExpClk</name>
         <value>0x2fd9</value>
         <object_component_ref idref="oc-193"/>
      </symbol>
      <symbol id="sm-5b1">
         <name>UARTDisable</name>
         <value>0x329d</value>
         <object_component_ref idref="oc-324"/>
      </symbol>
      <symbol id="sm-5b2">
         <name>UARTClockSourceSet</name>
         <value>0x34f9</value>
         <object_component_ref idref="oc-d7"/>
      </symbol>
      <symbol id="sm-5b3">
         <name>UARTCharPut</name>
         <value>0x34c1</value>
         <object_component_ref idref="oc-19f"/>
      </symbol>
      <symbol id="sm-5b4">
         <name>UARTEnable</name>
         <value>0x333d</value>
         <object_component_ref idref="oc-199"/>
      </symbol>
      <symbol id="sm-5b5">
         <name>UARTCharGet</name>
         <value>0x34b7</value>
         <object_component_ref idref="oc-1a5"/>
      </symbol>
      <symbol id="sm-5c7">
         <name>CPUcpsie</name>
         <value>0x3457</value>
         <object_component_ref idref="oc-359"/>
      </symbol>
      <symbol id="sm-5c8">
         <name>CPUcpsid</name>
         <value>0x344b</value>
         <object_component_ref idref="oc-34e"/>
      </symbol>
      <symbol id="sm-60a">
         <name>atan2</name>
         <value>0x1f3d</value>
         <object_component_ref idref="oc-2c8"/>
      </symbol>
      <symbol id="sm-60b">
         <name>atan2l</name>
         <value>0x1f3d</value>
         <object_component_ref idref="oc-2c8"/>
      </symbol>
      <symbol id="sm-62e">
         <name>sqrtl</name>
         <value>0x2445</value>
         <object_component_ref idref="oc-2d3"/>
      </symbol>
      <symbol id="sm-62f">
         <name>sqrt</name>
         <value>0x2445</value>
         <object_component_ref idref="oc-2d3"/>
      </symbol>
      <symbol id="sm-665">
         <name>atanl</name>
         <value>0x1349</value>
         <object_component_ref idref="oc-3a3"/>
      </symbol>
      <symbol id="sm-666">
         <name>atan</name>
         <value>0x1349</value>
         <object_component_ref idref="oc-3a3"/>
      </symbol>
      <symbol id="sm-67e">
         <name>__aeabi_dsub</name>
         <value>0x2115</value>
         <object_component_ref idref="oc-39e"/>
      </symbol>
      <symbol id="sm-67f">
         <name>__aeabi_dadd</name>
         <value>0x211f</value>
         <object_component_ref idref="oc-39e"/>
      </symbol>
      <symbol id="sm-691">
         <name>__aeabi_cdrcmple</name>
         <value>0x2c85</value>
         <object_component_ref idref="oc-3ff"/>
      </symbol>
      <symbol id="sm-6a5">
         <name>__aeabi_ddiv</name>
         <value>0x259d</value>
         <object_component_ref idref="oc-2de"/>
      </symbol>
      <symbol id="sm-6b0">
         <name>__aeabi_dmul</name>
         <value>0x2915</value>
         <object_component_ref idref="oc-2e3"/>
      </symbol>
      <symbol id="sm-6bd">
         <name>__aeabi_d2f</name>
         <value>0x2d0b</value>
         <object_component_ref idref="oc-2ce"/>
      </symbol>
      <symbol id="sm-6c8">
         <name>__aeabi_f2d</name>
         <value>0x314d</value>
         <object_component_ref idref="oc-2d9"/>
      </symbol>
      <symbol id="sm-6d2">
         <name>__aeabi_i2d</name>
         <value>0x3221</value>
         <object_component_ref idref="oc-2c3"/>
      </symbol>
      <symbol id="sm-6ed">
         <name>memcpy</name>
         <value>0x2be9</value>
         <object_component_ref idref="oc-38"/>
      </symbol>
      <symbol id="sm-6ee">
         <name>__aeabi_memcpy</name>
         <value>0x2be9</value>
         <object_component_ref idref="oc-38"/>
      </symbol>
      <symbol id="sm-6ef">
         <name>__aeabi_memcpy8</name>
         <value>0x2be9</value>
         <object_component_ref idref="oc-38"/>
      </symbol>
      <symbol id="sm-6f0">
         <name>__aeabi_memcpy4</name>
         <value>0x2be9</value>
         <object_component_ref idref="oc-38"/>
      </symbol>
      <symbol id="sm-700">
         <name>__aeabi_uidivmod</name>
         <value>0x3065</value>
         <object_component_ref idref="oc-1b4"/>
      </symbol>
      <symbol id="sm-701">
         <name>__aeabi_uidiv</name>
         <value>0x3065</value>
         <object_component_ref idref="oc-1b4"/>
      </symbol>
      <symbol id="sm-71a">
         <name>__TI_zero_init_nomemset</name>
         <value>0x32db</value>
         <object_component_ref idref="oc-44"/>
      </symbol>
      <symbol id="sm-731">
         <name>__TI_decompress_none</name>
         <value>0x343d</value>
         <object_component_ref idref="oc-18"/>
      </symbol>
      <symbol id="sm-754">
         <name>__TI_decompress_lzss</name>
         <value>0x2de1</value>
         <object_component_ref idref="oc-12"/>
      </symbol>
      <symbol id="sm-767">
         <name>__stack</name>
         <value>0x20000270</value>
         <object_component_ref idref="oc-21"/>
      </symbol>
      <symbol id="sm-768">
         <name>_c_int00_noargs</name>
         <value>0x31ed</value>
         <object_component_ref idref="oc-56"/>
      </symbol>
      <symbol id="sm-77e">
         <name>__aeabi_errno_addr</name>
         <value>0x34e5</value>
         <object_component_ref idref="oc-3b1"/>
      </symbol>
      <symbol id="sm-77f">
         <name>errno</name>
         <value>0x2000050c</value>
         <object_component_ref idref="oc-40f"/>
      </symbol>
      <symbol id="sm-78a">
         <name>__aeabi_idiv0</name>
         <value>0x22cb</value>
         <object_component_ref idref="oc-334"/>
      </symbol>
      <symbol id="sm-78b">
         <name>__aeabi_ldiv0</name>
         <value>0x22cb</value>
         <object_component_ref idref="oc-334"/>
      </symbol>
      <symbol id="sm-7b4">
         <name>__TI_auto_init_nobinit_nopinit</name>
         <value>0x3021</value>
         <object_component_ref idref="oc-13e"/>
      </symbol>
      <symbol id="sm-7be">
         <name>_system_pre_init</name>
         <value>0x3513</value>
         <object_component_ref idref="oc-92"/>
      </symbol>
      <symbol id="sm-7ca">
         <name>C$$EXIT</name>
         <value>0x3517</value>
         <object_component_ref idref="oc-132"/>
      </symbol>
      <symbol id="sm-7cb">
         <name>abort</name>
         <value>0x3517</value>
         <object_component_ref idref="oc-132"/>
      </symbol>
      <symbol id="sm-7ce">
         <name>__TI_static_base__</name>
         <value>0x0</value>
      </symbol>
      <symbol id="sm-7d1">
         <name>__mpu_init</name>
         <value>0x0</value>
      </symbol>
      <symbol id="sm-7d2">
         <name>_system_post_cinit</name>
         <value>0x0</value>
      </symbol>
   </symbol_table>
   <title>Link successful</title>
</link_info>
