******************************************************************************
                  TI ARM Linker Unix v18.12.4                  
******************************************************************************
>> Linked Sun Sep 27 10:07:45 2020

OUTPUT FILE NAME:   <bmx_fall_2020.out>
ENTRY POINT SYMBOL: "_c_int00_noargs"  address: 00002435


MEMORY CONFIGURATION

         name            origin    length      used     unused   attr    fill
----------------------  --------  ---------  --------  --------  ----  --------
  FLASH                 00000000   00040000  00002a28  0003d5d8  R  X
  SRAM                  20000000   00008000  00000505  00007afb  RW X


SEGMENT ALLOCATION MAP

run origin  load origin   length   init length attrs members
----------  ----------- ---------- ----------- ----- -------
00000000    00000000    00002a28   00002a28    r-x
  00000000    00000000    0000026c   0000026c    r-- .intvecs
  0000026c    0000026c    000024bc   000024bc    r-x .text
  00002728    00002728    000002a8   000002a8    r-- .const
  000029d0    000029d0    00000058   00000058    r-- .cinit
20000000    20000000    00000509   00000000    rw-
  20000000    20000000    0000026c   00000000    rw- .vtable
  20000270    20000270    00000200   00000000    rw- .stack
  20000470    20000470    00000078   00000000    rw- .bss
  200004e8    200004e8    00000021   00000000    rw- .data


SECTION ALLOCATION MAP

 output                                  attributes/
section   page    origin      length       input sections
--------  ----  ----------  ----------   ----------------
.intvecs   0    00000000    0000026c     
                  00000000    0000026c     tm4c123gh6pm_startup_ccs.obj (.intvecs)

.text      0    0000026c    000024bc     
                  0000026c    00000c40     lsm9ds1.obj (.text)
                  00000eac    0000049c     uartstdio.obj (.text)
                  00001348    00000260     bmx_esc.obj (.text)
                  000015a8    00000240     i2c.obj (.text)
                  000017e8    000001d0     bmx_bluetooth.obj (.text)
                  000019b8    00000188     main.obj (.text)
                  00001b40    00000132     driverlib.lib : gpio.obj (.text:GPIOPadConfigSet)
                  00001c72    00000002     rtsv7M4_T_le_v4SPD16_eabi.lib : div0.asm.obj (.text)
                  00001c74    00000110     driverlib.lib : sysctl.obj (.text:SysCtlClockGet)
                  00001d84    000000f4                   : sysctl.obj (.text:SysCtlClockSet)
                  00001e78    000000e4     bmx_encoder.obj (.text)
                  00001f5c    0000009c     rtsv7M4_T_le_v4SPD16_eabi.lib : memcpy_t2.asm.obj (.text)
                  00001ff8    00000068     driverlib.lib : interrupt.obj (.text:IntEnable)
                  00002060    00000068     rtsv7M4_T_le_v4SPD16_eabi.lib : copy_decompress_lzss.c.obj (.text:decompress:lzss:__TI_decompress_lzss)
                  000020c8    00000060     driverlib.lib : timer.obj (.text:TimerConfigure)
                  00002128    00000050                   : sysctl.obj (.text:SysCtlPeripheralReset)
                  00002178    0000004c                   : i2c.obj (.text:I2CMasterInitExpClk)
                  000021c4    0000004c                   : timer.obj (.text:_TimerIntNumberGet)
                  00002210    00000048                   : gpio.obj (.text:GPIOPinConfigure)
                  00002258    00000046                   : uart.obj (.text:UARTConfigSetExpClk)
                  0000229e    00000002     --HOLE-- [fill = 0]
                  000022a0    00000044     rtsv7M4_T_le_v4SPD16_eabi.lib : autoinit.c.obj (.text:__TI_auto_init_nobinit_nopinit:__TI_auto_init_nobinit_nopinit)
                  000022e4    00000040                                   : u_divt2.asm.obj (.text)
                  00002324    00000038     driverlib.lib : sysctl.obj (.text:SysCtlPeripheralPresent)
                  0000235c    00000038                   : sysctl.obj (.text:SysCtlPeripheralReady)
                  00002394    00000038     delay.obj (.text)
                  000023cc    00000034     driverlib.lib : interrupt.obj (.text:IntRegister)
                  00002400    00000034                   : sysctl.obj (.text:SysCtlPeripheralEnable)
                  00002434    00000034     rtsv7M4_T_le_v4SPD16_eabi.lib : boot_cortex_m.c.obj (.text:_c_int00_noargs:_c_int00_noargs)
                  00002468    0000002a     driverlib.lib : gpio.obj (.text:GPIODirModeSet)
                  00002492    00000022                   : pwm.obj (.text:PWMGenConfigure)
                  000024b4    00000020                   : uart.obj (.text:UARTDisable)
                  000024d4    0000001e                   : pwm.obj (.text:PWMPulseWidthSet)
                  000024f2    0000001c     rtsv7M4_T_le_v4SPD16_eabi.lib : copy_zero_init.c.obj (.text:decompress:ZI:__TI_zero_init_nomemset:__TI_zero_init_nomemset)
                  0000250e    00000018     driverlib.lib : gpio.obj (.text:GPIOPinTypeGPIOOutput)
                  00002526    00000018                   : timer.obj (.text:TimerIntRegister)
                  0000253e    00000002     --HOLE-- [fill = 0]
                  00002540    00000014                   : sysctl.obj (.text:SysCtlPWMClockSet)
                  00002554    00000014                   : uart.obj (.text:UARTEnable)
                  00002568    00000012                   : gpio.obj (.text:GPIOPinTypeI2C)
                  0000257a    00000012                   : gpio.obj (.text:GPIOPinTypeI2CSCL)
                  0000258c    00000012                   : gpio.obj (.text:GPIOPinTypePWM)
                  0000259e    00000012                   : gpio.obj (.text:GPIOPinTypeQEI)
                  000025b0    00000012                   : gpio.obj (.text:GPIOPinTypeUART)
                  000025c2    00000012                   : pwm.obj (.text:PWMOutputState)
                  000025d4    00000012                   : timer.obj (.text:TimerLoadSet)
                  000025e6    00000002     --HOLE-- [fill = 0]
                  000025e8    00000010                   : fpu.obj (.text:FPULazyStackingEnable)
                  000025f8    00000010                   : interrupt.obj (.text:IntMasterDisable)
                  00002608    00000010                   : interrupt.obj (.text:IntMasterEnable)
                  00002618    00000010                   : pwm.obj (.text:PWMGenPeriodSet)
                  00002628    00000010                   : qei.obj (.text:QEIVelocityConfigure)
                  00002638    0000000e                   : qei.obj (.text:QEIConfigure)
                  00002646    0000000e                   : timer.obj (.text:TimerEnable)
                  00002654    0000000e     rtsv7M4_T_le_v4SPD16_eabi.lib : copy_decompress_none.c.obj (.text:decompress:none:__TI_decompress_none)
                  00002662    0000000c     driverlib.lib : cpu.obj (.text:CPUcpsid)
                  0000266e    0000000c                   : cpu.obj (.text:CPUcpsie)
                  0000267a    0000000c                   : pwm.obj (.text:PWMGenEnable)
                  00002686    0000000c     tm4c123gh6pm_startup_ccs.obj (.text)
                  00002692    0000000a     driverlib.lib : i2c.obj (.text:I2CMasterEnable)
                  0000269c    0000000a                   : qei.obj (.text:QEIDisable)
                  000026a6    0000000a                   : qei.obj (.text:QEIEnable)
                  000026b0    0000000a                   : qei.obj (.text:QEIIntDisable)
                  000026ba    0000000a                   : qei.obj (.text:QEIVelocityEnable)
                  000026c4    0000000a                   : timer.obj (.text:TimerIntStatus)
                  000026ce    0000000a                   : uart.obj (.text:UARTCharGet)
                  000026d8    0000000a                   : uart.obj (.text:UARTCharPut)
                  000026e2    00000008                   : i2c.obj (.text:I2CMasterBusy)
                  000026ea    00000008                   : i2c.obj (.text:I2CMasterSlaveAddrSet)
                  000026f2    00000008                   : timer.obj (.text:TimerIntEnable)
                  000026fa    00000006                   : gpio.obj (.text:GPIOPinWrite)
                  00002700    00000006                   : sysctl.obj (.text:SysCtlDelay)
                  00002706    00000006                   : uart.obj (.text:UARTClockSourceSet)
                  0000270c    00000004                   : i2c.obj (.text:I2CMasterControl)
                  00002710    00000004                   : i2c.obj (.text:I2CMasterDataGet)
                  00002714    00000004                   : i2c.obj (.text:I2CMasterDataPut)
                  00002718    00000004                   : qei.obj (.text:QEIPositionSet)
                  0000271c    00000004                   : timer.obj (.text:TimerIntClear)
                  00002720    00000004     rtsv7M4_T_le_v4SPD16_eabi.lib : pre_init.c.obj (.text:_system_pre_init)
                  00002724    00000004                                   : exit.c.obj (.text:abort:abort)

.const     0    00002728    000002a8     
                  00002728    00000090     driverlib.lib : gpio.obj (.const:g_pui32GPIOBaseAddrs)
                  000027b8    00000070                   : interrupt.obj (.const)
                  00002828    0000006c                   : sysctl.obj (.const:g_pui32Xtals)
                  00002894    00000060                   : timer.obj (.const:g_ppui32TimerIntMap)
                  000028f4    00000040                   : timer.obj (.const:g_ppui32TimerIntMapSnowflake)
                  00002934    00000020     main.obj (.const:.string:$P$T3$4)
                  00002954    0000001b     main.obj (.const:.string:$P$T2$3)
                  0000296f    00000019     main.obj (.const:.string:$P$T1$2)
                  00002988    00000018     main.obj (.const:.string:$P$T0$1)
                  000029a0    00000012     uartstdio.obj (.const:.string)
                  000029b2    00000002     --HOLE-- [fill = 0]
                  000029b4    0000000c     uartstdio.obj (.const:g_ui32UARTBase)
                  000029c0    0000000c     uartstdio.obj (.const:g_ui32UARTPeriph)
                  000029cc    00000004     uartstdio.obj (.const)

.cinit     0    000029d0    00000058     
                  000029d0    0000001d     (.cinit..data.load) [load image, compression = lzss]
                  000029ed    00000003     --HOLE-- [fill = 0]
                  000029f0    0000000c     (__TI_handler_table)
                  000029fc    00000004     --HOLE-- [fill = 0]
                  00002a00    00000008     (.cinit..bss.load) [load image, compression = zero_init]
                  00002a08    00000008     (.cinit..vtable.load) [load image, compression = zero_init]
                  00002a10    00000018     (__TI_cinit_table)

.init_array 
*          0    00000000    00000000     UNINITIALIZED

.vtable    0    20000000    0000026c     UNINITIALIZED
                  20000000    0000026c     driverlib.lib : interrupt.obj (.vtable)

.bss       0    20000470    00000078     UNINITIALIZED
                  20000470    00000012     (.common:gyro)
                  20000482    00000002     (.common:gx)
                  20000484    0000000c     (.common:aBias)
                  20000490    0000000c     (.common:gBias)
                  2000049c    0000000c     (.common:mBias)
                  200004a8    00000009     (.common:accel)
                  200004b1    00000001     (.common:temp)
                  200004b2    00000008     (.common:aBiasRaw)
                  200004ba    00000008     (.common:gBiasRaw)
                  200004c2    00000008     (.common:mBiasRaw)
                  200004ca    00000008     (.common:mag)
                  200004d2    00000002     (.common:gy)
                  200004d4    00000004     (.common:aRes)
                  200004d8    00000004     (.common:gRes)
                  200004dc    00000004     (.common:mRes)
                  200004e0    00000003     (.common:device)
                  200004e3    00000001     --HOLE--
                  200004e4    00000002     (.common:gz)
                  200004e6    00000002     (.common:temperature)

.data      0    200004e8    00000021     UNINITIALIZED
                  200004e8    00000010     lsm9ds1.obj (.data:magSensitivity)
                  200004f8    0000000c     bmx_esc.obj (.data)
                  20000504    00000005     uartstdio.obj (.data)

.stack     0    20000270    00000200     UNINITIALIZED
                  20000270    00000004     rtsv7M4_T_le_v4SPD16_eabi.lib : boot_cortex_m.c.obj (.stack)
                  20000274    000001fc     --HOLE--

MODULE SUMMARY

       Module                         code   ro data   rw data
       ------                         ----   -------   -------
    ./
       tm4c123gh6pm_startup_ccs.obj   12     620       0      
       main.obj                       392    108       0      
    +--+------------------------------+------+---------+---------+
       Total:                         404    728       0      
                                                              
    ./drivers/lsm9ds1/
       lsm9ds1.obj                    3136   0         135    
    +--+------------------------------+------+---------+---------+
       Total:                         3136   0         135    
                                                              
    ./libraries/bmx_bluetooth/
       bmx_bluetooth.obj              464    0         0      
    +--+------------------------------+------+---------+---------+
       Total:                         464    0         0      
                                                              
    ./libraries/bmx_encoder/
       bmx_encoder.obj                228    0         0      
    +--+------------------------------+------+---------+---------+
       Total:                         228    0         0      
                                                              
    ./libraries/bmx_esc/
       bmx_esc.obj                    608    0         12     
    +--+------------------------------+------+---------+---------+
       Total:                         608    0         12     
                                                              
    ./libraries/bmx_imu/
       i2c.obj                        576    0         0      
    +--+------------------------------+------+---------+---------+
       Total:                         576    0         0      
                                                              
    ./libraries/bmx_util/
       delay.obj                      56     0         0      
    +--+------------------------------+------+---------+---------+
       Total:                         56     0         0      
                                                              
    ./libraries/uartsdio/
       uartstdio.obj                  1180   46        5      
    +--+------------------------------+------+---------+---------+
       Total:                         1180   46        5      
                                                              
    /home/alealfaro/Embedded/tivaware/driverlib/ccs/Debug/driverlib.lib
       interrupt.obj                  188    112       620    
       sysctl.obj                     786    108       0      
       gpio.obj                       540    144       0      
       timer.obj                      250    160       0      
       uart.obj                       148    0         0      
       i2c.obj                        114    0         0      
       pwm.obj                        110    0         0      
       qei.obj                        74     0         0      
       cpu.obj                        24     0         0      
       fpu.obj                        16     0         0      
    +--+------------------------------+------+---------+---------+
       Total:                         2250   524       620    
                                                              
    /home/alealfaro/ti/ccs930/ccs/tools/compiler/ti-cgt-arm_18.12.4.LTS/lib/rtsv7M4_T_le_v4SPD16_eabi.lib
       memcpy_t2.asm.obj              156    0         0      
       copy_decompress_lzss.c.obj     104    0         0      
       autoinit.c.obj                 68     0         0      
       u_divt2.asm.obj                64     0         0      
       boot_cortex_m.c.obj            52     0         0      
       copy_zero_init.c.obj           28     0         0      
       copy_decompress_none.c.obj     14     0         0      
       exit.c.obj                     4      0         0      
       pre_init.c.obj                 4      0         0      
       div0.asm.obj                   2      0         0      
    +--+------------------------------+------+---------+---------+
       Total:                         496    0         0      
                                                              
       Stack:                         0      0         512    
       Linker Generated:              0      81        0      
    +--+------------------------------+------+---------+---------+
       Grand Total:                   9398   1379      1284   


LINKER GENERATED COPY TABLES

__TI_cinit_table @ 00002a10 records: 3, size/record: 8, table size: 24
	.data: load addr=000029d0, load size=0000001d bytes, run addr=200004e8, run size=00000021 bytes, compression=lzss
	.bss: load addr=00002a00, load size=00000008 bytes, run addr=20000470, run size=00000078 bytes, compression=zero_init
	.vtable: load addr=00002a08, load size=00000008 bytes, run addr=20000000, run size=0000026c bytes, compression=zero_init


LINKER GENERATED HANDLER TABLE

__TI_handler_table @ 000029f0 records: 3, size/record: 4, table size: 12
	index: 0, handler: __TI_zero_init
	index: 1, handler: __TI_decompress_lzss
	index: 2, handler: __TI_decompress_none


GLOBAL SYMBOLS: SORTED ALPHABETICALLY BY Name 

address   name                          
-------   ----                          
00002725  C$$EXIT                       
00002663  CPUcpsid                      
0000266f  CPUcpsie                      
000017e9  ConfigureBluetoothUART        
0000154d  ConfigureESCSignal            
000015a9  ConfigureI2C                  
00001e79  ConfigureQEI                  
00001eed  ConfigureQEIVel               
000019b9  ConfigureUART                 
000025e9  FPULazyStackingEnable         
00002469  GPIODirModeSet                
00001b41  GPIOPadConfigSet              
00002211  GPIOPinConfigure              
0000250f  GPIOPinTypeGPIOOutput         
00002569  GPIOPinTypeI2C                
0000257b  GPIOPinTypeI2CSCL             
0000258d  GPIOPinTypePWM                
0000259f  GPIOPinTypeQEI                
000025b1  GPIOPinTypeUART               
000026fb  GPIOPinWrite                  
000026e3  I2CMasterBusy                 
0000270d  I2CMasterControl              
00002711  I2CMasterDataGet              
00002715  I2CMasterDataPut              
00002693  I2CMasterEnable               
00002179  I2CMasterInitExpClk           
000026eb  I2CMasterSlaveAddrSet         
000016a3  I2C_Read                      
000015ef  I2C_Write                     
000002a5  IMU_init                      
0000026d  IMU_readWHOAMI_AG             
00000289  IMU_readWHOAMI_M              
000019f5  InitializeTiva                
00001ff9  IntEnable                     
000025f9  IntMasterDisable              
00002609  IntMasterEnable               
000023cd  IntRegister                   
00000457  LSM9DS1_begin                 
00002493  PWMGenConfigure               
0000267b  PWMGenEnable                  
00002619  PWMGenPeriodSet               
000025c3  PWMOutputState                
000024d5  PWMPulseWidthSet              
00002639  QEIConfigure                  
0000269d  QEIDisable                    
000026a7  QEIEnable                     
000026b1  QEIIntDisable                 
00002719  QEIPositionSet                
00002629  QEIVelocityConfigure          
000026bb  QEIVelocityEnable             
00002687  ResetISR                      
00001c75  SysCtlClockGet                
00001d85  SysCtlClockSet                
00002701  SysCtlDelay                   
00002541  SysCtlPWMClockSet             
00002401  SysCtlPeripheralEnable        
00002325  SysCtlPeripheralPresent       
0000235d  SysCtlPeripheralReady         
00002129  SysCtlPeripheralReset         
000020c9  TimerConfigure                
00002647  TimerEnable                   
0000271d  TimerIntClear                 
000026f3  TimerIntEnable                
00002527  TimerIntRegister              
000026c5  TimerIntStatus                
000025d5  TimerLoadSet                  
000026cf  UARTCharGet                   
000026d9  UARTCharPut                   
00002707  UARTClockSourceSet            
00002259  UARTConfigSetExpClk           
000024b5  UARTDisable                   
00002555  UARTEnable                    
00000ead  UARTStdioConfig               
00000ff3  UARTgetc                      
00000f39  UARTgets                      
00001313  UARTprintf                    
00001019  UARTvprintf                   
00000ef3  UARTwrite                     
20000470  __STACK_END                   
00000200  __STACK_SIZE                  
20000470  __STACK_TOP                   
00002a10  __TI_CINIT_Base               
00002a28  __TI_CINIT_Limit              
000029f0  __TI_Handler_Table_Base       
000029fc  __TI_Handler_Table_Limit      
000022a1  __TI_auto_init_nobinit_nopinit
00002061  __TI_decompress_lzss          
00002655  __TI_decompress_none          
ffffffff  __TI_pprof_out_hndl           
ffffffff  __TI_prof_data_size           
ffffffff  __TI_prof_data_start          
00000000  __TI_static_base__            
000024f3  __TI_zero_init_nomemset       
00001c73  __aeabi_idiv0                 
00001c73  __aeabi_ldiv0                 
00001f5d  __aeabi_memcpy                
00001f5d  __aeabi_memcpy4               
00001f5d  __aeabi_memcpy8               
000022e5  __aeabi_uidiv                 
000022e5  __aeabi_uidivmod              
ffffffff  __binit__                     
ffffffff  __c_args__                    
UNDEFED   __mpu_init                    
20000270  __stack                       
00002435  _c_int00_noargs               
UNDEFED   _system_post_cinit            
00002721  _system_pre_init              
20000484  aBias                         
200004b2  aBiasRaw                      
200004d4  aRes                          
00002725  abort                         
200004a8  accel                         
000008a1  accelAvailable                
ffffffff  binit                         
00000a05  calcAccel                     
000009db  calcGyro                      
00000a31  calcMag                       
000003f7  calcaRes                      
000003d9  calcgRes                      
00000415  calcmRes                      
00000d05  constrainScales               
00002395  delayMs                       
000023af  delayUs                       
200004e0  device                        
20000500  flag                          
20000490  gBias                         
200004ba  gBiasRaw                      
200004d8  gRes                          
20000000  g_pfnRAMVectors               
00000000  g_pfnVectors                  
20000482  gx                            
200004d2  gy                            
20000470  gyro                          
000008b7  gyroAvailable                 
200004e4  gz                            
00000695  initAccel                     
00000489  initGyro                      
000007a5  initMag                       
00001967  intToASCII                    
2000049c  mBias                         
200004c2  mBiasRaw                      
00000e35  mReadByte                     
00000e61  mReadBytes                    
200004dc  mRes                          
00000da5  mWriteByte                    
200004ca  mag                           
200004e8  magSensitivity                
00001a31  main                          
00001f5d  memcpy                        
000018dd  printFloat                    
0000188b  printInt                      
00001821  printString                   
00001f09  pulsesToDegrees               
200004f8  pwmOut                        
000008e7  readAccel                     
0000099d  readGyro                      
00000931  readMag                       
0000097b  readTemp                      
00000c53  setAccelODR                   
00000ae9  setAccelScale                 
00000c01  setGyroODR                    
00000a61  setGyroScale                  
00000ca5  setMagODR                     
00000b7d  setMagScale                   
0000155b  startESCSignal                
200004b1  temp                          
000008cf  tempAvailable                 
200004e6  temperature                   
200004fc  upFlag                        
00000dcf  xgReadByte                    
00000dfb  xgReadBytes                   
00000d79  xgWriteByte                   


GLOBAL SYMBOLS: SORTED BY Symbol Address 

address   name                          
-------   ----                          
00000000  __TI_static_base__            
00000000  g_pfnVectors                  
00000200  __STACK_SIZE                  
0000026d  IMU_readWHOAMI_AG             
00000289  IMU_readWHOAMI_M              
000002a5  IMU_init                      
000003d9  calcgRes                      
000003f7  calcaRes                      
00000415  calcmRes                      
00000457  LSM9DS1_begin                 
00000489  initGyro                      
00000695  initAccel                     
000007a5  initMag                       
000008a1  accelAvailable                
000008b7  gyroAvailable                 
000008cf  tempAvailable                 
000008e7  readAccel                     
00000931  readMag                       
0000097b  readTemp                      
0000099d  readGyro                      
000009db  calcGyro                      
00000a05  calcAccel                     
00000a31  calcMag                       
00000a61  setGyroScale                  
00000ae9  setAccelScale                 
00000b7d  setMagScale                   
00000c01  setGyroODR                    
00000c53  setAccelODR                   
00000ca5  setMagODR                     
00000d05  constrainScales               
00000d79  xgWriteByte                   
00000da5  mWriteByte                    
00000dcf  xgReadByte                    
00000dfb  xgReadBytes                   
00000e35  mReadByte                     
00000e61  mReadBytes                    
00000ead  UARTStdioConfig               
00000ef3  UARTwrite                     
00000f39  UARTgets                      
00000ff3  UARTgetc                      
00001019  UARTvprintf                   
00001313  UARTprintf                    
0000154d  ConfigureESCSignal            
0000155b  startESCSignal                
000015a9  ConfigureI2C                  
000015ef  I2C_Write                     
000016a3  I2C_Read                      
000017e9  ConfigureBluetoothUART        
00001821  printString                   
0000188b  printInt                      
000018dd  printFloat                    
00001967  intToASCII                    
000019b9  ConfigureUART                 
000019f5  InitializeTiva                
00001a31  main                          
00001b41  GPIOPadConfigSet              
00001c73  __aeabi_idiv0                 
00001c73  __aeabi_ldiv0                 
00001c75  SysCtlClockGet                
00001d85  SysCtlClockSet                
00001e79  ConfigureQEI                  
00001eed  ConfigureQEIVel               
00001f09  pulsesToDegrees               
00001f5d  __aeabi_memcpy                
00001f5d  __aeabi_memcpy4               
00001f5d  __aeabi_memcpy8               
00001f5d  memcpy                        
00001ff9  IntEnable                     
00002061  __TI_decompress_lzss          
000020c9  TimerConfigure                
00002129  SysCtlPeripheralReset         
00002179  I2CMasterInitExpClk           
00002211  GPIOPinConfigure              
00002259  UARTConfigSetExpClk           
000022a1  __TI_auto_init_nobinit_nopinit
000022e5  __aeabi_uidiv                 
000022e5  __aeabi_uidivmod              
00002325  SysCtlPeripheralPresent       
0000235d  SysCtlPeripheralReady         
00002395  delayMs                       
000023af  delayUs                       
000023cd  IntRegister                   
00002401  SysCtlPeripheralEnable        
00002435  _c_int00_noargs               
00002469  GPIODirModeSet                
00002493  PWMGenConfigure               
000024b5  UARTDisable                   
000024d5  PWMPulseWidthSet              
000024f3  __TI_zero_init_nomemset       
0000250f  GPIOPinTypeGPIOOutput         
00002527  TimerIntRegister              
00002541  SysCtlPWMClockSet             
00002555  UARTEnable                    
00002569  GPIOPinTypeI2C                
0000257b  GPIOPinTypeI2CSCL             
0000258d  GPIOPinTypePWM                
0000259f  GPIOPinTypeQEI                
000025b1  GPIOPinTypeUART               
000025c3  PWMOutputState                
000025d5  TimerLoadSet                  
000025e9  FPULazyStackingEnable         
000025f9  IntMasterDisable              
00002609  IntMasterEnable               
00002619  PWMGenPeriodSet               
00002629  QEIVelocityConfigure          
00002639  QEIConfigure                  
00002647  TimerEnable                   
00002655  __TI_decompress_none          
00002663  CPUcpsid                      
0000266f  CPUcpsie                      
0000267b  PWMGenEnable                  
00002687  ResetISR                      
00002693  I2CMasterEnable               
0000269d  QEIDisable                    
000026a7  QEIEnable                     
000026b1  QEIIntDisable                 
000026bb  QEIVelocityEnable             
000026c5  TimerIntStatus                
000026cf  UARTCharGet                   
000026d9  UARTCharPut                   
000026e3  I2CMasterBusy                 
000026eb  I2CMasterSlaveAddrSet         
000026f3  TimerIntEnable                
000026fb  GPIOPinWrite                  
00002701  SysCtlDelay                   
00002707  UARTClockSourceSet            
0000270d  I2CMasterControl              
00002711  I2CMasterDataGet              
00002715  I2CMasterDataPut              
00002719  QEIPositionSet                
0000271d  TimerIntClear                 
00002721  _system_pre_init              
00002725  C$$EXIT                       
00002725  abort                         
000029f0  __TI_Handler_Table_Base       
000029fc  __TI_Handler_Table_Limit      
00002a10  __TI_CINIT_Base               
00002a28  __TI_CINIT_Limit              
20000000  g_pfnRAMVectors               
20000270  __stack                       
20000470  __STACK_END                   
20000470  __STACK_TOP                   
20000470  gyro                          
20000482  gx                            
20000484  aBias                         
20000490  gBias                         
2000049c  mBias                         
200004a8  accel                         
200004b1  temp                          
200004b2  aBiasRaw                      
200004ba  gBiasRaw                      
200004c2  mBiasRaw                      
200004ca  mag                           
200004d2  gy                            
200004d4  aRes                          
200004d8  gRes                          
200004dc  mRes                          
200004e0  device                        
200004e4  gz                            
200004e6  temperature                   
200004e8  magSensitivity                
200004f8  pwmOut                        
200004fc  upFlag                        
20000500  flag                          
ffffffff  __TI_pprof_out_hndl           
ffffffff  __TI_prof_data_size           
ffffffff  __TI_prof_data_start          
ffffffff  __binit__                     
ffffffff  __c_args__                    
ffffffff  binit                         
UNDEFED   __mpu_init                    
UNDEFED   _system_post_cinit            

[172 symbols]
